Running on host x3002c0s13b1mg0
Time is Fri 27 Jun 2025 12:48:43 PM UTC
Slurm job ID is 15692
config files: ['/mnt/imslowfast/configs/species_classification/test/mvit/MVIT_B_16x4_OFFSET_F=32_TEST.yaml']
[06/27 12:49:15][INFO] test_net.py:  276: Test with config:
[06/27 12:49:15][INFO] test_net.py:  277: AUG:
  AA_TYPE: rand-m7-n4-mstd0.5-inc1
  COLOR_JITTER: 0.4
  ENABLE: False
  GEN_MASK_LOADER: False
  INTERPOLATION: bicubic
  MANIFOLD_MIXUP: False
  MANIFOLD_MIXUP_ALPHA: 1.0
  MANIFOLD_MIXUP_CLASS_FREQUENCIES: 
  MANIFOLD_MIXUP_PAIRS: False
  MANIFOLD_MIXUP_TRIPLETS: False
  MASK_FRAMES: False
  MASK_RATIO: 0.0
  MASK_TUBE: False
  MASK_WINDOW_SIZE: [8, 7, 7]
  MAX_MASK_PATCHES_PER_BLOCK: None
  NUM_SAMPLE: 1
  RE_COUNT: 1
  RE_MODE: pixel
  RE_PROB: 0.25
  RE_SPLIT: False
AVA:
  ANNOTATION_DIR: /mnt/vol/gfsai-flash3-east/ai-group/users/haoqifan/ava/frame_list/
  BGR: False
  DETECTION_SCORE_THRESH: 0.9
  EXCLUSION_FILE: ava_val_excluded_timestamps_v2.2.csv
  FRAME_DIR: /mnt/fair-flash3-east/ava_trainval_frames.img/
  FRAME_LIST_DIR: /mnt/vol/gfsai-flash3-east/ai-group/users/haoqifan/ava/frame_list/
  FULL_TEST_ON_VAL: False
  GROUNDTRUTH_FILE: ava_val_v2.2.csv
  IMG_PROC_BACKEND: cv2
  LABEL_MAP_FILE: ava_action_list_v2.2_for_activitynet_2019.pbtxt
  TEST_FORCE_FLIP: False
  TEST_LISTS: ['val.csv']
  TEST_PREDICT_BOX_LISTS: ['ava_val_predicted_boxes.csv']
  TRAIN_GT_BOX_LISTS: ['ava_train_v2.2.csv']
  TRAIN_LISTS: ['train.csv']
  TRAIN_PCA_JITTER_ONLY: True
  TRAIN_PREDICT_BOX_LISTS: []
  TRAIN_USE_COLOR_AUGMENTATION: False
BENCHMARK:
  LOG_PERIOD: 100
  NUM_EPOCHS: 5
  SHUFFLE: True
BN:
  GLOBAL_SYNC: False
  NORM_TYPE: batchnorm
  NUM_BATCHES_PRECISE: 200
  NUM_SPLITS: 1
  NUM_SYNC_DEVICES: 1
  USE_PRECISE_STATS: False
  WEIGHT_DECAY: 0.0
CONTRASTIVE:
  BN_MLP: False
  BN_SYNC_MLP: False
  DELTA_CLIPS_MAX: inf
  DELTA_CLIPS_MIN: -inf
  DIM: 128
  INTERP_MEMORY: False
  KNN_ON: True
  LENGTH: 239975
  LOCAL_SHUFFLE_BN: True
  MEM_TYPE: 1d
  MLP_DIM: 2048
  MOCO_MULTI_VIEW_QUEUE: False
  MOMENTUM: 0.5
  MOMENTUM_ANNEALING: False
  NUM_CLASSES_DOWNSTREAM: 400
  NUM_MLP_LAYERS: 1
  PREDICTOR_DEPTHS: []
  QUEUE_LEN: 65536
  SEQUENTIAL: False
  SIMCLR_DIST_ON: True
  SWAV_QEUE_LEN: 0
  T: 0.07
  TYPE: mem
DATA:
  COLOR_RND_GRAYSCALE: 0.0
  DECODING_BACKEND: torchvision
  DECODING_SHORT_SIZE: 256
  DUMMY_LOAD: False
  ENSEMBLE_METHOD: sum
  IN22K_TRAINVAL: False
  IN22k_VAL_IN1K: 
  INPUT_CHANNEL_NUM: [3]
  INV_UNIFORM_SAMPLE: False
  IN_VAL_CROP_RATIO: 0.875
  LOADER_CHUNK_OVERALL_SIZE: 0
  LOADER_CHUNK_SIZE: 0
  MEAN: [0.45, 0.45, 0.45]
  MULTI_LABEL: False
  NUM_FRAMES: 32
  PATH_LABEL_SEPARATOR:  
  PATH_LABEL_SEPARATOR_IDX: -1
  PATH_PREFIX: /mnt/data/tps_offset_videos
  PATH_TO_DATA_DIR: /mnt/data/top_priority_annotations/kinetics/offset
  PATH_TO_PRELOAD_IMDB: 
  PSEUDO_LABELS: 
  PSEUDO_LABELS_WEIGHT: 1.0
  RANDOM_FLIP: True
  REVERSE_INPUT_CHANNEL: False
  SAMPLING_RATE: 24
  SKIP_ROWS: 0
  SPATIAL_SAMPLING: False
  SSL_BLUR_SIGMA_MAX: [0.0, 2.0]
  SSL_BLUR_SIGMA_MIN: [0.0, 0.1]
  SSL_COLOR_BRI_CON_SAT: [0.4, 0.4, 0.4]
  SSL_COLOR_HUE: 0.1
  SSL_COLOR_JITTER: False
  SSL_MOCOV2_AUG: False
  STD: [0.225, 0.225, 0.225]
  TARGET_FPS: 30
  TEST_CROP_SIZE: 256
  TIME_DIFF_PROB: 0.0
  TRAIN_CROP_NUM_SPATIAL: 1
  TRAIN_CROP_NUM_TEMPORAL: 1
  TRAIN_CROP_SIZE: 256
  TRAIN_JITTER_ASPECT_RELATIVE: [0.75, 1.3333]
  TRAIN_JITTER_FPS: 0.0
  TRAIN_JITTER_MOTION_SHIFT: False
  TRAIN_JITTER_SCALES: [256, 320]
  TRAIN_JITTER_SCALES_RELATIVE: [0.08, 1.0]
  TRAIN_PCA_EIGVAL: [0.225, 0.224, 0.229]
  TRAIN_PCA_EIGVEC: [[-0.5675, 0.7192, 0.4009], [-0.5808, -0.0045, -0.814], [-0.5836, -0.6948, 0.4203]]
  USE_MEAN: True
  USE_OFFSET_SAMPLING: True
DATA_LOADER:
  ENABLE_MULTI_THREAD_DECODE: False
  NUM_WORKERS: 8
  PIN_MEMORY: True
DEMO:
  BUFFER_SIZE: 0
  CLIP_VIS_SIZE: 10
  COMMON_CLASS_NAMES: ['watch (a person)', 'talk to (e.g., self, a person, a group)', 'listen to (a person)', 'touch (an object)', 'carry/hold (an object)', 'walk', 'sit', 'lie/sleep', 'bend/bow (at the waist)']
  COMMON_CLASS_THRES: 0.7
  DETECTRON2_CFG: COCO-Detection/faster_rcnn_R_50_FPN_3x.yaml
  DETECTRON2_THRESH: 0.9
  DETECTRON2_WEIGHTS: detectron2://COCO-Detection/faster_rcnn_R_50_FPN_3x/137849458/model_final_280758.pkl
  DISPLAY_HEIGHT: 0
  DISPLAY_WIDTH: 0
  ENABLE: False
  FPS: 30
  GT_BOXES: 
  INPUT_FORMAT: BGR
  INPUT_VIDEO: 
  LABEL_FILE_PATH: 
  NUM_CLIPS_SKIP: 0
  NUM_VIS_INSTANCES: 2
  OUTPUT_FILE: 
  OUTPUT_FPS: -1
  PREDS_BOXES: 
  SLOWMO: 1
  STARTING_SECOND: 900
  THREAD_ENABLE: False
  UNCOMMON_CLASS_THRES: 0.3
  VIS_MODE: thres
  WEBCAM: -1
DETECTION:
  ALIGNED: True
  ENABLE: False
  ROI_XFORM_RESOLUTION: 7
  SPATIAL_SCALE_FACTOR: 16
DIST_BACKEND: nccl
FGFG_MIXUP:
  ENABLE: False
FG_BG_MIXUP:
  ADD_BG:
    ALPHA_MAX: 1.0
    ALPHA_MIN: 0.0
    ENABLE: False
    SCHEDULER: linear
  ADD_BG2:
    ENABLE: False
    START_FROM_EPOCH: 100
  CONCAT_BG_FRAMES:
    ENABLE: False
    RATIO: 1.0
    SORT_BG_FRAMES: False
    SUBSAMPLE_CONCAT_FRAMES: False
  ENABLE: False
  GEN_BG_NO_GRAD: False
  MIX_ON_EVAL: False
  RAND_SUB: False
  SELECT_RAND_BG_FRAME:
    DUPLICATE_FRAME: False
    ENABLE: False
  SUBTRACT_BG:
    ALPHA_MAX: 1.0
    ALPHA_MIN: 0.0
    APPLY_CLASSWISE:
      CLASSES: []
      ENABLE: False
    ENABLE: False
    ORTHO_EMBS: False
    SCHEDULER: linear
FRAMEWISE_MIXUP:
  ENABLE: False
  INDEPENDENT_FRAME_MIX: False
  RANDOMISE_FRAME_MIX: False
LOG_MODEL_INFO: True
LOG_PERIOD: 10
MASK:
  DECODER_DEPTH: 0
  DECODER_EMBED_DIM: 512
  DECODER_SEP_POS_EMBED: False
  DEC_KV_KERNEL: []
  DEC_KV_STRIDE: []
  ENABLE: False
  HEAD_TYPE: separate
  MAE_ON: False
  MAE_RND_MASK: False
  NORM_PRED_PIXEL: True
  PER_FRAME_MASKING: False
  PRED_HOG: False
  PRETRAIN_DEPTH: [15]
  SCALE_INIT_BY_DEPTH: False
  TIME_STRIDE_LOSS: True
MIXUP:
  ALPHA: 0.8
  CUTMIX_ALPHA: 1.0
  ENABLE: False
  LABEL_SMOOTH_VALUE: 0.1
  PROB: 1.0
  SWITCH_PROB: 0.5
MODEL:
  ACT_CHECKPOINT: False
  ARCH: mvit
  DETACH_FINAL_FC: False
  DETACH_HEAD: False
  DROPCONNECT_RATE: 0.0
  DROPOUT_RATE: 0.5
  FC_INIT_STD: 0.01
  FEAT_AGGREGATOR: avg_pool
  FP16_ALLREDUCE: False
  FROZEN_BN: False
  HEAD_ACT: none
  HEAD_MLP_DIM: 2048
  LOSS_FUNC: cross_entropy
  MODEL_NAME: MViT
  MULTI_PATHWAY_ARCH: ['slowfast']
  NUM_CLASSES: 16
  REINIT_HEAD: False
  SINGLE_PATHWAY_ARCH: ['2d', 'c2d', 'i3d', 'slow', 'x3d', 'mvit', 'maskmvit']
MULTIGRID:
  BN_BASE_SIZE: 8
  DEFAULT_B: 0
  DEFAULT_S: 0
  DEFAULT_T: 0
  EPOCH_FACTOR: 1.5
  EVAL_FREQ: 3
  LONG_CYCLE: False
  LONG_CYCLE_FACTORS: [(0.25, 0.7071067811865476), (0.5, 0.7071067811865476), (0.5, 1), (1, 1)]
  LONG_CYCLE_SAMPLING_RATE: 0
  SHORT_CYCLE: False
  SHORT_CYCLE_FACTORS: [0.5, 0.7071067811865476]
MVIT:
  CLS_EMBED_ON: True
  DEPTH: 16
  DIM_MUL: [[1, 2.0], [3, 2.0], [14, 2.0]]
  DIM_MUL_IN_ATT: True
  DROPOUT_RATE: 0.0
  DROPPATH_RATE: 0.2
  EMBED_DIM: 96
  HEAD_INIT_SCALE: 1.0
  HEAD_MUL: [[1, 2.0], [3, 2.0], [14, 2.0]]
  LAYER_SCALE_INIT_VALUE: 0.0
  MLP_RATIO: 4.0
  MODE: conv
  NORM: layernorm
  NORM_STEM: False
  NUM_HEADS: 1
  PATCH_2D: False
  PATCH_KERNEL: [3, 7, 7]
  PATCH_PADDING: [1, 3, 3]
  PATCH_STRIDE: [2, 4, 4]
  POOL_FIRST: False
  POOL_KVQ_KERNEL: [3, 3, 3]
  POOL_KV_STRIDE: []
  POOL_KV_STRIDE_ADAPTIVE: [1, 8, 8]
  POOL_Q_STRIDE: [[0, 1, 1, 1], [1, 1, 2, 2], [2, 1, 1, 1], [3, 1, 2, 2], [4, 1, 1, 1], [5, 1, 1, 1], [6, 1, 1, 1], [7, 1, 1, 1], [8, 1, 1, 1], [9, 1, 1, 1], [10, 1, 1, 1], [11, 1, 1, 1], [12, 1, 1, 1], [13, 1, 1, 1], [14, 1, 2, 2], [15, 1, 1, 1]]
  QKV_BIAS: True
  REL_POS_SPATIAL: True
  REL_POS_TEMPORAL: True
  REL_POS_ZERO_INIT: False
  RESIDUAL_POOLING: True
  REV:
    BUFFER_LAYERS: []
    ENABLE: False
    PRE_Q_FUSION: avg
    RESPATH_FUSE: concat
    RES_PATH: conv
  SEPARATE_QKV: False
  SEP_POS_EMBED: False
  USE_ABS_POS: False
  USE_FIXED_SINCOS_POS: False
  USE_MEAN_POOLING: False
  ZERO_DECAY_POS_CLS: False
NONLOCAL:
  GROUP: [[1], [1], [1], [1]]
  INSTANTIATION: dot_product
  LOCATION: [[[]], [[]], [[]], [[]]]
  POOL: [[[1, 2, 2], [1, 2, 2]], [[1, 2, 2], [1, 2, 2]], [[1, 2, 2], [1, 2, 2]], [[1, 2, 2], [1, 2, 2]]]
NUM_GPUS: 1
NUM_SHARDS: 1
OUTPUT_DIR: /mnt/imslowfast/results/species_classification/mvitv2_offset_f=32_test
RESNET:
  DEPTH: 50
  INPLACE_RELU: True
  NUM_BLOCK_TEMP_KERNEL: [[3], [4], [6], [3]]
  NUM_GROUPS: 1
  SPATIAL_DILATIONS: [[1], [1], [1], [1]]
  SPATIAL_STRIDES: [[1], [2], [2], [2]]
  STRIDE_1X1: False
  TRANS_FUNC: bottleneck_transform
  WIDTH_PER_GROUP: 64
  ZERO_INIT_FINAL_BN: False
  ZERO_INIT_FINAL_CONV: False
RNG_SEED: 0
SAMPLING:
  BALANCED: False
  BALANCE_TYPE: None
SHARD_ID: 0
SLOWFAST:
  ALPHA: 8
  BETA_INV: 8
  FUSION_CONV_CHANNEL_RATIO: 2
  FUSION_KERNEL_SZ: 5
SOLVER:
  BASE_LR: 0.0001
  BASE_LR_SCALE_NUM_SHARDS: True
  BETAS: (0.9, 0.999)
  CLIP_GRAD_L2NORM: 1.0
  CLIP_GRAD_VAL: None
  COSINE_AFTER_WARMUP: True
  COSINE_END_LR: 1e-06
  DAMPENING: 0.0
  GAMMA: 0.1
  LARS_ON: False
  LAYER_DECAY: 1.0
  LRS: []
  LR_POLICY: cosine
  MAX_EPOCH: 48
  MOMENTUM: 0.9
  NESTEROV: True
  OPTIMIZING_METHOD: adamw
  STEPS: []
  STEP_SIZE: 1
  WARMUP_EPOCHS: 5.0
  WARMUP_FACTOR: 0.1
  WARMUP_START_LR: 1e-06
  WEIGHT_DECAY: 0.05
  ZERO_WD_1D_PARAM: True
TAP:
  ENABLE: False
  NUM_CLIPS: 4
  NUM_FRAMES: 4
  OVERLAP: None
  SLIDING_WINDOW: False
TASK: 
TENSORBOARD:
  CATEGORIES_PATH: 
  CLASS_NAMES_PATH: 
  CONFUSION_MATRIX:
    ENABLE: False
    FIGSIZE: [8, 8]
    SUBSET_PATH: 
  ENABLE: True
  HISTOGRAM:
    ENABLE: False
    FIGSIZE: [8, 8]
    SUBSET_PATH: 
    TOPK: 10
  LOG_DIR: 
  MODEL_VIS:
    ACTIVATIONS: False
    COLORMAP: Pastel2
    ENABLE: False
    GRAD_CAM:
      COLORMAP: viridis
      ENABLE: True
      LAYER_LIST: []
      USE_TRUE_LABEL: False
    INPUT_VIDEO: False
    LAYER_LIST: []
    MODEL_WEIGHTS: False
    TOPK_PREDS: 1
  PREDICTIONS_PATH: 
  WRONG_PRED_VIS:
    ENABLE: False
    SUBSET_PATH: 
    TAG: Incorrectly classified videos.
TEST:
  BATCH_SIZE: 40
  CHECKPOINT_FILE_PATH: /mnt/imslowfast/results/species_classification/mvitv2_disjoint_f=32/checkpoints/checkpoint_epoch_00048.pyth
  CHECKPOINT_TYPE: pytorch
  DATASET: kinetics
  ENABLE: True
  NUM_ENSEMBLE_VIEWS: 1
  NUM_SPATIAL_CROPS: 1
  NUM_TEMPORAL_CLIPS: [1]
  RETURN_CAS: False
  RETURN_FEATS: False
  SAVE_RESULTS_PATH: mvitv2_offset_f=32_test.pkl
TRAIN:
  AUTO_RESUME: True
  BATCH_SIZE: 64
  BG_MODEL_CHECKPOINT_FILE_PATH: 
  BG_MODEL_CHECKPOINT_TYPE: pytorch
  CHECKPOINT_CLEAR_NAME_PATTERN: ()
  CHECKPOINT_EPOCH_RESET: False
  CHECKPOINT_FILE_PATH: 
  CHECKPOINT_INFLATE: False
  CHECKPOINT_IN_INIT: False
  CHECKPOINT_PERIOD: 5
  CHECKPOINT_TYPE: pytorch
  DATASET: kinetics
  ENABLE: False
  EVAL_PERIOD: 1
  FG_MODEL_CHECKPOINT_FILE_PATH: 
  FG_MODEL_CHECKPOINT_TYPE: pytorch
  KILL_LOSS_EXPLOSION_FACTOR: 0.0
  MIXED_PRECISION: True
USE_SBATCH: False
VIS_MASK:
  ENABLE: False
X3D:
  BN_LIN5: False
  BOTTLENECK_FACTOR: 1.0
  CHANNELWISE_3x3x3: True
  DEPTH_FACTOR: 1.0
  DIM_C1: 12
  DIM_C5: 2048
  SCALE_RES2: False
  WIDTH_FACTOR: 1.0
[06/27 12:49:17][INFO] misc.py:  237: Model:
MViT(
  (patch_embed): PatchEmbed(
    (proj): Conv3d(3, 96, kernel_size=(3, 7, 7), stride=(2, 4, 4), padding=(1, 3, 3))
  )
  (blocks): ModuleList(
    (0): MultiScaleBlock(
      (norm1): LayerNorm((96,), eps=1e-06, elementwise_affine=True)
      (attn): MultiScaleAttention(
        (qkv): Linear(in_features=96, out_features=288, bias=True)
        (proj): Linear(in_features=96, out_features=96, bias=True)
        (pool_q): Conv3d(96, 96, kernel_size=(3, 3, 3), stride=(1, 1, 1), padding=(1, 1, 1), groups=96, bias=False)
        (norm_q): LayerNorm((96,), eps=1e-06, elementwise_affine=True)
        (pool_k): Conv3d(96, 96, kernel_size=(3, 3, 3), stride=(1, 8, 8), padding=(1, 1, 1), groups=96, bias=False)
        (norm_k): LayerNorm((96,), eps=1e-06, elementwise_affine=True)
        (pool_v): Conv3d(96, 96, kernel_size=(3, 3, 3), stride=(1, 8, 8), padding=(1, 1, 1), groups=96, bias=False)
        (norm_v): LayerNorm((96,), eps=1e-06, elementwise_affine=True)
      )
      (drop_path): Identity()
      (norm2): LayerNorm((96,), eps=1e-06, elementwise_affine=True)
      (mlp): Mlp(
        (fc1): Linear(in_features=96, out_features=384, bias=True)
        (act): GELU(approximate='none')
        (fc2): Linear(in_features=384, out_features=96, bias=True)
      )
    )
    (1): MultiScaleBlock(
      (norm1): LayerNorm((96,), eps=1e-06, elementwise_affine=True)
      (attn): MultiScaleAttention(
        (qkv): Linear(in_features=96, out_features=576, bias=True)
        (proj): Linear(in_features=192, out_features=192, bias=True)
        (pool_q): Conv3d(96, 96, kernel_size=(3, 3, 3), stride=(1, 2, 2), padding=(1, 1, 1), groups=96, bias=False)
        (norm_q): LayerNorm((96,), eps=1e-06, elementwise_affine=True)
        (pool_k): Conv3d(96, 96, kernel_size=(3, 3, 3), stride=(1, 4, 4), padding=(1, 1, 1), groups=96, bias=False)
        (norm_k): LayerNorm((96,), eps=1e-06, elementwise_affine=True)
        (pool_v): Conv3d(96, 96, kernel_size=(3, 3, 3), stride=(1, 4, 4), padding=(1, 1, 1), groups=96, bias=False)
        (norm_v): LayerNorm((96,), eps=1e-06, elementwise_affine=True)
      )
      (drop_path): DropPath()
      (norm2): LayerNorm((192,), eps=1e-06, elementwise_affine=True)
      (mlp): Mlp(
        (fc1): Linear(in_features=192, out_features=768, bias=True)
        (act): GELU(approximate='none')
        (fc2): Linear(in_features=768, out_features=192, bias=True)
      )
      (proj): Linear(in_features=96, out_features=192, bias=True)
      (pool_skip): MaxPool3d(kernel_size=[1, 3, 3], stride=[1, 2, 2], padding=[0, 1, 1], dilation=1, ceil_mode=False)
    )
    (2): MultiScaleBlock(
      (norm1): LayerNorm((192,), eps=1e-06, elementwise_affine=True)
      (attn): MultiScaleAttention(
        (qkv): Linear(in_features=192, out_features=576, bias=True)
        (proj): Linear(in_features=192, out_features=192, bias=True)
        (pool_q): Conv3d(96, 96, kernel_size=(3, 3, 3), stride=(1, 1, 1), padding=(1, 1, 1), groups=96, bias=False)
        (norm_q): LayerNorm((96,), eps=1e-06, elementwise_affine=True)
        (pool_k): Conv3d(96, 96, kernel_size=(3, 3, 3), stride=(1, 4, 4), padding=(1, 1, 1), groups=96, bias=False)
        (norm_k): LayerNorm((96,), eps=1e-06, elementwise_affine=True)
        (pool_v): Conv3d(96, 96, kernel_size=(3, 3, 3), stride=(1, 4, 4), padding=(1, 1, 1), groups=96, bias=False)
        (norm_v): LayerNorm((96,), eps=1e-06, elementwise_affine=True)
      )
      (drop_path): DropPath()
      (norm2): LayerNorm((192,), eps=1e-06, elementwise_affine=True)
      (mlp): Mlp(
        (fc1): Linear(in_features=192, out_features=768, bias=True)
        (act): GELU(approximate='none')
        (fc2): Linear(in_features=768, out_features=192, bias=True)
      )
    )
    (3): MultiScaleBlock(
      (norm1): LayerNorm((192,), eps=1e-06, elementwise_affine=True)
      (attn): MultiScaleAttention(
        (qkv): Linear(in_features=192, out_features=1152, bias=True)
        (proj): Linear(in_features=384, out_features=384, bias=True)
        (pool_q): Conv3d(96, 96, kernel_size=(3, 3, 3), stride=(1, 2, 2), padding=(1, 1, 1), groups=96, bias=False)
        (norm_q): LayerNorm((96,), eps=1e-06, elementwise_affine=True)
        (pool_k): Conv3d(96, 96, kernel_size=(3, 3, 3), stride=(1, 2, 2), padding=(1, 1, 1), groups=96, bias=False)
        (norm_k): LayerNorm((96,), eps=1e-06, elementwise_affine=True)
        (pool_v): Conv3d(96, 96, kernel_size=(3, 3, 3), stride=(1, 2, 2), padding=(1, 1, 1), groups=96, bias=False)
        (norm_v): LayerNorm((96,), eps=1e-06, elementwise_affine=True)
      )
      (drop_path): DropPath()
      (norm2): LayerNorm((384,), eps=1e-06, elementwise_affine=True)
      (mlp): Mlp(
        (fc1): Linear(in_features=384, out_features=1536, bias=True)
        (act): GELU(approximate='none')
        (fc2): Linear(in_features=1536, out_features=384, bias=True)
      )
      (proj): Linear(in_features=192, out_features=384, bias=True)
      (pool_skip): MaxPool3d(kernel_size=[1, 3, 3], stride=[1, 2, 2], padding=[0, 1, 1], dilation=1, ceil_mode=False)
    )
    (4-13): 10 x MultiScaleBlock(
      (norm1): LayerNorm((384,), eps=1e-06, elementwise_affine=True)
      (attn): MultiScaleAttention(
        (qkv): Linear(in_features=384, out_features=1152, bias=True)
        (proj): Linear(in_features=384, out_features=384, bias=True)
        (pool_q): Conv3d(96, 96, kernel_size=(3, 3, 3), stride=(1, 1, 1), padding=(1, 1, 1), groups=96, bias=False)
        (norm_q): LayerNorm((96,), eps=1e-06, elementwise_affine=True)
        (pool_k): Conv3d(96, 96, kernel_size=(3, 3, 3), stride=(1, 2, 2), padding=(1, 1, 1), groups=96, bias=False)
        (norm_k): LayerNorm((96,), eps=1e-06, elementwise_affine=True)
        (pool_v): Conv3d(96, 96, kernel_size=(3, 3, 3), stride=(1, 2, 2), padding=(1, 1, 1), groups=96, bias=False)
        (norm_v): LayerNorm((96,), eps=1e-06, elementwise_affine=True)
      )
      (drop_path): DropPath()
      (norm2): LayerNorm((384,), eps=1e-06, elementwise_affine=True)
      (mlp): Mlp(
        (fc1): Linear(in_features=384, out_features=1536, bias=True)
        (act): GELU(approximate='none')
        (fc2): Linear(in_features=1536, out_features=384, bias=True)
      )
    )
    (14): MultiScaleBlock(
      (norm1): LayerNorm((384,), eps=1e-06, elementwise_affine=True)
      (attn): MultiScaleAttention(
        (qkv): Linear(in_features=384, out_features=2304, bias=True)
        (proj): Linear(in_features=768, out_features=768, bias=True)
        (pool_q): Conv3d(96, 96, kernel_size=(3, 3, 3), stride=(1, 2, 2), padding=(1, 1, 1), groups=96, bias=False)
        (norm_q): LayerNorm((96,), eps=1e-06, elementwise_affine=True)
        (pool_k): Conv3d(96, 96, kernel_size=(3, 3, 3), stride=(1, 1, 1), padding=(1, 1, 1), groups=96, bias=False)
        (norm_k): LayerNorm((96,), eps=1e-06, elementwise_affine=True)
        (pool_v): Conv3d(96, 96, kernel_size=(3, 3, 3), stride=(1, 1, 1), padding=(1, 1, 1), groups=96, bias=False)
        (norm_v): LayerNorm((96,), eps=1e-06, elementwise_affine=True)
      )
      (drop_path): DropPath()
      (norm2): LayerNorm((768,), eps=1e-06, elementwise_affine=True)
      (mlp): Mlp(
        (fc1): Linear(in_features=768, out_features=3072, bias=True)
        (act): GELU(approximate='none')
        (fc2): Linear(in_features=3072, out_features=768, bias=True)
      )
      (proj): Linear(in_features=384, out_features=768, bias=True)
      (pool_skip): MaxPool3d(kernel_size=[1, 3, 3], stride=[1, 2, 2], padding=[0, 1, 1], dilation=1, ceil_mode=False)
    )
    (15): MultiScaleBlock(
      (norm1): LayerNorm((768,), eps=1e-06, elementwise_affine=True)
      (attn): MultiScaleAttention(
        (qkv): Linear(in_features=768, out_features=2304, bias=True)
        (proj): Linear(in_features=768, out_features=768, bias=True)
        (pool_q): Conv3d(96, 96, kernel_size=(3, 3, 3), stride=(1, 1, 1), padding=(1, 1, 1), groups=96, bias=False)
        (norm_q): LayerNorm((96,), eps=1e-06, elementwise_affine=True)
        (pool_k): Conv3d(96, 96, kernel_size=(3, 3, 3), stride=(1, 1, 1), padding=(1, 1, 1), groups=96, bias=False)
        (norm_k): LayerNorm((96,), eps=1e-06, elementwise_affine=True)
        (pool_v): Conv3d(96, 96, kernel_size=(3, 3, 3), stride=(1, 1, 1), padding=(1, 1, 1), groups=96, bias=False)
        (norm_v): LayerNorm((96,), eps=1e-06, elementwise_affine=True)
      )
      (drop_path): DropPath()
      (norm2): LayerNorm((768,), eps=1e-06, elementwise_affine=True)
      (mlp): Mlp(
        (fc1): Linear(in_features=768, out_features=3072, bias=True)
        (act): GELU(approximate='none')
        (fc2): Linear(in_features=3072, out_features=768, bias=True)
      )
    )
  )
  (norm): LayerNorm((768,), eps=1e-06, elementwise_affine=True)
  (head): TransformerBasicHead(
    (dropout): Dropout(p=0.5, inplace=False)
    (projection): Linear(in_features=768, out_features=16, bias=True)
  )
)
[06/27 12:49:17][INFO] misc.py:  239: Params: 34,282,768
[06/27 12:49:17][INFO] misc.py:  240: Mem: 0.12806987762451172 MB
[06/27 12:49:22][WARNING] jit_analysis.py:  499: Unsupported operator aten::mul encountered 489 time(s)
[06/27 12:49:22][WARNING] jit_analysis.py:  499: Unsupported operator aten::div encountered 68 time(s)
[06/27 12:49:22][WARNING] jit_analysis.py:  499: Unsupported operator aten::sub encountered 96 time(s)
[06/27 12:49:22][WARNING] jit_analysis.py:  499: Unsupported operator aten::add_ encountered 64 time(s)
[06/27 12:49:22][WARNING] jit_analysis.py:  499: Unsupported operator aten::add encountered 80 time(s)
[06/27 12:49:22][WARNING] jit_analysis.py:  499: Unsupported operator aten::softmax encountered 16 time(s)
[06/27 12:49:22][WARNING] jit_analysis.py:  499: Unsupported operator aten::gelu encountered 16 time(s)
[06/27 12:49:22][WARNING] jit_analysis.py:  499: Unsupported operator aten::max_pool3d encountered 3 time(s)
[06/27 12:49:22][WARNING] jit_analysis.py:  511: The following submodules of the model were never called during the trace of the graph. They may be unused, or they were accessed by direct calls to .forward() or via other python methods. In the latter case they will have zeros for statistics, though their statistics will still contribute to their parent calling module.
blocks.1.drop_path, blocks.10.drop_path, blocks.11.drop_path, blocks.12.drop_path, blocks.13.drop_path, blocks.14.drop_path, blocks.15.drop_path, blocks.2.drop_path, blocks.3.drop_path, blocks.4.drop_path, blocks.5.drop_path, blocks.6.drop_path, blocks.7.drop_path, blocks.8.drop_path, blocks.9.drop_path
[06/27 12:49:22][INFO] misc.py:  242: Flops: 229.28437195200001 G
[06/27 12:49:23][WARNING] jit_analysis.py:  499: Unsupported operator aten::layer_norm encountered 81 time(s)
[06/27 12:49:23][WARNING] jit_analysis.py:  499: Unsupported operator aten::mul encountered 489 time(s)
[06/27 12:49:23][WARNING] jit_analysis.py:  499: Unsupported operator aten::div encountered 68 time(s)
[06/27 12:49:23][WARNING] jit_analysis.py:  499: Unsupported operator aten::sub encountered 96 time(s)
[06/27 12:49:23][WARNING] jit_analysis.py:  499: Unsupported operator aten::add_ encountered 64 time(s)
[06/27 12:49:23][WARNING] jit_analysis.py:  499: Unsupported operator aten::add encountered 80 time(s)
[06/27 12:49:23][WARNING] jit_analysis.py:  499: Unsupported operator aten::softmax encountered 16 time(s)
[06/27 12:49:23][WARNING] jit_analysis.py:  499: Unsupported operator aten::gelu encountered 16 time(s)
[06/27 12:49:23][WARNING] jit_analysis.py:  499: Unsupported operator aten::max_pool3d encountered 3 time(s)
[06/27 12:49:23][WARNING] jit_analysis.py:  511: The following submodules of the model were never called during the trace of the graph. They may be unused, or they were accessed by direct calls to .forward() or via other python methods. In the latter case they will have zeros for statistics, though their statistics will still contribute to their parent calling module.
blocks.1.drop_path, blocks.10.drop_path, blocks.11.drop_path, blocks.12.drop_path, blocks.13.drop_path, blocks.14.drop_path, blocks.15.drop_path, blocks.2.drop_path, blocks.3.drop_path, blocks.4.drop_path, blocks.5.drop_path, blocks.6.drop_path, blocks.7.drop_path, blocks.8.drop_path, blocks.9.drop_path
[06/27 12:49:23][INFO] misc.py:  243: Activations: 968.5333290000001 M
[06/27 12:49:23][INFO] misc.py:  248: nvidia-smi
Fri Jun 27 12:49:23 2025       
+-----------------------------------------------------------------------------------------+
| NVIDIA-SMI 550.54.15              Driver Version: 550.54.15      CUDA Version: 12.4     |
|-----------------------------------------+------------------------+----------------------+
| GPU  Name                 Persistence-M | Bus-Id          Disp.A | Volatile Uncorr. ECC |
| Fan  Temp   Perf          Pwr:Usage/Cap |           Memory-Usage | GPU-Util  Compute M. |
|                                         |                        |               MIG M. |
|=========================================+========================+======================|
|   0  NVIDIA H100 PCIe               On  |   00000000:C7:00.0 Off |                    0 |
| N/A   37C    P0             85W /  350W |    6215MiB /  81559MiB |      0%   E. Process |
|                                         |                        |             Disabled |
+-----------------------------------------+------------------------+----------------------+
                                                                                         
+-----------------------------------------------------------------------------------------+
| Processes:                                                                              |
|  GPU   GI   CI        PID   Type   Process name                              GPU Memory |
|        ID   ID                                                               Usage      |
|=========================================================================================|
|    0   N/A  N/A   1141627      C   /usr/bin/python                              6206MiB |
+-----------------------------------------------------------------------------------------+
[06/27 12:49:23][INFO] misc.py:  237: Model:
MViT(
  (patch_embed): PatchEmbed(
    (proj): Conv3d(3, 96, kernel_size=(3, 7, 7), stride=(2, 4, 4), padding=(1, 3, 3))
  )
  (blocks): ModuleList(
    (0): MultiScaleBlock(
      (norm1): LayerNorm((96,), eps=1e-06, elementwise_affine=True)
      (attn): MultiScaleAttention(
        (qkv): Linear(in_features=96, out_features=288, bias=True)
        (proj): Linear(in_features=96, out_features=96, bias=True)
        (pool_q): Conv3d(96, 96, kernel_size=(3, 3, 3), stride=(1, 1, 1), padding=(1, 1, 1), groups=96, bias=False)
        (norm_q): LayerNorm((96,), eps=1e-06, elementwise_affine=True)
        (pool_k): Conv3d(96, 96, kernel_size=(3, 3, 3), stride=(1, 8, 8), padding=(1, 1, 1), groups=96, bias=False)
        (norm_k): LayerNorm((96,), eps=1e-06, elementwise_affine=True)
        (pool_v): Conv3d(96, 96, kernel_size=(3, 3, 3), stride=(1, 8, 8), padding=(1, 1, 1), groups=96, bias=False)
        (norm_v): LayerNorm((96,), eps=1e-06, elementwise_affine=True)
      )
      (drop_path): Identity()
      (norm2): LayerNorm((96,), eps=1e-06, elementwise_affine=True)
      (mlp): Mlp(
        (fc1): Linear(in_features=96, out_features=384, bias=True)
        (act): GELU(approximate='none')
        (fc2): Linear(in_features=384, out_features=96, bias=True)
      )
    )
    (1): MultiScaleBlock(
      (norm1): LayerNorm((96,), eps=1e-06, elementwise_affine=True)
      (attn): MultiScaleAttention(
        (qkv): Linear(in_features=96, out_features=576, bias=True)
        (proj): Linear(in_features=192, out_features=192, bias=True)
        (pool_q): Conv3d(96, 96, kernel_size=(3, 3, 3), stride=(1, 2, 2), padding=(1, 1, 1), groups=96, bias=False)
        (norm_q): LayerNorm((96,), eps=1e-06, elementwise_affine=True)
        (pool_k): Conv3d(96, 96, kernel_size=(3, 3, 3), stride=(1, 4, 4), padding=(1, 1, 1), groups=96, bias=False)
        (norm_k): LayerNorm((96,), eps=1e-06, elementwise_affine=True)
        (pool_v): Conv3d(96, 96, kernel_size=(3, 3, 3), stride=(1, 4, 4), padding=(1, 1, 1), groups=96, bias=False)
        (norm_v): LayerNorm((96,), eps=1e-06, elementwise_affine=True)
      )
      (drop_path): DropPath()
      (norm2): LayerNorm((192,), eps=1e-06, elementwise_affine=True)
      (mlp): Mlp(
        (fc1): Linear(in_features=192, out_features=768, bias=True)
        (act): GELU(approximate='none')
        (fc2): Linear(in_features=768, out_features=192, bias=True)
      )
      (proj): Linear(in_features=96, out_features=192, bias=True)
      (pool_skip): MaxPool3d(kernel_size=[1, 3, 3], stride=[1, 2, 2], padding=[0, 1, 1], dilation=1, ceil_mode=False)
    )
    (2): MultiScaleBlock(
      (norm1): LayerNorm((192,), eps=1e-06, elementwise_affine=True)
      (attn): MultiScaleAttention(
        (qkv): Linear(in_features=192, out_features=576, bias=True)
        (proj): Linear(in_features=192, out_features=192, bias=True)
        (pool_q): Conv3d(96, 96, kernel_size=(3, 3, 3), stride=(1, 1, 1), padding=(1, 1, 1), groups=96, bias=False)
        (norm_q): LayerNorm((96,), eps=1e-06, elementwise_affine=True)
        (pool_k): Conv3d(96, 96, kernel_size=(3, 3, 3), stride=(1, 4, 4), padding=(1, 1, 1), groups=96, bias=False)
        (norm_k): LayerNorm((96,), eps=1e-06, elementwise_affine=True)
        (pool_v): Conv3d(96, 96, kernel_size=(3, 3, 3), stride=(1, 4, 4), padding=(1, 1, 1), groups=96, bias=False)
        (norm_v): LayerNorm((96,), eps=1e-06, elementwise_affine=True)
      )
      (drop_path): DropPath()
      (norm2): LayerNorm((192,), eps=1e-06, elementwise_affine=True)
      (mlp): Mlp(
        (fc1): Linear(in_features=192, out_features=768, bias=True)
        (act): GELU(approximate='none')
        (fc2): Linear(in_features=768, out_features=192, bias=True)
      )
    )
    (3): MultiScaleBlock(
      (norm1): LayerNorm((192,), eps=1e-06, elementwise_affine=True)
      (attn): MultiScaleAttention(
        (qkv): Linear(in_features=192, out_features=1152, bias=True)
        (proj): Linear(in_features=384, out_features=384, bias=True)
        (pool_q): Conv3d(96, 96, kernel_size=(3, 3, 3), stride=(1, 2, 2), padding=(1, 1, 1), groups=96, bias=False)
        (norm_q): LayerNorm((96,), eps=1e-06, elementwise_affine=True)
        (pool_k): Conv3d(96, 96, kernel_size=(3, 3, 3), stride=(1, 2, 2), padding=(1, 1, 1), groups=96, bias=False)
        (norm_k): LayerNorm((96,), eps=1e-06, elementwise_affine=True)
        (pool_v): Conv3d(96, 96, kernel_size=(3, 3, 3), stride=(1, 2, 2), padding=(1, 1, 1), groups=96, bias=False)
        (norm_v): LayerNorm((96,), eps=1e-06, elementwise_affine=True)
      )
      (drop_path): DropPath()
      (norm2): LayerNorm((384,), eps=1e-06, elementwise_affine=True)
      (mlp): Mlp(
        (fc1): Linear(in_features=384, out_features=1536, bias=True)
        (act): GELU(approximate='none')
        (fc2): Linear(in_features=1536, out_features=384, bias=True)
      )
      (proj): Linear(in_features=192, out_features=384, bias=True)
      (pool_skip): MaxPool3d(kernel_size=[1, 3, 3], stride=[1, 2, 2], padding=[0, 1, 1], dilation=1, ceil_mode=False)
    )
    (4-13): 10 x MultiScaleBlock(
      (norm1): LayerNorm((384,), eps=1e-06, elementwise_affine=True)
      (attn): MultiScaleAttention(
        (qkv): Linear(in_features=384, out_features=1152, bias=True)
        (proj): Linear(in_features=384, out_features=384, bias=True)
        (pool_q): Conv3d(96, 96, kernel_size=(3, 3, 3), stride=(1, 1, 1), padding=(1, 1, 1), groups=96, bias=False)
        (norm_q): LayerNorm((96,), eps=1e-06, elementwise_affine=True)
        (pool_k): Conv3d(96, 96, kernel_size=(3, 3, 3), stride=(1, 2, 2), padding=(1, 1, 1), groups=96, bias=False)
        (norm_k): LayerNorm((96,), eps=1e-06, elementwise_affine=True)
        (pool_v): Conv3d(96, 96, kernel_size=(3, 3, 3), stride=(1, 2, 2), padding=(1, 1, 1), groups=96, bias=False)
        (norm_v): LayerNorm((96,), eps=1e-06, elementwise_affine=True)
      )
      (drop_path): DropPath()
      (norm2): LayerNorm((384,), eps=1e-06, elementwise_affine=True)
      (mlp): Mlp(
        (fc1): Linear(in_features=384, out_features=1536, bias=True)
        (act): GELU(approximate='none')
        (fc2): Linear(in_features=1536, out_features=384, bias=True)
      )
    )
    (14): MultiScaleBlock(
      (norm1): LayerNorm((384,), eps=1e-06, elementwise_affine=True)
      (attn): MultiScaleAttention(
        (qkv): Linear(in_features=384, out_features=2304, bias=True)
        (proj): Linear(in_features=768, out_features=768, bias=True)
        (pool_q): Conv3d(96, 96, kernel_size=(3, 3, 3), stride=(1, 2, 2), padding=(1, 1, 1), groups=96, bias=False)
        (norm_q): LayerNorm((96,), eps=1e-06, elementwise_affine=True)
        (pool_k): Conv3d(96, 96, kernel_size=(3, 3, 3), stride=(1, 1, 1), padding=(1, 1, 1), groups=96, bias=False)
        (norm_k): LayerNorm((96,), eps=1e-06, elementwise_affine=True)
        (pool_v): Conv3d(96, 96, kernel_size=(3, 3, 3), stride=(1, 1, 1), padding=(1, 1, 1), groups=96, bias=False)
        (norm_v): LayerNorm((96,), eps=1e-06, elementwise_affine=True)
      )
      (drop_path): DropPath()
      (norm2): LayerNorm((768,), eps=1e-06, elementwise_affine=True)
      (mlp): Mlp(
        (fc1): Linear(in_features=768, out_features=3072, bias=True)
        (act): GELU(approximate='none')
        (fc2): Linear(in_features=3072, out_features=768, bias=True)
      )
      (proj): Linear(in_features=384, out_features=768, bias=True)
      (pool_skip): MaxPool3d(kernel_size=[1, 3, 3], stride=[1, 2, 2], padding=[0, 1, 1], dilation=1, ceil_mode=False)
    )
    (15): MultiScaleBlock(
      (norm1): LayerNorm((768,), eps=1e-06, elementwise_affine=True)
      (attn): MultiScaleAttention(
        (qkv): Linear(in_features=768, out_features=2304, bias=True)
        (proj): Linear(in_features=768, out_features=768, bias=True)
        (pool_q): Conv3d(96, 96, kernel_size=(3, 3, 3), stride=(1, 1, 1), padding=(1, 1, 1), groups=96, bias=False)
        (norm_q): LayerNorm((96,), eps=1e-06, elementwise_affine=True)
        (pool_k): Conv3d(96, 96, kernel_size=(3, 3, 3), stride=(1, 1, 1), padding=(1, 1, 1), groups=96, bias=False)
        (norm_k): LayerNorm((96,), eps=1e-06, elementwise_affine=True)
        (pool_v): Conv3d(96, 96, kernel_size=(3, 3, 3), stride=(1, 1, 1), padding=(1, 1, 1), groups=96, bias=False)
        (norm_v): LayerNorm((96,), eps=1e-06, elementwise_affine=True)
      )
      (drop_path): DropPath()
      (norm2): LayerNorm((768,), eps=1e-06, elementwise_affine=True)
      (mlp): Mlp(
        (fc1): Linear(in_features=768, out_features=3072, bias=True)
        (act): GELU(approximate='none')
        (fc2): Linear(in_features=3072, out_features=768, bias=True)
      )
    )
  )
  (norm): LayerNorm((768,), eps=1e-06, elementwise_affine=True)
  (head): TransformerBasicHead(
    (dropout): Dropout(p=0.5, inplace=False)
    (projection): Linear(in_features=768, out_features=16, bias=True)
  )
)
[06/27 12:49:23][INFO] misc.py:  239: Params: 34,282,768
[06/27 12:49:23][INFO] misc.py:  240: Mem: 5.199447154998779 MB
[06/27 12:49:24][WARNING] jit_analysis.py:  499: Unsupported operator aten::mul encountered 489 time(s)
[06/27 12:49:24][WARNING] jit_analysis.py:  499: Unsupported operator aten::div encountered 68 time(s)
[06/27 12:49:24][WARNING] jit_analysis.py:  499: Unsupported operator aten::sub encountered 96 time(s)
[06/27 12:49:24][WARNING] jit_analysis.py:  499: Unsupported operator aten::add_ encountered 64 time(s)
[06/27 12:49:24][WARNING] jit_analysis.py:  499: Unsupported operator aten::add encountered 80 time(s)
[06/27 12:49:24][WARNING] jit_analysis.py:  499: Unsupported operator aten::softmax encountered 16 time(s)
[06/27 12:49:24][WARNING] jit_analysis.py:  499: Unsupported operator aten::gelu encountered 16 time(s)
[06/27 12:49:24][WARNING] jit_analysis.py:  499: Unsupported operator aten::max_pool3d encountered 3 time(s)
[06/27 12:49:24][WARNING] jit_analysis.py:  511: The following submodules of the model were never called during the trace of the graph. They may be unused, or they were accessed by direct calls to .forward() or via other python methods. In the latter case they will have zeros for statistics, though their statistics will still contribute to their parent calling module.
blocks.1.drop_path, blocks.10.drop_path, blocks.11.drop_path, blocks.12.drop_path, blocks.13.drop_path, blocks.14.drop_path, blocks.15.drop_path, blocks.2.drop_path, blocks.3.drop_path, blocks.4.drop_path, blocks.5.drop_path, blocks.6.drop_path, blocks.7.drop_path, blocks.8.drop_path, blocks.9.drop_path
[06/27 12:49:24][INFO] misc.py:  242: Flops: 229.28437195200001 G
[06/27 12:49:25][WARNING] jit_analysis.py:  499: Unsupported operator aten::layer_norm encountered 81 time(s)
[06/27 12:49:25][WARNING] jit_analysis.py:  499: Unsupported operator aten::mul encountered 489 time(s)
[06/27 12:49:25][WARNING] jit_analysis.py:  499: Unsupported operator aten::div encountered 68 time(s)
[06/27 12:49:25][WARNING] jit_analysis.py:  499: Unsupported operator aten::sub encountered 96 time(s)
[06/27 12:49:25][WARNING] jit_analysis.py:  499: Unsupported operator aten::add_ encountered 64 time(s)
[06/27 12:49:25][WARNING] jit_analysis.py:  499: Unsupported operator aten::add encountered 80 time(s)
[06/27 12:49:25][WARNING] jit_analysis.py:  499: Unsupported operator aten::softmax encountered 16 time(s)
[06/27 12:49:25][WARNING] jit_analysis.py:  499: Unsupported operator aten::gelu encountered 16 time(s)
[06/27 12:49:25][WARNING] jit_analysis.py:  499: Unsupported operator aten::max_pool3d encountered 3 time(s)
[06/27 12:49:25][WARNING] jit_analysis.py:  511: The following submodules of the model were never called during the trace of the graph. They may be unused, or they were accessed by direct calls to .forward() or via other python methods. In the latter case they will have zeros for statistics, though their statistics will still contribute to their parent calling module.
blocks.1.drop_path, blocks.10.drop_path, blocks.11.drop_path, blocks.12.drop_path, blocks.13.drop_path, blocks.14.drop_path, blocks.15.drop_path, blocks.2.drop_path, blocks.3.drop_path, blocks.4.drop_path, blocks.5.drop_path, blocks.6.drop_path, blocks.7.drop_path, blocks.8.drop_path, blocks.9.drop_path
[06/27 12:49:25][INFO] misc.py:  243: Activations: 968.5333290000001 M
[06/27 12:49:25][INFO] misc.py:  248: nvidia-smi
Fri Jun 27 12:49:25 2025       
+-----------------------------------------------------------------------------------------+
| NVIDIA-SMI 550.54.15              Driver Version: 550.54.15      CUDA Version: 12.4     |
|-----------------------------------------+------------------------+----------------------+
| GPU  Name                 Persistence-M | Bus-Id          Disp.A | Volatile Uncorr. ECC |
| Fan  Temp   Perf          Pwr:Usage/Cap |           Memory-Usage | GPU-Util  Compute M. |
|                                         |                        |               MIG M. |
|=========================================+========================+======================|
|   0  NVIDIA H100 PCIe               On  |   00000000:C7:00.0 Off |                    0 |
| N/A   38C    P0             84W /  350W |    6215MiB /  81559MiB |      0%   E. Process |
|                                         |                        |             Disabled |
+-----------------------------------------+------------------------+----------------------+
                                                                                         
+-----------------------------------------------------------------------------------------+
| Processes:                                                                              |
|  GPU   GI   CI        PID   Type   Process name                              GPU Memory |
|        ID   ID                                                               Usage      |
|=========================================================================================|
|    0   N/A  N/A   1141627      C   /usr/bin/python                              6206MiB |
+-----------------------------------------------------------------------------------------+
[06/27 12:49:25][INFO] checkpoint.py:  222: Loading network weights from /mnt/imslowfast/results/species_classification/mvitv2_disjoint_f=32/checkpoints/checkpoint_epoch_00048.pyth.
missing keys: []
unexpected keys: []
[06/27 12:49:27][INFO] kinetics.py:   92: Constructing Kinetics test...
[06/27 12:49:27][INFO] kinetics.py:  165: Constructing kinetics dataloader (size: 15572 skip_rows 0) from /mnt/data/top_priority_annotations/kinetics/offset/test.csv 
SAMPLING.BALANCED: False; BALANCE_TYPE: None
[06/27 12:49:27][INFO] test_net.py:  307: Testing model for 390 iterations
[06/27 12:49:27][INFO] tensorboard_vis.py:   52: To see logged results in Tensorboard, please launch using the command             `tensorboard  --port=<port-number> --logdir /mnt/imslowfast/results/species_classification/mvitv2_offset_f=32_test/runs-kinetics`
[06/27 12:50:18][INFO] logging.py:   99: json_stats: {"cur_iter": "1", "eta": "5:29:55", "split": "test_iter", "time_diff": 50.75770}
[06/27 12:50:24][INFO] logging.py:   99: json_stats: {"cur_iter": "2", "eta": "0:40:42", "split": "test_iter", "time_diff": 6.27893}
[06/27 12:50:25][INFO] logging.py:   99: json_stats: {"cur_iter": "3", "eta": "0:08:46", "split": "test_iter", "time_diff": 1.35715}
[06/27 12:50:27][INFO] logging.py:   99: json_stats: {"cur_iter": "4", "eta": "0:08:47", "split": "test_iter", "time_diff": 1.36351}
[06/27 12:50:28][INFO] logging.py:   99: json_stats: {"cur_iter": "5", "eta": "0:08:43", "split": "test_iter", "time_diff": 1.35716}
[06/27 12:50:29][INFO] logging.py:   99: json_stats: {"cur_iter": "6", "eta": "0:08:41", "split": "test_iter", "time_diff": 1.35562}
[06/27 12:50:31][INFO] logging.py:   99: json_stats: {"cur_iter": "7", "eta": "0:08:39", "split": "test_iter", "time_diff": 1.35388}
[06/27 12:50:32][INFO] logging.py:   99: json_stats: {"cur_iter": "8", "eta": "0:08:39", "split": "test_iter", "time_diff": 1.35603}
[06/27 12:51:00][INFO] logging.py:   99: json_stats: {"cur_iter": "9", "eta": "2:55:32", "split": "test_iter", "time_diff": 27.57173}
[06/27 12:51:12][INFO] logging.py:   99: json_stats: {"cur_iter": "10", "eta": "1:15:44", "split": "test_iter", "time_diff": 11.92767}
[06/27 12:51:13][INFO] logging.py:   99: json_stats: {"cur_iter": "11", "eta": "0:08:34", "split": "test_iter", "time_diff": 1.35343}
[06/27 12:51:14][INFO] logging.py:   99: json_stats: {"cur_iter": "12", "eta": "0:08:32", "split": "test_iter", "time_diff": 1.35352}
[06/27 12:51:16][INFO] logging.py:   99: json_stats: {"cur_iter": "13", "eta": "0:08:33", "split": "test_iter", "time_diff": 1.35749}
[06/27 12:51:17][INFO] logging.py:   99: json_stats: {"cur_iter": "14", "eta": "0:08:34", "split": "test_iter", "time_diff": 1.36418}
[06/27 12:51:18][INFO] logging.py:   99: json_stats: {"cur_iter": "15", "eta": "0:08:30", "split": "test_iter", "time_diff": 1.35646}
[06/27 12:51:20][INFO] logging.py:   99: json_stats: {"cur_iter": "16", "eta": "0:08:29", "split": "test_iter", "time_diff": 1.35983}
[06/27 12:51:53][INFO] logging.py:   99: json_stats: {"cur_iter": "17", "eta": "3:25:16", "split": "test_iter", "time_diff": 32.93080}
[06/27 12:52:05][INFO] logging.py:   99: json_stats: {"cur_iter": "18", "eta": "1:14:51", "split": "test_iter", "time_diff": 12.04219}
[06/27 12:52:06][INFO] logging.py:   99: json_stats: {"cur_iter": "19", "eta": "0:08:24", "split": "test_iter", "time_diff": 1.35533}
[06/27 12:52:07][INFO] logging.py:   99: json_stats: {"cur_iter": "20", "eta": "0:08:25", "split": "test_iter", "time_diff": 1.36199}
[06/27 12:52:09][INFO] logging.py:   99: json_stats: {"cur_iter": "21", "eta": "0:08:23", "split": "test_iter", "time_diff": 1.36139}
[06/27 12:52:10][INFO] logging.py:   99: json_stats: {"cur_iter": "22", "eta": "0:08:22", "split": "test_iter", "time_diff": 1.36275}
[06/27 12:52:11][INFO] logging.py:   99: json_stats: {"cur_iter": "23", "eta": "0:08:21", "split": "test_iter", "time_diff": 1.36152}
[06/27 12:52:13][INFO] logging.py:   99: json_stats: {"cur_iter": "24", "eta": "0:08:19", "split": "test_iter", "time_diff": 1.36013}
[06/27 12:52:42][INFO] logging.py:   99: json_stats: {"cur_iter": "25", "eta": "2:59:37", "split": "test_iter", "time_diff": 29.44744}
[06/27 12:52:58][INFO] logging.py:   99: json_stats: {"cur_iter": "26", "eta": "1:35:25", "split": "test_iter", "time_diff": 15.68557}
[06/27 12:52:59][INFO] logging.py:   99: json_stats: {"cur_iter": "27", "eta": "0:08:14", "split": "test_iter", "time_diff": 1.35895}
[06/27 12:53:01][INFO] logging.py:   99: json_stats: {"cur_iter": "28", "eta": "0:08:14", "split": "test_iter", "time_diff": 1.36115}
[06/27 12:53:02][INFO] logging.py:   99: json_stats: {"cur_iter": "29", "eta": "0:08:12", "split": "test_iter", "time_diff": 1.36156}
[06/27 12:53:03][INFO] logging.py:   99: json_stats: {"cur_iter": "30", "eta": "0:08:10", "split": "test_iter", "time_diff": 1.35875}
[06/27 12:53:05][INFO] logging.py:   99: json_stats: {"cur_iter": "31", "eta": "0:08:11", "split": "test_iter", "time_diff": 1.36622}
[06/27 12:53:06][INFO] logging.py:   99: json_stats: {"cur_iter": "32", "eta": "0:08:12", "split": "test_iter", "time_diff": 1.37057}
[06/27 12:53:28][INFO] logging.py:   99: json_stats: {"cur_iter": "33", "eta": "2:10:33", "split": "test_iter", "time_diff": 21.88138}
[06/27 12:53:45][INFO] logging.py:   99: json_stats: {"cur_iter": "34", "eta": "1:43:00", "split": "test_iter", "time_diff": 17.31366}
[06/27 12:53:47][INFO] logging.py:   99: json_stats: {"cur_iter": "35", "eta": "0:08:05", "split": "test_iter", "time_diff": 1.36251}
[06/27 12:53:48][INFO] logging.py:   99: json_stats: {"cur_iter": "36", "eta": "0:08:03", "split": "test_iter", "time_diff": 1.36094}
[06/27 12:53:49][INFO] logging.py:   99: json_stats: {"cur_iter": "37", "eta": "0:08:01", "split": "test_iter", "time_diff": 1.36044}
[06/27 12:53:51][INFO] logging.py:   99: json_stats: {"cur_iter": "38", "eta": "0:08:01", "split": "test_iter", "time_diff": 1.36270}
[06/27 12:53:52][INFO] logging.py:   99: json_stats: {"cur_iter": "39", "eta": "0:07:58", "split": "test_iter", "time_diff": 1.35852}
[06/27 12:53:54][INFO] logging.py:   99: json_stats: {"cur_iter": "40", "eta": "0:07:58", "split": "test_iter", "time_diff": 1.36428}
[06/27 12:54:16][INFO] logging.py:   99: json_stats: {"cur_iter": "41", "eta": "2:09:29", "split": "test_iter", "time_diff": 22.19784}
[06/27 12:54:34][INFO] logging.py:   99: json_stats: {"cur_iter": "42", "eta": "1:43:55", "split": "test_iter", "time_diff": 17.86738}
[06/27 12:54:35][INFO] logging.py:   99: json_stats: {"cur_iter": "43", "eta": "0:07:53", "split": "test_iter", "time_diff": 1.36011}
[06/27 12:54:36][INFO] logging.py:   99: json_stats: {"cur_iter": "44", "eta": "0:07:52", "split": "test_iter", "time_diff": 1.36096}
[06/27 12:54:38][INFO] logging.py:   99: json_stats: {"cur_iter": "45", "eta": "0:07:51", "split": "test_iter", "time_diff": 1.36271}
[06/27 12:54:39][INFO] logging.py:   99: json_stats: {"cur_iter": "46", "eta": "0:07:50", "split": "test_iter", "time_diff": 1.36268}
[06/27 12:54:40][INFO] logging.py:   99: json_stats: {"cur_iter": "47", "eta": "0:07:48", "split": "test_iter", "time_diff": 1.36160}
[06/27 12:54:42][INFO] logging.py:   99: json_stats: {"cur_iter": "48", "eta": "0:07:48", "split": "test_iter", "time_diff": 1.36447}
[06/27 12:55:03][INFO] logging.py:   99: json_stats: {"cur_iter": "49", "eta": "1:58:23", "split": "test_iter", "time_diff": 20.76952}
[06/27 12:55:19][INFO] logging.py:   99: json_stats: {"cur_iter": "50", "eta": "1:31:52", "split": "test_iter", "time_diff": 16.16523}
[06/27 12:55:20][INFO] logging.py:   99: json_stats: {"cur_iter": "51", "eta": "0:07:41", "split": "test_iter", "time_diff": 1.35778}
[06/27 12:55:21][INFO] logging.py:   99: json_stats: {"cur_iter": "52", "eta": "0:07:41", "split": "test_iter", "time_diff": 1.36055}
[06/27 12:55:23][INFO] logging.py:   99: json_stats: {"cur_iter": "53", "eta": "0:07:43", "split": "test_iter", "time_diff": 1.37161}
[06/27 12:55:24][INFO] logging.py:   99: json_stats: {"cur_iter": "54", "eta": "0:07:40", "split": "test_iter", "time_diff": 1.36582}
[06/27 12:55:26][INFO] logging.py:   99: json_stats: {"cur_iter": "55", "eta": "0:07:38", "split": "test_iter", "time_diff": 1.36596}
[06/27 12:55:27][INFO] logging.py:   99: json_stats: {"cur_iter": "56", "eta": "0:07:36", "split": "test_iter", "time_diff": 1.36268}
[06/27 12:55:51][INFO] logging.py:   99: json_stats: {"cur_iter": "57", "eta": "2:16:37", "split": "test_iter", "time_diff": 24.54287}
[06/27 12:56:05][INFO] logging.py:   99: json_stats: {"cur_iter": "58", "eta": "1:13:23", "split": "test_iter", "time_diff": 13.22441}
[06/27 12:56:06][INFO] logging.py:   99: json_stats: {"cur_iter": "59", "eta": "0:07:31", "split": "test_iter", "time_diff": 1.35997}
[06/27 12:56:07][INFO] logging.py:   99: json_stats: {"cur_iter": "60", "eta": "0:07:30", "split": "test_iter", "time_diff": 1.36153}
[06/27 12:56:09][INFO] logging.py:   99: json_stats: {"cur_iter": "61", "eta": "0:07:28", "split": "test_iter", "time_diff": 1.36008}
[06/27 12:56:10][INFO] logging.py:   99: json_stats: {"cur_iter": "62", "eta": "0:07:28", "split": "test_iter", "time_diff": 1.36313}
[06/27 12:56:11][INFO] logging.py:   99: json_stats: {"cur_iter": "63", "eta": "0:07:27", "split": "test_iter", "time_diff": 1.36336}
[06/27 12:56:13][INFO] logging.py:   99: json_stats: {"cur_iter": "64", "eta": "0:07:27", "split": "test_iter", "time_diff": 1.36748}
[06/27 12:56:36][INFO] logging.py:   99: json_stats: {"cur_iter": "65", "eta": "2:08:15", "split": "test_iter", "time_diff": 23.60524}
[06/27 12:56:51][INFO] logging.py:   99: json_stats: {"cur_iter": "66", "eta": "1:17:32", "split": "test_iter", "time_diff": 14.31451}
[06/27 12:56:52][INFO] logging.py:   99: json_stats: {"cur_iter": "67", "eta": "0:07:20", "split": "test_iter", "time_diff": 1.36101}
[06/27 12:56:54][INFO] logging.py:   99: json_stats: {"cur_iter": "68", "eta": "0:07:19", "split": "test_iter", "time_diff": 1.36204}
[06/27 12:56:55][INFO] logging.py:   99: json_stats: {"cur_iter": "69", "eta": "0:07:18", "split": "test_iter", "time_diff": 1.36158}
[06/27 12:56:56][INFO] logging.py:   99: json_stats: {"cur_iter": "70", "eta": "0:07:16", "split": "test_iter", "time_diff": 1.35931}
[06/27 12:56:58][INFO] logging.py:   99: json_stats: {"cur_iter": "71", "eta": "0:07:17", "split": "test_iter", "time_diff": 1.36608}
[06/27 12:56:59][INFO] logging.py:   99: json_stats: {"cur_iter": "72", "eta": "0:07:14", "split": "test_iter", "time_diff": 1.36274}
[06/27 12:57:21][INFO] logging.py:   99: json_stats: {"cur_iter": "73", "eta": "1:55:07", "split": "test_iter", "time_diff": 21.72271}
[06/27 12:57:36][INFO] logging.py:   99: json_stats: {"cur_iter": "74", "eta": "1:21:21", "split": "test_iter", "time_diff": 15.39881}
[06/27 12:57:37][INFO] logging.py:   99: json_stats: {"cur_iter": "75", "eta": "0:07:10", "split": "test_iter", "time_diff": 1.36091}
[06/27 12:57:39][INFO] logging.py:   99: json_stats: {"cur_iter": "76", "eta": "0:07:08", "split": "test_iter", "time_diff": 1.36081}
[06/27 12:57:40][INFO] logging.py:   99: json_stats: {"cur_iter": "77", "eta": "0:07:07", "split": "test_iter", "time_diff": 1.36235}
[06/27 12:57:42][INFO] logging.py:   99: json_stats: {"cur_iter": "78", "eta": "0:07:05", "split": "test_iter", "time_diff": 1.36058}
[06/27 12:57:43][INFO] logging.py:   99: json_stats: {"cur_iter": "79", "eta": "0:07:04", "split": "test_iter", "time_diff": 1.36115}
[06/27 12:57:44][INFO] logging.py:   99: json_stats: {"cur_iter": "80", "eta": "0:07:05", "split": "test_iter", "time_diff": 1.36669}
[06/27 12:58:08][INFO] logging.py:   99: json_stats: {"cur_iter": "81", "eta": "2:03:35", "split": "test_iter", "time_diff": 23.91941}
[06/27 12:58:24][INFO] logging.py:   99: json_stats: {"cur_iter": "82", "eta": "1:22:04", "split": "test_iter", "time_diff": 15.93736}
[06/27 12:58:25][INFO] logging.py:   99: json_stats: {"cur_iter": "83", "eta": "0:06:59", "split": "test_iter", "time_diff": 1.36127}
[06/27 12:58:27][INFO] logging.py:   99: json_stats: {"cur_iter": "84", "eta": "0:06:57", "split": "test_iter", "time_diff": 1.35932}
[06/27 12:58:28][INFO] logging.py:   99: json_stats: {"cur_iter": "85", "eta": "0:06:58", "split": "test_iter", "time_diff": 1.36850}
[06/27 12:58:30][INFO] logging.py:   99: json_stats: {"cur_iter": "86", "eta": "0:07:53", "split": "test_iter", "time_diff": 1.55383}
[06/27 12:58:31][INFO] logging.py:   99: json_stats: {"cur_iter": "87", "eta": "0:06:54", "split": "test_iter", "time_diff": 1.36268}
[06/27 12:58:33][INFO] logging.py:   99: json_stats: {"cur_iter": "88", "eta": "0:06:52", "split": "test_iter", "time_diff": 1.36044}
[06/27 12:58:56][INFO] logging.py:   99: json_stats: {"cur_iter": "89", "eta": "1:59:50", "split": "test_iter", "time_diff": 23.80928}
[06/27 12:59:13][INFO] logging.py:   99: json_stats: {"cur_iter": "90", "eta": "1:21:42", "split": "test_iter", "time_diff": 16.28775}
[06/27 12:59:14][INFO] logging.py:   99: json_stats: {"cur_iter": "91", "eta": "0:06:48", "split": "test_iter", "time_diff": 1.36318}
[06/27 12:59:15][INFO] logging.py:   99: json_stats: {"cur_iter": "92", "eta": "0:06:47", "split": "test_iter", "time_diff": 1.36207}
[06/27 12:59:17][INFO] logging.py:   99: json_stats: {"cur_iter": "93", "eta": "0:06:47", "split": "test_iter", "time_diff": 1.36811}
[06/27 12:59:48][INFO] logging.py:   99: json_stats: {"cur_iter": "94", "eta": "2:34:26", "split": "test_iter", "time_diff": 31.20071}
[06/27 12:59:49][INFO] logging.py:   99: json_stats: {"cur_iter": "95", "eta": "0:06:42", "split": "test_iter", "time_diff": 1.36066}
[06/27 12:59:51][INFO] logging.py:   99: json_stats: {"cur_iter": "96", "eta": "0:06:41", "split": "test_iter", "time_diff": 1.36036}
[06/27 12:59:52][INFO] logging.py:   99: json_stats: {"cur_iter": "97", "eta": "0:06:42", "split": "test_iter", "time_diff": 1.36863}
[06/27 13:00:02][INFO] logging.py:   99: json_stats: {"cur_iter": "98", "eta": "0:48:03", "split": "test_iter", "time_diff": 9.84203}
[06/27 13:00:03][INFO] logging.py:   99: json_stats: {"cur_iter": "99", "eta": "0:06:37", "split": "test_iter", "time_diff": 1.36126}
[06/27 13:00:05][INFO] logging.py:   99: json_stats: {"cur_iter": "100", "eta": "0:06:35", "split": "test_iter", "time_diff": 1.35890}
[06/27 13:00:06][INFO] logging.py:   99: json_stats: {"cur_iter": "101", "eta": "0:06:36", "split": "test_iter", "time_diff": 1.36558}
[06/27 13:00:40][INFO] logging.py:   99: json_stats: {"cur_iter": "102", "eta": "2:41:49", "split": "test_iter", "time_diff": 33.59734}
[06/27 13:00:41][INFO] logging.py:   99: json_stats: {"cur_iter": "103", "eta": "0:06:32", "split": "test_iter", "time_diff": 1.36164}
[06/27 13:00:42][INFO] logging.py:   99: json_stats: {"cur_iter": "104", "eta": "0:06:30", "split": "test_iter", "time_diff": 1.36034}
[06/27 13:00:44][INFO] logging.py:   99: json_stats: {"cur_iter": "105", "eta": "0:06:29", "split": "test_iter", "time_diff": 1.36279}
[06/27 13:00:45][INFO] logging.py:   99: json_stats: {"cur_iter": "106", "eta": "0:06:28", "split": "test_iter", "time_diff": 1.36300}
[06/27 13:00:46][INFO] logging.py:   99: json_stats: {"cur_iter": "107", "eta": "0:06:27", "split": "test_iter", "time_diff": 1.36593}
[06/27 13:00:48][INFO] logging.py:   99: json_stats: {"cur_iter": "108", "eta": "0:06:25", "split": "test_iter", "time_diff": 1.36328}
[06/27 13:00:49][INFO] logging.py:   99: json_stats: {"cur_iter": "109", "eta": "0:06:27", "split": "test_iter", "time_diff": 1.37350}
[06/27 13:01:28][INFO] logging.py:   99: json_stats: {"cur_iter": "110", "eta": "3:03:08", "split": "test_iter", "time_diff": 39.10378}
[06/27 13:01:30][INFO] logging.py:   99: json_stats: {"cur_iter": "111", "eta": "0:06:20", "split": "test_iter", "time_diff": 1.35994}
[06/27 13:01:31][INFO] logging.py:   99: json_stats: {"cur_iter": "112", "eta": "0:06:22", "split": "test_iter", "time_diff": 1.37069}
[06/27 13:01:32][INFO] logging.py:   99: json_stats: {"cur_iter": "113", "eta": "0:06:19", "split": "test_iter", "time_diff": 1.36472}
[06/27 13:01:34][INFO] logging.py:   99: json_stats: {"cur_iter": "114", "eta": "0:06:17", "split": "test_iter", "time_diff": 1.36116}
[06/27 13:01:35][INFO] logging.py:   99: json_stats: {"cur_iter": "115", "eta": "0:06:16", "split": "test_iter", "time_diff": 1.36377}
[06/27 13:01:36][INFO] logging.py:   99: json_stats: {"cur_iter": "116", "eta": "0:06:14", "split": "test_iter", "time_diff": 1.36208}
[06/27 13:01:38][INFO] logging.py:   99: json_stats: {"cur_iter": "117", "eta": "0:06:14", "split": "test_iter", "time_diff": 1.36855}
[06/27 13:02:10][INFO] logging.py:   99: json_stats: {"cur_iter": "118", "eta": "2:26:54", "split": "test_iter", "time_diff": 32.28654}
[06/27 13:02:11][INFO] logging.py:   99: json_stats: {"cur_iter": "119", "eta": "0:06:11", "split": "test_iter", "time_diff": 1.36761}
[06/27 13:02:13][INFO] logging.py:   99: json_stats: {"cur_iter": "120", "eta": "0:06:09", "split": "test_iter", "time_diff": 1.36531}
[06/27 13:02:14][INFO] logging.py:   99: json_stats: {"cur_iter": "121", "eta": "0:06:08", "split": "test_iter", "time_diff": 1.36458}
[06/27 13:02:16][INFO] logging.py:   99: json_stats: {"cur_iter": "122", "eta": "0:06:41", "split": "test_iter", "time_diff": 1.49386}
[06/27 13:02:17][INFO] logging.py:   99: json_stats: {"cur_iter": "123", "eta": "0:06:05", "split": "test_iter", "time_diff": 1.36305}
[06/27 13:02:18][INFO] logging.py:   99: json_stats: {"cur_iter": "124", "eta": "0:06:04", "split": "test_iter", "time_diff": 1.36498}
[06/27 13:02:20][INFO] logging.py:   99: json_stats: {"cur_iter": "125", "eta": "0:06:04", "split": "test_iter", "time_diff": 1.36924}
[06/27 13:02:53][INFO] logging.py:   99: json_stats: {"cur_iter": "126", "eta": "2:28:45", "split": "test_iter", "time_diff": 33.68031}
[06/27 13:02:55][INFO] logging.py:   99: json_stats: {"cur_iter": "127", "eta": "0:05:59", "split": "test_iter", "time_diff": 1.36061}
[06/27 13:02:56][INFO] logging.py:   99: json_stats: {"cur_iter": "128", "eta": "0:05:58", "split": "test_iter", "time_diff": 1.36159}
[06/27 13:02:58][INFO] logging.py:   99: json_stats: {"cur_iter": "129", "eta": "0:08:01", "split": "test_iter", "time_diff": 1.83780}
[06/27 13:03:01][INFO] logging.py:   99: json_stats: {"cur_iter": "130", "eta": "0:12:08", "split": "test_iter", "time_diff": 2.79183}
[06/27 13:03:02][INFO] logging.py:   99: json_stats: {"cur_iter": "131", "eta": "0:05:55", "split": "test_iter", "time_diff": 1.36749}
[06/27 13:03:04][INFO] logging.py:   99: json_stats: {"cur_iter": "132", "eta": "0:05:53", "split": "test_iter", "time_diff": 1.36552}
[06/27 13:03:05][INFO] logging.py:   99: json_stats: {"cur_iter": "133", "eta": "0:05:52", "split": "test_iter", "time_diff": 1.36635}
[06/27 13:03:38][INFO] logging.py:   99: json_stats: {"cur_iter": "134", "eta": "2:22:02", "split": "test_iter", "time_diff": 33.16102}
[06/27 13:03:39][INFO] logging.py:   99: json_stats: {"cur_iter": "135", "eta": "0:05:48", "split": "test_iter", "time_diff": 1.36023}
[06/27 13:03:41][INFO] logging.py:   99: json_stats: {"cur_iter": "136", "eta": "0:05:46", "split": "test_iter", "time_diff": 1.35773}
[06/27 13:03:42][INFO] logging.py:   99: json_stats: {"cur_iter": "137", "eta": "0:05:45", "split": "test_iter", "time_diff": 1.36168}
[06/27 13:03:43][INFO] logging.py:   99: json_stats: {"cur_iter": "138", "eta": "0:05:44", "split": "test_iter", "time_diff": 1.36290}
[06/27 13:03:45][INFO] logging.py:   99: json_stats: {"cur_iter": "139", "eta": "0:05:43", "split": "test_iter", "time_diff": 1.36503}
[06/27 13:03:57][INFO] logging.py:   99: json_stats: {"cur_iter": "140", "eta": "0:49:37", "split": "test_iter", "time_diff": 11.86264}
[06/27 13:03:58][INFO] logging.py:   99: json_stats: {"cur_iter": "141", "eta": "0:05:41", "split": "test_iter", "time_diff": 1.36477}
[06/27 13:04:20][INFO] logging.py:   99: json_stats: {"cur_iter": "142", "eta": "1:32:05", "split": "test_iter", "time_diff": 22.18917}
[06/27 13:04:22][INFO] logging.py:   99: json_stats: {"cur_iter": "143", "eta": "0:05:41", "split": "test_iter", "time_diff": 1.37713}
[06/27 13:04:23][INFO] logging.py:   99: json_stats: {"cur_iter": "144", "eta": "0:05:36", "split": "test_iter", "time_diff": 1.36293}
[06/27 13:04:24][INFO] logging.py:   99: json_stats: {"cur_iter": "145", "eta": "0:05:35", "split": "test_iter", "time_diff": 1.36390}
[06/27 13:04:26][INFO] logging.py:   99: json_stats: {"cur_iter": "146", "eta": "0:05:35", "split": "test_iter", "time_diff": 1.37096}
[06/27 13:04:27][INFO] logging.py:   99: json_stats: {"cur_iter": "147", "eta": "0:05:33", "split": "test_iter", "time_diff": 1.36878}
[06/27 13:04:40][INFO] logging.py:   99: json_stats: {"cur_iter": "148", "eta": "0:50:30", "split": "test_iter", "time_diff": 12.46993}
[06/27 13:04:41][INFO] logging.py:   99: json_stats: {"cur_iter": "149", "eta": "0:05:30", "split": "test_iter", "time_diff": 1.36436}
[06/27 13:05:16][INFO] logging.py:   99: json_stats: {"cur_iter": "150", "eta": "2:20:01", "split": "test_iter", "time_diff": 34.86154}
[06/27 13:05:17][INFO] logging.py:   99: json_stats: {"cur_iter": "151", "eta": "0:05:26", "split": "test_iter", "time_diff": 1.35955}
[06/27 13:05:19][INFO] logging.py:   99: json_stats: {"cur_iter": "152", "eta": "0:05:29", "split": "test_iter", "time_diff": 1.37848}
[06/27 13:05:20][INFO] logging.py:   99: json_stats: {"cur_iter": "153", "eta": "0:05:25", "split": "test_iter", "time_diff": 1.36606}
[06/27 13:05:21][INFO] logging.py:   99: json_stats: {"cur_iter": "154", "eta": "0:05:23", "split": "test_iter", "time_diff": 1.36549}
[06/27 13:05:23][INFO] logging.py:   99: json_stats: {"cur_iter": "155", "eta": "0:05:24", "split": "test_iter", "time_diff": 1.37518}
[06/27 13:05:24][INFO] logging.py:   99: json_stats: {"cur_iter": "156", "eta": "0:05:21", "split": "test_iter", "time_diff": 1.37016}
[06/27 13:05:25][INFO] logging.py:   99: json_stats: {"cur_iter": "157", "eta": "0:05:19", "split": "test_iter", "time_diff": 1.36719}
[06/27 13:06:01][INFO] logging.py:   99: json_stats: {"cur_iter": "158", "eta": "2:16:13", "split": "test_iter", "time_diff": 35.08081}
[06/27 13:06:02][INFO] logging.py:   99: json_stats: {"cur_iter": "159", "eta": "0:05:14", "split": "test_iter", "time_diff": 1.35738}
[06/27 13:06:03][INFO] logging.py:   99: json_stats: {"cur_iter": "160", "eta": "0:05:15", "split": "test_iter", "time_diff": 1.36710}
[06/27 13:06:05][INFO] logging.py:   99: json_stats: {"cur_iter": "161", "eta": "0:05:17", "split": "test_iter", "time_diff": 1.37990}
[06/27 13:06:06][INFO] logging.py:   99: json_stats: {"cur_iter": "162", "eta": "0:05:14", "split": "test_iter", "time_diff": 1.37302}
[06/27 13:06:07][INFO] logging.py:   99: json_stats: {"cur_iter": "163", "eta": "0:05:10", "split": "test_iter", "time_diff": 1.36302}
[06/27 13:06:09][INFO] logging.py:   99: json_stats: {"cur_iter": "164", "eta": "0:05:11", "split": "test_iter", "time_diff": 1.37330}
[06/27 13:06:10][INFO] logging.py:   99: json_stats: {"cur_iter": "165", "eta": "0:05:10", "split": "test_iter", "time_diff": 1.37289}
[06/27 13:06:45][INFO] logging.py:   99: json_stats: {"cur_iter": "166", "eta": "2:12:18", "split": "test_iter", "time_diff": 35.28052}
[06/27 13:06:47][INFO] logging.py:   99: json_stats: {"cur_iter": "167", "eta": "0:05:04", "split": "test_iter", "time_diff": 1.35814}
[06/27 13:06:48][INFO] logging.py:   99: json_stats: {"cur_iter": "168", "eta": "0:05:02", "split": "test_iter", "time_diff": 1.35838}
[06/27 13:06:49][INFO] logging.py:   99: json_stats: {"cur_iter": "169", "eta": "0:05:04", "split": "test_iter", "time_diff": 1.37027}
[06/27 13:06:51][INFO] logging.py:   99: json_stats: {"cur_iter": "170", "eta": "0:05:01", "split": "test_iter", "time_diff": 1.36300}
[06/27 13:06:52][INFO] logging.py:   99: json_stats: {"cur_iter": "171", "eta": "0:05:00", "split": "test_iter", "time_diff": 1.36777}
[06/27 13:06:54][INFO] logging.py:   99: json_stats: {"cur_iter": "172", "eta": "0:04:58", "split": "test_iter", "time_diff": 1.36097}
[06/27 13:06:55][INFO] logging.py:   99: json_stats: {"cur_iter": "173", "eta": "0:04:58", "split": "test_iter", "time_diff": 1.36741}
[06/27 13:07:31][INFO] logging.py:   99: json_stats: {"cur_iter": "174", "eta": "2:08:55", "split": "test_iter", "time_diff": 35.64711}
[06/27 13:07:32][INFO] logging.py:   99: json_stats: {"cur_iter": "175", "eta": "0:04:53", "split": "test_iter", "time_diff": 1.35980}
[06/27 13:07:33][INFO] logging.py:   99: json_stats: {"cur_iter": "176", "eta": "0:04:53", "split": "test_iter", "time_diff": 1.36403}
[06/27 13:07:35][INFO] logging.py:   99: json_stats: {"cur_iter": "177", "eta": "0:04:51", "split": "test_iter", "time_diff": 1.36389}
[06/27 13:07:36][INFO] logging.py:   99: json_stats: {"cur_iter": "178", "eta": "0:04:50", "split": "test_iter", "time_diff": 1.36323}
[06/27 13:07:37][INFO] logging.py:   99: json_stats: {"cur_iter": "179", "eta": "0:04:51", "split": "test_iter", "time_diff": 1.37445}
[06/27 13:07:40][INFO] logging.py:   99: json_stats: {"cur_iter": "180", "eta": "0:10:35", "split": "test_iter", "time_diff": 3.01202}
[06/27 13:07:42][INFO] logging.py:   99: json_stats: {"cur_iter": "181", "eta": "0:04:47", "split": "test_iter", "time_diff": 1.36710}
[06/27 13:08:19][INFO] logging.py:   99: json_stats: {"cur_iter": "182", "eta": "2:08:16", "split": "test_iter", "time_diff": 36.82428}
[06/27 13:08:20][INFO] logging.py:   99: json_stats: {"cur_iter": "183", "eta": "0:04:43", "split": "test_iter", "time_diff": 1.36242}
[06/27 13:08:21][INFO] logging.py:   99: json_stats: {"cur_iter": "184", "eta": "0:04:40", "split": "test_iter", "time_diff": 1.35518}
[06/27 13:08:23][INFO] logging.py:   99: json_stats: {"cur_iter": "185", "eta": "0:04:40", "split": "test_iter", "time_diff": 1.36256}
[06/27 13:08:24][INFO] logging.py:   99: json_stats: {"cur_iter": "186", "eta": "0:04:39", "split": "test_iter", "time_diff": 1.36228}
[06/27 13:08:25][INFO] logging.py:   99: json_stats: {"cur_iter": "187", "eta": "0:04:37", "split": "test_iter", "time_diff": 1.36270}
[06/27 13:08:27][INFO] logging.py:   99: json_stats: {"cur_iter": "188", "eta": "0:04:37", "split": "test_iter", "time_diff": 1.36561}
[06/27 13:08:28][INFO] logging.py:   99: json_stats: {"cur_iter": "189", "eta": "0:04:35", "split": "test_iter", "time_diff": 1.36301}
[06/27 13:09:03][INFO] logging.py:   99: json_stats: {"cur_iter": "190", "eta": "1:57:24", "split": "test_iter", "time_diff": 35.04859}
[06/27 13:09:05][INFO] logging.py:   99: json_stats: {"cur_iter": "191", "eta": "0:04:32", "split": "test_iter", "time_diff": 1.36108}
[06/27 13:09:06][INFO] logging.py:   99: json_stats: {"cur_iter": "192", "eta": "0:04:31", "split": "test_iter", "time_diff": 1.36667}
[06/27 13:09:07][INFO] logging.py:   99: json_stats: {"cur_iter": "193", "eta": "0:04:30", "split": "test_iter", "time_diff": 1.36388}
[06/27 13:09:09][INFO] logging.py:   99: json_stats: {"cur_iter": "194", "eta": "0:04:28", "split": "test_iter", "time_diff": 1.36543}
[06/27 13:09:10][INFO] logging.py:   99: json_stats: {"cur_iter": "195", "eta": "0:04:27", "split": "test_iter", "time_diff": 1.36592}
[06/27 13:09:12][INFO] logging.py:   99: json_stats: {"cur_iter": "196", "eta": "0:06:12", "split": "test_iter", "time_diff": 1.90915}
[06/27 13:09:13][INFO] logging.py:   99: json_stats: {"cur_iter": "197", "eta": "0:04:27", "split": "test_iter", "time_diff": 1.37635}
[06/27 13:09:47][INFO] logging.py:   99: json_stats: {"cur_iter": "198", "eta": "1:48:31", "split": "test_iter", "time_diff": 33.73749}
[06/27 13:09:48][INFO] logging.py:   99: json_stats: {"cur_iter": "199", "eta": "0:04:20", "split": "test_iter", "time_diff": 1.35936}
[06/27 13:09:50][INFO] logging.py:   99: json_stats: {"cur_iter": "200", "eta": "0:04:20", "split": "test_iter", "time_diff": 1.36162}
[06/27 13:09:51][INFO] logging.py:   99: json_stats: {"cur_iter": "201", "eta": "0:04:19", "split": "test_iter", "time_diff": 1.36412}
[06/27 13:09:53][INFO] logging.py:   99: json_stats: {"cur_iter": "202", "eta": "0:04:17", "split": "test_iter", "time_diff": 1.36344}
[06/27 13:09:54][INFO] logging.py:   99: json_stats: {"cur_iter": "203", "eta": "0:04:15", "split": "test_iter", "time_diff": 1.36000}
[06/27 13:10:00][INFO] logging.py:   99: json_stats: {"cur_iter": "204", "eta": "0:17:52", "split": "test_iter", "time_diff": 5.73701}
[06/27 13:10:01][INFO] logging.py:   99: json_stats: {"cur_iter": "205", "eta": "0:04:14", "split": "test_iter", "time_diff": 1.36611}
[06/27 13:10:31][INFO] logging.py:   99: json_stats: {"cur_iter": "206", "eta": "1:33:23", "split": "test_iter", "time_diff": 30.29123}
[06/27 13:10:33][INFO] logging.py:   99: json_stats: {"cur_iter": "207", "eta": "0:04:11", "split": "test_iter", "time_diff": 1.36611}
[06/27 13:10:34][INFO] logging.py:   99: json_stats: {"cur_iter": "208", "eta": "0:04:07", "split": "test_iter", "time_diff": 1.35519}
[06/27 13:10:35][INFO] logging.py:   99: json_stats: {"cur_iter": "209", "eta": "0:04:08", "split": "test_iter", "time_diff": 1.36665}
[06/27 13:10:37][INFO] logging.py:   99: json_stats: {"cur_iter": "210", "eta": "0:04:07", "split": "test_iter", "time_diff": 1.36837}
[06/27 13:10:38][INFO] logging.py:   99: json_stats: {"cur_iter": "211", "eta": "0:04:05", "split": "test_iter", "time_diff": 1.36191}
[06/27 13:10:45][INFO] logging.py:   99: json_stats: {"cur_iter": "212", "eta": "0:19:10", "split": "test_iter", "time_diff": 6.42909}
[06/27 13:10:46][INFO] logging.py:   99: json_stats: {"cur_iter": "213", "eta": "0:04:02", "split": "test_iter", "time_diff": 1.36043}
[06/27 13:11:22][INFO] logging.py:   99: json_stats: {"cur_iter": "214", "eta": "1:45:18", "split": "test_iter", "time_diff": 35.69725}
[06/27 13:11:23][INFO] logging.py:   99: json_stats: {"cur_iter": "215", "eta": "0:03:59", "split": "test_iter", "time_diff": 1.35826}
[06/27 13:11:24][INFO] logging.py:   99: json_stats: {"cur_iter": "216", "eta": "0:03:58", "split": "test_iter", "time_diff": 1.36028}
[06/27 13:11:26][INFO] logging.py:   99: json_stats: {"cur_iter": "217", "eta": "0:03:56", "split": "test_iter", "time_diff": 1.35870}
[06/27 13:11:27][INFO] logging.py:   99: json_stats: {"cur_iter": "218", "eta": "0:03:54", "split": "test_iter", "time_diff": 1.35837}
[06/27 13:11:28][INFO] logging.py:   99: json_stats: {"cur_iter": "219", "eta": "0:03:53", "split": "test_iter", "time_diff": 1.35676}
[06/27 13:11:30][INFO] logging.py:   99: json_stats: {"cur_iter": "220", "eta": "0:03:54", "split": "test_iter", "time_diff": 1.36906}
[06/27 13:11:31][INFO] logging.py:   99: json_stats: {"cur_iter": "221", "eta": "0:03:51", "split": "test_iter", "time_diff": 1.36255}
[06/27 13:12:07][INFO] logging.py:   99: json_stats: {"cur_iter": "222", "eta": "1:39:36", "split": "test_iter", "time_diff": 35.36306}
[06/27 13:12:08][INFO] logging.py:   99: json_stats: {"cur_iter": "223", "eta": "0:03:48", "split": "test_iter", "time_diff": 1.36285}
[06/27 13:12:09][INFO] logging.py:   99: json_stats: {"cur_iter": "224", "eta": "0:03:48", "split": "test_iter", "time_diff": 1.36833}
[06/27 13:12:11][INFO] logging.py:   99: json_stats: {"cur_iter": "225", "eta": "0:03:46", "split": "test_iter", "time_diff": 1.36213}
[06/27 13:12:12][INFO] logging.py:   99: json_stats: {"cur_iter": "226", "eta": "0:03:45", "split": "test_iter", "time_diff": 1.36464}
[06/27 13:12:13][INFO] logging.py:   99: json_stats: {"cur_iter": "227", "eta": "0:03:45", "split": "test_iter", "time_diff": 1.37477}
[06/27 13:12:15][INFO] logging.py:   99: json_stats: {"cur_iter": "228", "eta": "0:03:44", "split": "test_iter", "time_diff": 1.37562}
[06/27 13:12:16][INFO] logging.py:   99: json_stats: {"cur_iter": "229", "eta": "0:04:23", "split": "test_iter", "time_diff": 1.62551}
[06/27 13:12:59][INFO] logging.py:   99: json_stats: {"cur_iter": "230", "eta": "1:54:27", "split": "test_iter", "time_diff": 42.65617}
[06/27 13:13:00][INFO] logging.py:   99: json_stats: {"cur_iter": "231", "eta": "0:03:38", "split": "test_iter", "time_diff": 1.36346}
[06/27 13:13:02][INFO] logging.py:   99: json_stats: {"cur_iter": "232", "eta": "0:03:36", "split": "test_iter", "time_diff": 1.36159}
[06/27 13:13:03][INFO] logging.py:   99: json_stats: {"cur_iter": "233", "eta": "0:03:34", "split": "test_iter", "time_diff": 1.35970}
[06/27 13:13:04][INFO] logging.py:   99: json_stats: {"cur_iter": "234", "eta": "0:03:33", "split": "test_iter", "time_diff": 1.35950}
[06/27 13:13:06][INFO] logging.py:   99: json_stats: {"cur_iter": "235", "eta": "0:03:33", "split": "test_iter", "time_diff": 1.36824}
[06/27 13:13:07][INFO] logging.py:   99: json_stats: {"cur_iter": "236", "eta": "0:03:31", "split": "test_iter", "time_diff": 1.36645}
[06/27 13:13:09][INFO] logging.py:   99: json_stats: {"cur_iter": "237", "eta": "0:03:29", "split": "test_iter", "time_diff": 1.36224}
[06/27 13:13:43][INFO] logging.py:   99: json_stats: {"cur_iter": "238", "eta": "1:28:03", "split": "test_iter", "time_diff": 34.53412}
[06/27 13:13:44][INFO] logging.py:   99: json_stats: {"cur_iter": "239", "eta": "0:03:25", "split": "test_iter", "time_diff": 1.35444}
[06/27 13:13:46][INFO] logging.py:   99: json_stats: {"cur_iter": "240", "eta": "0:03:25", "split": "test_iter", "time_diff": 1.36259}
[06/27 13:13:47][INFO] logging.py:   99: json_stats: {"cur_iter": "241", "eta": "0:03:25", "split": "test_iter", "time_diff": 1.37200}
[06/27 13:13:49][INFO] logging.py:   99: json_stats: {"cur_iter": "242", "eta": "0:03:22", "split": "test_iter", "time_diff": 1.36075}
[06/27 13:13:50][INFO] logging.py:   99: json_stats: {"cur_iter": "243", "eta": "0:03:21", "split": "test_iter", "time_diff": 1.36311}
[06/27 13:13:51][INFO] logging.py:   99: json_stats: {"cur_iter": "244", "eta": "0:03:21", "split": "test_iter", "time_diff": 1.37316}
[06/27 13:13:53][INFO] logging.py:   99: json_stats: {"cur_iter": "245", "eta": "0:03:20", "split": "test_iter", "time_diff": 1.37123}
[06/27 13:14:29][INFO] logging.py:   99: json_stats: {"cur_iter": "246", "eta": "1:28:41", "split": "test_iter", "time_diff": 36.69676}
[06/27 13:14:31][INFO] logging.py:   99: json_stats: {"cur_iter": "247", "eta": "0:03:15", "split": "test_iter", "time_diff": 1.36090}
[06/27 13:14:32][INFO] logging.py:   99: json_stats: {"cur_iter": "248", "eta": "0:03:14", "split": "test_iter", "time_diff": 1.36214}
[06/27 13:14:33][INFO] logging.py:   99: json_stats: {"cur_iter": "249", "eta": "0:03:13", "split": "test_iter", "time_diff": 1.36244}
[06/27 13:14:35][INFO] logging.py:   99: json_stats: {"cur_iter": "250", "eta": "0:03:14", "split": "test_iter", "time_diff": 1.37602}
[06/27 13:14:36][INFO] logging.py:   99: json_stats: {"cur_iter": "251", "eta": "0:03:10", "split": "test_iter", "time_diff": 1.36390}
[06/27 13:14:38][INFO] logging.py:   99: json_stats: {"cur_iter": "252", "eta": "0:03:09", "split": "test_iter", "time_diff": 1.36185}
[06/27 13:14:52][INFO] logging.py:   99: json_stats: {"cur_iter": "253", "eta": "0:32:35", "split": "test_iter", "time_diff": 14.17086}
[06/27 13:15:22][INFO] logging.py:   99: json_stats: {"cur_iter": "254", "eta": "1:08:00", "split": "test_iter", "time_diff": 29.78123}
[06/27 13:15:23][INFO] logging.py:   99: json_stats: {"cur_iter": "255", "eta": "0:03:04", "split": "test_iter", "time_diff": 1.35824}
[06/27 13:15:24][INFO] logging.py:   99: json_stats: {"cur_iter": "256", "eta": "0:03:03", "split": "test_iter", "time_diff": 1.36141}
[06/27 13:15:26][INFO] logging.py:   99: json_stats: {"cur_iter": "257", "eta": "0:03:03", "split": "test_iter", "time_diff": 1.36704}
[06/27 13:15:27][INFO] logging.py:   99: json_stats: {"cur_iter": "258", "eta": "0:03:02", "split": "test_iter", "time_diff": 1.36904}
[06/27 13:15:28][INFO] logging.py:   99: json_stats: {"cur_iter": "259", "eta": "0:03:00", "split": "test_iter", "time_diff": 1.36532}
[06/27 13:15:30][INFO] logging.py:   99: json_stats: {"cur_iter": "260", "eta": "0:02:58", "split": "test_iter", "time_diff": 1.36517}
[06/27 13:15:38][INFO] logging.py:   99: json_stats: {"cur_iter": "261", "eta": "0:17:02", "split": "test_iter", "time_diff": 7.86167}
[06/27 13:16:12][INFO] logging.py:   99: json_stats: {"cur_iter": "262", "eta": "1:14:16", "split": "test_iter", "time_diff": 34.54438}
[06/27 13:16:13][INFO] logging.py:   99: json_stats: {"cur_iter": "263", "eta": "0:02:54", "split": "test_iter", "time_diff": 1.36362}
[06/27 13:16:15][INFO] logging.py:   99: json_stats: {"cur_iter": "264", "eta": "0:02:53", "split": "test_iter", "time_diff": 1.36295}
[06/27 13:16:16][INFO] logging.py:   99: json_stats: {"cur_iter": "265", "eta": "0:02:51", "split": "test_iter", "time_diff": 1.36277}
[06/27 13:16:18][INFO] logging.py:   99: json_stats: {"cur_iter": "266", "eta": "0:02:51", "split": "test_iter", "time_diff": 1.37200}
[06/27 13:16:19][INFO] logging.py:   99: json_stats: {"cur_iter": "267", "eta": "0:02:49", "split": "test_iter", "time_diff": 1.36354}
[06/27 13:16:20][INFO] logging.py:   99: json_stats: {"cur_iter": "268", "eta": "0:02:47", "split": "test_iter", "time_diff": 1.36333}
[06/27 13:16:45][INFO] logging.py:   99: json_stats: {"cur_iter": "269", "eta": "0:49:31", "split": "test_iter", "time_diff": 24.35533}
[06/27 13:17:11][INFO] logging.py:   99: json_stats: {"cur_iter": "270", "eta": "0:52:31", "split": "test_iter", "time_diff": 26.04286}
[06/27 13:17:12][INFO] logging.py:   99: json_stats: {"cur_iter": "271", "eta": "0:02:42", "split": "test_iter", "time_diff": 1.35656}
[06/27 13:17:13][INFO] logging.py:   99: json_stats: {"cur_iter": "272", "eta": "0:02:41", "split": "test_iter", "time_diff": 1.35573}
[06/27 13:17:15][INFO] logging.py:   99: json_stats: {"cur_iter": "273", "eta": "0:02:40", "split": "test_iter", "time_diff": 1.35882}
[06/27 13:17:16][INFO] logging.py:   99: json_stats: {"cur_iter": "274", "eta": "0:02:39", "split": "test_iter", "time_diff": 1.35940}
[06/27 13:17:18][INFO] logging.py:   99: json_stats: {"cur_iter": "275", "eta": "0:02:38", "split": "test_iter", "time_diff": 1.36211}
[06/27 13:17:19][INFO] logging.py:   99: json_stats: {"cur_iter": "276", "eta": "0:02:36", "split": "test_iter", "time_diff": 1.36002}
[06/27 13:17:20][INFO] logging.py:   99: json_stats: {"cur_iter": "277", "eta": "0:02:35", "split": "test_iter", "time_diff": 1.36299}
[06/27 13:17:54][INFO] logging.py:   99: json_stats: {"cur_iter": "278", "eta": "1:04:29", "split": "test_iter", "time_diff": 34.24049}
[06/27 13:17:56][INFO] logging.py:   99: json_stats: {"cur_iter": "279", "eta": "0:02:32", "split": "test_iter", "time_diff": 1.35890}
[06/27 13:17:57][INFO] logging.py:   99: json_stats: {"cur_iter": "280", "eta": "0:02:31", "split": "test_iter", "time_diff": 1.36061}
[06/27 13:17:59][INFO] logging.py:   99: json_stats: {"cur_iter": "281", "eta": "0:02:31", "split": "test_iter", "time_diff": 1.37460}
[06/27 13:18:00][INFO] logging.py:   99: json_stats: {"cur_iter": "282", "eta": "0:02:28", "split": "test_iter", "time_diff": 1.36146}
[06/27 13:18:01][INFO] logging.py:   99: json_stats: {"cur_iter": "283", "eta": "0:02:27", "split": "test_iter", "time_diff": 1.36702}
[06/27 13:18:03][INFO] logging.py:   99: json_stats: {"cur_iter": "284", "eta": "0:02:26", "split": "test_iter", "time_diff": 1.36874}
[06/27 13:18:04][INFO] logging.py:   99: json_stats: {"cur_iter": "285", "eta": "0:02:25", "split": "test_iter", "time_diff": 1.37296}
[06/27 13:18:51][INFO] logging.py:   99: json_stats: {"cur_iter": "286", "eta": "1:21:48", "split": "test_iter", "time_diff": 46.74698}
[06/27 13:18:52][INFO] logging.py:   99: json_stats: {"cur_iter": "287", "eta": "0:02:21", "split": "test_iter", "time_diff": 1.35764}
[06/27 13:18:54][INFO] logging.py:   99: json_stats: {"cur_iter": "288", "eta": "0:02:19", "split": "test_iter", "time_diff": 1.35657}
[06/27 13:18:55][INFO] logging.py:   99: json_stats: {"cur_iter": "289", "eta": "0:02:18", "split": "test_iter", "time_diff": 1.35840}
[06/27 13:18:56][INFO] logging.py:   99: json_stats: {"cur_iter": "290", "eta": "0:02:17", "split": "test_iter", "time_diff": 1.36115}
[06/27 13:18:58][INFO] logging.py:   99: json_stats: {"cur_iter": "291", "eta": "0:02:16", "split": "test_iter", "time_diff": 1.36036}
[06/27 13:18:59][INFO] logging.py:   99: json_stats: {"cur_iter": "292", "eta": "0:02:15", "split": "test_iter", "time_diff": 1.36632}
[06/27 13:19:00][INFO] logging.py:   99: json_stats: {"cur_iter": "293", "eta": "0:02:13", "split": "test_iter", "time_diff": 1.36518}
[06/27 13:19:34][INFO] logging.py:   99: json_stats: {"cur_iter": "294", "eta": "0:54:42", "split": "test_iter", "time_diff": 33.84135}
[06/27 13:19:36][INFO] logging.py:   99: json_stats: {"cur_iter": "295", "eta": "0:02:10", "split": "test_iter", "time_diff": 1.35925}
[06/27 13:19:37][INFO] logging.py:   99: json_stats: {"cur_iter": "296", "eta": "0:02:09", "split": "test_iter", "time_diff": 1.35982}
[06/27 13:19:38][INFO] logging.py:   99: json_stats: {"cur_iter": "297", "eta": "0:02:09", "split": "test_iter", "time_diff": 1.37603}
[06/27 13:19:40][INFO] logging.py:   99: json_stats: {"cur_iter": "298", "eta": "0:02:06", "split": "test_iter", "time_diff": 1.36469}
[06/27 13:19:41][INFO] logging.py:   99: json_stats: {"cur_iter": "299", "eta": "0:02:05", "split": "test_iter", "time_diff": 1.36892}
[06/27 13:19:42][INFO] logging.py:   99: json_stats: {"cur_iter": "300", "eta": "0:02:04", "split": "test_iter", "time_diff": 1.36495}
[06/27 13:19:44][INFO] logging.py:   99: json_stats: {"cur_iter": "301", "eta": "0:02:02", "split": "test_iter", "time_diff": 1.36452}
[06/27 13:20:24][INFO] logging.py:   99: json_stats: {"cur_iter": "302", "eta": "0:59:28", "split": "test_iter", "time_diff": 40.09225}
[06/27 13:20:25][INFO] logging.py:   99: json_stats: {"cur_iter": "303", "eta": "0:01:59", "split": "test_iter", "time_diff": 1.36364}
[06/27 13:20:27][INFO] logging.py:   99: json_stats: {"cur_iter": "304", "eta": "0:01:58", "split": "test_iter", "time_diff": 1.35998}
[06/27 13:20:28][INFO] logging.py:   99: json_stats: {"cur_iter": "305", "eta": "0:01:57", "split": "test_iter", "time_diff": 1.36123}
[06/27 13:20:29][INFO] logging.py:   99: json_stats: {"cur_iter": "306", "eta": "0:01:55", "split": "test_iter", "time_diff": 1.36179}
[06/27 13:20:31][INFO] logging.py:   99: json_stats: {"cur_iter": "307", "eta": "0:01:55", "split": "test_iter", "time_diff": 1.37374}
[06/27 13:20:32][INFO] logging.py:   99: json_stats: {"cur_iter": "308", "eta": "0:01:53", "split": "test_iter", "time_diff": 1.36523}
[06/27 13:20:33][INFO] logging.py:   99: json_stats: {"cur_iter": "309", "eta": "0:01:51", "split": "test_iter", "time_diff": 1.36404}
[06/27 13:21:08][INFO] logging.py:   99: json_stats: {"cur_iter": "310", "eta": "0:47:06", "split": "test_iter", "time_diff": 34.89202}
[06/27 13:21:10][INFO] logging.py:   99: json_stats: {"cur_iter": "311", "eta": "0:01:49", "split": "test_iter", "time_diff": 1.36271}
[06/27 13:21:11][INFO] logging.py:   99: json_stats: {"cur_iter": "312", "eta": "0:01:47", "split": "test_iter", "time_diff": 1.36288}
[06/27 13:21:12][INFO] logging.py:   99: json_stats: {"cur_iter": "313", "eta": "0:01:47", "split": "test_iter", "time_diff": 1.37415}
[06/27 13:21:14][INFO] logging.py:   99: json_stats: {"cur_iter": "314", "eta": "0:01:44", "split": "test_iter", "time_diff": 1.36264}
[06/27 13:21:15][INFO] logging.py:   99: json_stats: {"cur_iter": "315", "eta": "0:01:44", "split": "test_iter", "time_diff": 1.36848}
[06/27 13:21:17][INFO] logging.py:   99: json_stats: {"cur_iter": "316", "eta": "0:01:42", "split": "test_iter", "time_diff": 1.37085}
[06/27 13:21:18][INFO] logging.py:   99: json_stats: {"cur_iter": "317", "eta": "0:01:41", "split": "test_iter", "time_diff": 1.36962}
[06/27 13:21:51][INFO] logging.py:   99: json_stats: {"cur_iter": "318", "eta": "0:40:50", "split": "test_iter", "time_diff": 33.56690}
[06/27 13:21:53][INFO] logging.py:   99: json_stats: {"cur_iter": "319", "eta": "0:01:37", "split": "test_iter", "time_diff": 1.35834}
[06/27 13:21:54][INFO] logging.py:   99: json_stats: {"cur_iter": "320", "eta": "0:01:37", "split": "test_iter", "time_diff": 1.37167}
[06/27 13:21:56][INFO] logging.py:   99: json_stats: {"cur_iter": "321", "eta": "0:01:35", "split": "test_iter", "time_diff": 1.36190}
[06/27 13:21:57][INFO] logging.py:   99: json_stats: {"cur_iter": "322", "eta": "0:01:33", "split": "test_iter", "time_diff": 1.36213}
[06/27 13:21:58][INFO] logging.py:   99: json_stats: {"cur_iter": "323", "eta": "0:01:32", "split": "test_iter", "time_diff": 1.36012}
[06/27 13:22:00][INFO] logging.py:   99: json_stats: {"cur_iter": "324", "eta": "0:01:31", "split": "test_iter", "time_diff": 1.37047}
[06/27 13:22:01][INFO] logging.py:   99: json_stats: {"cur_iter": "325", "eta": "0:01:30", "split": "test_iter", "time_diff": 1.36533}
[06/27 13:22:36][INFO] logging.py:   99: json_stats: {"cur_iter": "326", "eta": "0:37:39", "split": "test_iter", "time_diff": 34.76025}
[06/27 13:22:37][INFO] logging.py:   99: json_stats: {"cur_iter": "327", "eta": "0:01:27", "split": "test_iter", "time_diff": 1.36112}
[06/27 13:22:39][INFO] logging.py:   99: json_stats: {"cur_iter": "328", "eta": "0:01:25", "split": "test_iter", "time_diff": 1.36218}
[06/27 13:22:40][INFO] logging.py:   99: json_stats: {"cur_iter": "329", "eta": "0:01:24", "split": "test_iter", "time_diff": 1.36209}
[06/27 13:22:41][INFO] logging.py:   99: json_stats: {"cur_iter": "330", "eta": "0:01:23", "split": "test_iter", "time_diff": 1.36313}
[06/27 13:22:43][INFO] logging.py:   99: json_stats: {"cur_iter": "331", "eta": "0:01:22", "split": "test_iter", "time_diff": 1.37098}
[06/27 13:22:44][INFO] logging.py:   99: json_stats: {"cur_iter": "332", "eta": "0:01:20", "split": "test_iter", "time_diff": 1.36349}
[06/27 13:22:45][INFO] logging.py:   99: json_stats: {"cur_iter": "333", "eta": "0:01:19", "split": "test_iter", "time_diff": 1.36612}
[06/27 13:23:19][INFO] logging.py:   99: json_stats: {"cur_iter": "334", "eta": "0:31:47", "split": "test_iter", "time_diff": 33.47240}
[06/27 13:23:20][INFO] logging.py:   99: json_stats: {"cur_iter": "335", "eta": "0:01:16", "split": "test_iter", "time_diff": 1.36096}
[06/27 13:23:22][INFO] logging.py:   99: json_stats: {"cur_iter": "336", "eta": "0:01:14", "split": "test_iter", "time_diff": 1.36061}
[06/27 13:23:23][INFO] logging.py:   99: json_stats: {"cur_iter": "337", "eta": "0:01:14", "split": "test_iter", "time_diff": 1.37038}
[06/27 13:23:24][INFO] logging.py:   99: json_stats: {"cur_iter": "338", "eta": "0:01:12", "split": "test_iter", "time_diff": 1.36726}
[06/27 13:23:26][INFO] logging.py:   99: json_stats: {"cur_iter": "339", "eta": "0:01:10", "split": "test_iter", "time_diff": 1.36327}
[06/27 13:23:27][INFO] logging.py:   99: json_stats: {"cur_iter": "340", "eta": "0:01:09", "split": "test_iter", "time_diff": 1.36770}
[06/27 13:23:28][INFO] logging.py:   99: json_stats: {"cur_iter": "341", "eta": "0:01:08", "split": "test_iter", "time_diff": 1.36756}
[06/27 13:24:03][INFO] logging.py:   99: json_stats: {"cur_iter": "342", "eta": "0:28:09", "split": "test_iter", "time_diff": 34.48120}
[06/27 13:24:04][INFO] logging.py:   99: json_stats: {"cur_iter": "343", "eta": "0:01:05", "split": "test_iter", "time_diff": 1.35956}
[06/27 13:24:06][INFO] logging.py:   99: json_stats: {"cur_iter": "344", "eta": "0:01:03", "split": "test_iter", "time_diff": 1.35720}
[06/27 13:24:07][INFO] logging.py:   99: json_stats: {"cur_iter": "345", "eta": "0:01:02", "split": "test_iter", "time_diff": 1.36345}
[06/27 13:24:08][INFO] logging.py:   99: json_stats: {"cur_iter": "346", "eta": "0:01:01", "split": "test_iter", "time_diff": 1.36911}
[06/27 13:24:10][INFO] logging.py:   99: json_stats: {"cur_iter": "347", "eta": "0:00:59", "split": "test_iter", "time_diff": 1.36311}
[06/27 13:24:11][INFO] logging.py:   99: json_stats: {"cur_iter": "348", "eta": "0:00:58", "split": "test_iter", "time_diff": 1.36810}
[06/27 13:24:12][INFO] logging.py:   99: json_stats: {"cur_iter": "349", "eta": "0:00:57", "split": "test_iter", "time_diff": 1.36588}
[06/27 13:24:49][INFO] logging.py:   99: json_stats: {"cur_iter": "350", "eta": "0:24:46", "split": "test_iter", "time_diff": 36.26125}
[06/27 13:24:50][INFO] logging.py:   99: json_stats: {"cur_iter": "351", "eta": "0:00:54", "split": "test_iter", "time_diff": 1.36491}
[06/27 13:24:51][INFO] logging.py:   99: json_stats: {"cur_iter": "352", "eta": "0:00:53", "split": "test_iter", "time_diff": 1.36031}
[06/27 13:24:53][INFO] logging.py:   99: json_stats: {"cur_iter": "353", "eta": "0:00:52", "split": "test_iter", "time_diff": 1.36936}
[06/27 13:24:54][INFO] logging.py:   99: json_stats: {"cur_iter": "354", "eta": "0:00:50", "split": "test_iter", "time_diff": 1.36391}
[06/27 13:24:56][INFO] logging.py:   99: json_stats: {"cur_iter": "355", "eta": "0:00:49", "split": "test_iter", "time_diff": 1.36708}
[06/27 13:24:57][INFO] logging.py:   99: json_stats: {"cur_iter": "356", "eta": "0:00:47", "split": "test_iter", "time_diff": 1.36480}
[06/27 13:24:58][INFO] logging.py:   99: json_stats: {"cur_iter": "357", "eta": "0:00:46", "split": "test_iter", "time_diff": 1.36899}
[06/27 13:25:40][INFO] logging.py:   99: json_stats: {"cur_iter": "358", "eta": "0:22:55", "split": "test_iter", "time_diff": 41.67659}
[06/27 13:25:41][INFO] logging.py:   99: json_stats: {"cur_iter": "359", "eta": "0:00:43", "split": "test_iter", "time_diff": 1.36300}
[06/27 13:25:43][INFO] logging.py:   99: json_stats: {"cur_iter": "360", "eta": "0:00:42", "split": "test_iter", "time_diff": 1.36005}
[06/27 13:25:44][INFO] logging.py:   99: json_stats: {"cur_iter": "361", "eta": "0:00:40", "split": "test_iter", "time_diff": 1.35778}
[06/27 13:25:45][INFO] logging.py:   99: json_stats: {"cur_iter": "362", "eta": "0:00:39", "split": "test_iter", "time_diff": 1.36145}
[06/27 13:25:47][INFO] logging.py:   99: json_stats: {"cur_iter": "363", "eta": "0:00:38", "split": "test_iter", "time_diff": 1.36386}
[06/27 13:25:48][INFO] logging.py:   99: json_stats: {"cur_iter": "364", "eta": "0:00:37", "split": "test_iter", "time_diff": 1.37113}
[06/27 13:25:49][INFO] logging.py:   99: json_stats: {"cur_iter": "365", "eta": "0:00:35", "split": "test_iter", "time_diff": 1.36156}
[06/27 13:26:24][INFO] logging.py:   99: json_stats: {"cur_iter": "366", "eta": "0:14:28", "split": "test_iter", "time_diff": 34.74935}
[06/27 13:26:26][INFO] logging.py:   99: json_stats: {"cur_iter": "367", "eta": "0:00:32", "split": "test_iter", "time_diff": 1.37014}
[06/27 13:26:27][INFO] logging.py:   99: json_stats: {"cur_iter": "368", "eta": "0:00:31", "split": "test_iter", "time_diff": 1.36041}
[06/27 13:26:28][INFO] logging.py:   99: json_stats: {"cur_iter": "369", "eta": "0:00:29", "split": "test_iter", "time_diff": 1.36199}
[06/27 13:26:30][INFO] logging.py:   99: json_stats: {"cur_iter": "370", "eta": "0:00:28", "split": "test_iter", "time_diff": 1.35823}
[06/27 13:26:31][INFO] logging.py:   99: json_stats: {"cur_iter": "371", "eta": "0:00:27", "split": "test_iter", "time_diff": 1.36805}
[06/27 13:26:32][INFO] logging.py:   99: json_stats: {"cur_iter": "372", "eta": "0:00:25", "split": "test_iter", "time_diff": 1.36627}
[06/27 13:26:34][INFO] logging.py:   99: json_stats: {"cur_iter": "373", "eta": "0:00:24", "split": "test_iter", "time_diff": 1.37091}
[06/27 13:27:11][INFO] logging.py:   99: json_stats: {"cur_iter": "374", "eta": "0:10:26", "split": "test_iter", "time_diff": 36.86927}
[06/27 13:27:12][INFO] logging.py:   99: json_stats: {"cur_iter": "375", "eta": "0:00:21", "split": "test_iter", "time_diff": 1.35981}
[06/27 13:27:13][INFO] logging.py:   99: json_stats: {"cur_iter": "376", "eta": "0:00:20", "split": "test_iter", "time_diff": 1.36250}
[06/27 13:27:15][INFO] logging.py:   99: json_stats: {"cur_iter": "377", "eta": "0:00:19", "split": "test_iter", "time_diff": 1.37036}
[06/27 13:27:16][INFO] logging.py:   99: json_stats: {"cur_iter": "378", "eta": "0:00:17", "split": "test_iter", "time_diff": 1.36754}
[06/27 13:27:18][INFO] logging.py:   99: json_stats: {"cur_iter": "379", "eta": "0:00:16", "split": "test_iter", "time_diff": 1.36590}
[06/27 13:27:19][INFO] logging.py:   99: json_stats: {"cur_iter": "380", "eta": "0:00:14", "split": "test_iter", "time_diff": 1.36268}
[06/27 13:27:20][INFO] logging.py:   99: json_stats: {"cur_iter": "381", "eta": "0:00:13", "split": "test_iter", "time_diff": 1.36428}
[06/27 13:27:54][INFO] logging.py:   99: json_stats: {"cur_iter": "382", "eta": "0:05:08", "split": "test_iter", "time_diff": 34.23040}
[06/27 13:27:56][INFO] logging.py:   99: json_stats: {"cur_iter": "383", "eta": "0:00:10", "split": "test_iter", "time_diff": 1.35758}
[06/27 13:27:57][INFO] logging.py:   99: json_stats: {"cur_iter": "384", "eta": "0:00:09", "split": "test_iter", "time_diff": 1.35542}
[06/27 13:27:59][INFO] logging.py:   99: json_stats: {"cur_iter": "385", "eta": "0:00:08", "split": "test_iter", "time_diff": 1.35446}
[06/27 13:28:00][INFO] logging.py:   99: json_stats: {"cur_iter": "386", "eta": "0:00:06", "split": "test_iter", "time_diff": 1.35868}
[06/27 13:28:01][INFO] logging.py:   99: json_stats: {"cur_iter": "387", "eta": "0:00:05", "split": "test_iter", "time_diff": 1.35920}
[06/27 13:28:03][INFO] logging.py:   99: json_stats: {"cur_iter": "388", "eta": "0:00:04", "split": "test_iter", "time_diff": 1.36180}
[06/27 13:28:04][INFO] logging.py:   99: json_stats: {"cur_iter": "389", "eta": "0:00:02", "split": "test_iter", "time_diff": 1.36288}
[06/27 13:28:05][INFO] logging.py:   99: json_stats: {"cur_iter": "390", "eta": "0:00:01", "split": "test_iter", "time_diff": 1.22458}
[06/27 13:28:05][INFO] test_net.py:  225: Successfully saved prediction results to /mnt/imslowfast/results/species_classification/mvitv2_offset_f=32_test/mvitv2_offset_f=32_test.pkl
[06/27 13:28:05][INFO] logging.py:   99: json_stats: {"split": "test_final", "top1_acc": "56.77", "top5_acc": "83.93"}
[06/27 13:28:05][INFO] test_net.py:  393: Finalized testing with 1 temporal clips and 1 spatial crops
[06/27 13:28:05][INFO] test_net.py:  413: _p34.28_f229.28_1a56.77 Top5 Acc: 83.93 MEM: 69.46 f: 229.2844
[06/27 13:28:05][INFO] test_net.py:  414: _p34.28_f229.28_1a56.77
