Running on host x3002c0s13b1mg0
Time is Fri 27 Jun 2025 02:13:28 PM UTC
Slurm job ID is 15701
config files: ['/mnt/imslowfast/configs/species_classification/test/mvit/MVIT_B_16x4_OVERLAPPING_F=32_OFFSET.yaml']
[06/27 14:14:00][INFO] test_net.py:  276: Test with config:
[06/27 14:14:00][INFO] test_net.py:  277: AUG:
  AA_TYPE: rand-m7-n4-mstd0.5-inc1
  COLOR_JITTER: 0.4
  ENABLE: False
  GEN_MASK_LOADER: False
  INTERPOLATION: bicubic
  MANIFOLD_MIXUP: False
  MANIFOLD_MIXUP_ALPHA: 1.0
  MANIFOLD_MIXUP_CLASS_FREQUENCIES: 
  MANIFOLD_MIXUP_PAIRS: False
  MANIFOLD_MIXUP_TRIPLETS: False
  MASK_FRAMES: False
  MASK_RATIO: 0.0
  MASK_TUBE: False
  MASK_WINDOW_SIZE: [8, 7, 7]
  MAX_MASK_PATCHES_PER_BLOCK: None
  NUM_SAMPLE: 1
  RE_COUNT: 1
  RE_MODE: pixel
  RE_PROB: 0.25
  RE_SPLIT: False
AVA:
  ANNOTATION_DIR: /mnt/vol/gfsai-flash3-east/ai-group/users/haoqifan/ava/frame_list/
  BGR: False
  DETECTION_SCORE_THRESH: 0.9
  EXCLUSION_FILE: ava_val_excluded_timestamps_v2.2.csv
  FRAME_DIR: /mnt/fair-flash3-east/ava_trainval_frames.img/
  FRAME_LIST_DIR: /mnt/vol/gfsai-flash3-east/ai-group/users/haoqifan/ava/frame_list/
  FULL_TEST_ON_VAL: False
  GROUNDTRUTH_FILE: ava_val_v2.2.csv
  IMG_PROC_BACKEND: cv2
  LABEL_MAP_FILE: ava_action_list_v2.2_for_activitynet_2019.pbtxt
  TEST_FORCE_FLIP: False
  TEST_LISTS: ['val.csv']
  TEST_PREDICT_BOX_LISTS: ['ava_val_predicted_boxes.csv']
  TRAIN_GT_BOX_LISTS: ['ava_train_v2.2.csv']
  TRAIN_LISTS: ['train.csv']
  TRAIN_PCA_JITTER_ONLY: True
  TRAIN_PREDICT_BOX_LISTS: []
  TRAIN_USE_COLOR_AUGMENTATION: False
BENCHMARK:
  LOG_PERIOD: 100
  NUM_EPOCHS: 5
  SHUFFLE: True
BN:
  GLOBAL_SYNC: False
  NORM_TYPE: batchnorm
  NUM_BATCHES_PRECISE: 200
  NUM_SPLITS: 1
  NUM_SYNC_DEVICES: 1
  USE_PRECISE_STATS: False
  WEIGHT_DECAY: 0.0
CONTRASTIVE:
  BN_MLP: False
  BN_SYNC_MLP: False
  DELTA_CLIPS_MAX: inf
  DELTA_CLIPS_MIN: -inf
  DIM: 128
  INTERP_MEMORY: False
  KNN_ON: True
  LENGTH: 239975
  LOCAL_SHUFFLE_BN: True
  MEM_TYPE: 1d
  MLP_DIM: 2048
  MOCO_MULTI_VIEW_QUEUE: False
  MOMENTUM: 0.5
  MOMENTUM_ANNEALING: False
  NUM_CLASSES_DOWNSTREAM: 400
  NUM_MLP_LAYERS: 1
  PREDICTOR_DEPTHS: []
  QUEUE_LEN: 65536
  SEQUENTIAL: False
  SIMCLR_DIST_ON: True
  SWAV_QEUE_LEN: 0
  T: 0.07
  TYPE: mem
DATA:
  COLOR_RND_GRAYSCALE: 0.0
  DECODING_BACKEND: torchvision
  DECODING_SHORT_SIZE: 256
  DUMMY_LOAD: False
  ENSEMBLE_METHOD: sum
  IN22K_TRAINVAL: False
  IN22k_VAL_IN1K: 
  INPUT_CHANNEL_NUM: [3]
  INV_UNIFORM_SAMPLE: False
  IN_VAL_CROP_RATIO: 0.875
  LOADER_CHUNK_OVERALL_SIZE: 0
  LOADER_CHUNK_SIZE: 0
  MEAN: [0.45, 0.45, 0.45]
  MULTI_LABEL: False
  NUM_FRAMES: 32
  PATH_LABEL_SEPARATOR:  
  PATH_LABEL_SEPARATOR_IDX: -1
  PATH_PREFIX: /mnt/data/tps_offset_videos
  PATH_TO_DATA_DIR: /mnt/data/top_priority_annotations/kinetics/offset
  PATH_TO_PRELOAD_IMDB: 
  PSEUDO_LABELS: 
  PSEUDO_LABELS_WEIGHT: 1.0
  RANDOM_FLIP: True
  REVERSE_INPUT_CHANNEL: False
  SAMPLING_RATE: 24
  SKIP_ROWS: 0
  SPATIAL_SAMPLING: False
  SSL_BLUR_SIGMA_MAX: [0.0, 2.0]
  SSL_BLUR_SIGMA_MIN: [0.0, 0.1]
  SSL_COLOR_BRI_CON_SAT: [0.4, 0.4, 0.4]
  SSL_COLOR_HUE: 0.1
  SSL_COLOR_JITTER: False
  SSL_MOCOV2_AUG: False
  STD: [0.225, 0.225, 0.225]
  TARGET_FPS: 30
  TEST_CROP_SIZE: 256
  TIME_DIFF_PROB: 0.0
  TRAIN_CROP_NUM_SPATIAL: 1
  TRAIN_CROP_NUM_TEMPORAL: 1
  TRAIN_CROP_SIZE: 256
  TRAIN_JITTER_ASPECT_RELATIVE: [0.75, 1.3333]
  TRAIN_JITTER_FPS: 0.0
  TRAIN_JITTER_MOTION_SHIFT: False
  TRAIN_JITTER_SCALES: [256, 320]
  TRAIN_JITTER_SCALES_RELATIVE: [0.08, 1.0]
  TRAIN_PCA_EIGVAL: [0.225, 0.224, 0.229]
  TRAIN_PCA_EIGVEC: [[-0.5675, 0.7192, 0.4009], [-0.5808, -0.0045, -0.814], [-0.5836, -0.6948, 0.4203]]
  USE_MEAN: True
  USE_OFFSET_SAMPLING: True
DATA_LOADER:
  ENABLE_MULTI_THREAD_DECODE: False
  NUM_WORKERS: 8
  PIN_MEMORY: True
DEMO:
  BUFFER_SIZE: 0
  CLIP_VIS_SIZE: 10
  COMMON_CLASS_NAMES: ['watch (a person)', 'talk to (e.g., self, a person, a group)', 'listen to (a person)', 'touch (an object)', 'carry/hold (an object)', 'walk', 'sit', 'lie/sleep', 'bend/bow (at the waist)']
  COMMON_CLASS_THRES: 0.7
  DETECTRON2_CFG: COCO-Detection/faster_rcnn_R_50_FPN_3x.yaml
  DETECTRON2_THRESH: 0.9
  DETECTRON2_WEIGHTS: detectron2://COCO-Detection/faster_rcnn_R_50_FPN_3x/137849458/model_final_280758.pkl
  DISPLAY_HEIGHT: 0
  DISPLAY_WIDTH: 0
  ENABLE: False
  FPS: 30
  GT_BOXES: 
  INPUT_FORMAT: BGR
  INPUT_VIDEO: 
  LABEL_FILE_PATH: 
  NUM_CLIPS_SKIP: 0
  NUM_VIS_INSTANCES: 2
  OUTPUT_FILE: 
  OUTPUT_FPS: -1
  PREDS_BOXES: 
  SLOWMO: 1
  STARTING_SECOND: 900
  THREAD_ENABLE: False
  UNCOMMON_CLASS_THRES: 0.3
  VIS_MODE: thres
  WEBCAM: -1
DETECTION:
  ALIGNED: True
  ENABLE: False
  ROI_XFORM_RESOLUTION: 7
  SPATIAL_SCALE_FACTOR: 16
DIST_BACKEND: nccl
FGFG_MIXUP:
  ENABLE: False
FG_BG_MIXUP:
  ADD_BG:
    ALPHA_MAX: 1.0
    ALPHA_MIN: 0.0
    ENABLE: False
    SCHEDULER: linear
  ADD_BG2:
    ENABLE: False
    START_FROM_EPOCH: 100
  CONCAT_BG_FRAMES:
    ENABLE: False
    RATIO: 1.0
    SORT_BG_FRAMES: False
    SUBSAMPLE_CONCAT_FRAMES: False
  ENABLE: False
  GEN_BG_NO_GRAD: False
  MIX_ON_EVAL: False
  RAND_SUB: False
  SELECT_RAND_BG_FRAME:
    DUPLICATE_FRAME: False
    ENABLE: False
  SUBTRACT_BG:
    ALPHA_MAX: 1.0
    ALPHA_MIN: 0.0
    APPLY_CLASSWISE:
      CLASSES: []
      ENABLE: False
    ENABLE: False
    ORTHO_EMBS: False
    SCHEDULER: linear
FRAMEWISE_MIXUP:
  ENABLE: False
  INDEPENDENT_FRAME_MIX: False
  RANDOMISE_FRAME_MIX: False
LOG_MODEL_INFO: True
LOG_PERIOD: 10
MASK:
  DECODER_DEPTH: 0
  DECODER_EMBED_DIM: 512
  DECODER_SEP_POS_EMBED: False
  DEC_KV_KERNEL: []
  DEC_KV_STRIDE: []
  ENABLE: False
  HEAD_TYPE: separate
  MAE_ON: False
  MAE_RND_MASK: False
  NORM_PRED_PIXEL: True
  PER_FRAME_MASKING: False
  PRED_HOG: False
  PRETRAIN_DEPTH: [15]
  SCALE_INIT_BY_DEPTH: False
  TIME_STRIDE_LOSS: True
MIXUP:
  ALPHA: 0.8
  CUTMIX_ALPHA: 1.0
  ENABLE: False
  LABEL_SMOOTH_VALUE: 0.1
  PROB: 1.0
  SWITCH_PROB: 0.5
MODEL:
  ACT_CHECKPOINT: False
  ARCH: mvit
  DETACH_FINAL_FC: False
  DETACH_HEAD: False
  DROPCONNECT_RATE: 0.0
  DROPOUT_RATE: 0.5
  FC_INIT_STD: 0.01
  FEAT_AGGREGATOR: avg_pool
  FP16_ALLREDUCE: False
  FROZEN_BN: False
  HEAD_ACT: none
  HEAD_MLP_DIM: 2048
  LOSS_FUNC: cross_entropy
  MODEL_NAME: MViT
  MULTI_PATHWAY_ARCH: ['slowfast']
  NUM_CLASSES: 16
  REINIT_HEAD: False
  SINGLE_PATHWAY_ARCH: ['2d', 'c2d', 'i3d', 'slow', 'x3d', 'mvit', 'maskmvit']
MULTIGRID:
  BN_BASE_SIZE: 8
  DEFAULT_B: 0
  DEFAULT_S: 0
  DEFAULT_T: 0
  EPOCH_FACTOR: 1.5
  EVAL_FREQ: 3
  LONG_CYCLE: False
  LONG_CYCLE_FACTORS: [(0.25, 0.7071067811865476), (0.5, 0.7071067811865476), (0.5, 1), (1, 1)]
  LONG_CYCLE_SAMPLING_RATE: 0
  SHORT_CYCLE: False
  SHORT_CYCLE_FACTORS: [0.5, 0.7071067811865476]
MVIT:
  CLS_EMBED_ON: True
  DEPTH: 16
  DIM_MUL: [[1, 2.0], [3, 2.0], [14, 2.0]]
  DIM_MUL_IN_ATT: True
  DROPOUT_RATE: 0.0
  DROPPATH_RATE: 0.2
  EMBED_DIM: 96
  HEAD_INIT_SCALE: 1.0
  HEAD_MUL: [[1, 2.0], [3, 2.0], [14, 2.0]]
  LAYER_SCALE_INIT_VALUE: 0.0
  MLP_RATIO: 4.0
  MODE: conv
  NORM: layernorm
  NORM_STEM: False
  NUM_HEADS: 1
  PATCH_2D: False
  PATCH_KERNEL: [3, 7, 7]
  PATCH_PADDING: [1, 3, 3]
  PATCH_STRIDE: [2, 4, 4]
  POOL_FIRST: False
  POOL_KVQ_KERNEL: [3, 3, 3]
  POOL_KV_STRIDE: []
  POOL_KV_STRIDE_ADAPTIVE: [1, 8, 8]
  POOL_Q_STRIDE: [[0, 1, 1, 1], [1, 1, 2, 2], [2, 1, 1, 1], [3, 1, 2, 2], [4, 1, 1, 1], [5, 1, 1, 1], [6, 1, 1, 1], [7, 1, 1, 1], [8, 1, 1, 1], [9, 1, 1, 1], [10, 1, 1, 1], [11, 1, 1, 1], [12, 1, 1, 1], [13, 1, 1, 1], [14, 1, 2, 2], [15, 1, 1, 1]]
  QKV_BIAS: True
  REL_POS_SPATIAL: True
  REL_POS_TEMPORAL: True
  REL_POS_ZERO_INIT: False
  RESIDUAL_POOLING: True
  REV:
    BUFFER_LAYERS: []
    ENABLE: False
    PRE_Q_FUSION: avg
    RESPATH_FUSE: concat
    RES_PATH: conv
  SEPARATE_QKV: False
  SEP_POS_EMBED: False
  USE_ABS_POS: False
  USE_FIXED_SINCOS_POS: False
  USE_MEAN_POOLING: False
  ZERO_DECAY_POS_CLS: False
NONLOCAL:
  GROUP: [[1], [1], [1], [1]]
  INSTANTIATION: dot_product
  LOCATION: [[[]], [[]], [[]], [[]]]
  POOL: [[[1, 2, 2], [1, 2, 2]], [[1, 2, 2], [1, 2, 2]], [[1, 2, 2], [1, 2, 2]], [[1, 2, 2], [1, 2, 2]]]
NUM_GPUS: 1
NUM_SHARDS: 1
OUTPUT_DIR: /mnt/imslowfast/results/species_classification/mvitv2_overlapping_f=32_offset
RESNET:
  DEPTH: 50
  INPLACE_RELU: True
  NUM_BLOCK_TEMP_KERNEL: [[3], [4], [6], [3]]
  NUM_GROUPS: 1
  SPATIAL_DILATIONS: [[1], [1], [1], [1]]
  SPATIAL_STRIDES: [[1], [2], [2], [2]]
  STRIDE_1X1: False
  TRANS_FUNC: bottleneck_transform
  WIDTH_PER_GROUP: 64
  ZERO_INIT_FINAL_BN: False
  ZERO_INIT_FINAL_CONV: False
RNG_SEED: 0
SAMPLING:
  BALANCED: False
  BALANCE_TYPE: None
SHARD_ID: 0
SLOWFAST:
  ALPHA: 8
  BETA_INV: 8
  FUSION_CONV_CHANNEL_RATIO: 2
  FUSION_KERNEL_SZ: 5
SOLVER:
  BASE_LR: 0.0001
  BASE_LR_SCALE_NUM_SHARDS: True
  BETAS: (0.9, 0.999)
  CLIP_GRAD_L2NORM: 1.0
  CLIP_GRAD_VAL: None
  COSINE_AFTER_WARMUP: True
  COSINE_END_LR: 1e-06
  DAMPENING: 0.0
  GAMMA: 0.1
  LARS_ON: False
  LAYER_DECAY: 1.0
  LRS: []
  LR_POLICY: cosine
  MAX_EPOCH: 48
  MOMENTUM: 0.9
  NESTEROV: True
  OPTIMIZING_METHOD: adamw
  STEPS: []
  STEP_SIZE: 1
  WARMUP_EPOCHS: 5.0
  WARMUP_FACTOR: 0.1
  WARMUP_START_LR: 1e-06
  WEIGHT_DECAY: 0.05
  ZERO_WD_1D_PARAM: True
TAP:
  ENABLE: False
  NUM_CLIPS: 4
  NUM_FRAMES: 4
  OVERLAP: None
  SLIDING_WINDOW: False
TASK: 
TENSORBOARD:
  CATEGORIES_PATH: 
  CLASS_NAMES_PATH: 
  CONFUSION_MATRIX:
    ENABLE: False
    FIGSIZE: [8, 8]
    SUBSET_PATH: 
  ENABLE: True
  HISTOGRAM:
    ENABLE: False
    FIGSIZE: [8, 8]
    SUBSET_PATH: 
    TOPK: 10
  LOG_DIR: 
  MODEL_VIS:
    ACTIVATIONS: False
    COLORMAP: Pastel2
    ENABLE: False
    GRAD_CAM:
      COLORMAP: viridis
      ENABLE: True
      LAYER_LIST: []
      USE_TRUE_LABEL: False
    INPUT_VIDEO: False
    LAYER_LIST: []
    MODEL_WEIGHTS: False
    TOPK_PREDS: 1
  PREDICTIONS_PATH: 
  WRONG_PRED_VIS:
    ENABLE: False
    SUBSET_PATH: 
    TAG: Incorrectly classified videos.
TEST:
  BATCH_SIZE: 40
  CHECKPOINT_FILE_PATH: /mnt/imslowfast/results/species_classification/mvitv2_overlapping_f=32/checkpoint_epoch_00045.pyth
  CHECKPOINT_TYPE: pytorch
  DATASET: kinetics
  ENABLE: True
  NUM_ENSEMBLE_VIEWS: 1
  NUM_SPATIAL_CROPS: 1
  NUM_TEMPORAL_CLIPS: [1]
  RETURN_CAS: False
  RETURN_FEATS: False
  SAVE_RESULTS_PATH: mvitv2_overlapping_f=32_offset.pkl
TRAIN:
  AUTO_RESUME: True
  BATCH_SIZE: 64
  BG_MODEL_CHECKPOINT_FILE_PATH: 
  BG_MODEL_CHECKPOINT_TYPE: pytorch
  CHECKPOINT_CLEAR_NAME_PATTERN: ()
  CHECKPOINT_EPOCH_RESET: False
  CHECKPOINT_FILE_PATH: 
  CHECKPOINT_INFLATE: False
  CHECKPOINT_IN_INIT: False
  CHECKPOINT_PERIOD: 5
  CHECKPOINT_TYPE: pytorch
  DATASET: kinetics
  ENABLE: False
  EVAL_PERIOD: 1
  FG_MODEL_CHECKPOINT_FILE_PATH: 
  FG_MODEL_CHECKPOINT_TYPE: pytorch
  KILL_LOSS_EXPLOSION_FACTOR: 0.0
  MIXED_PRECISION: True
USE_SBATCH: False
VIS_MASK:
  ENABLE: False
X3D:
  BN_LIN5: False
  BOTTLENECK_FACTOR: 1.0
  CHANNELWISE_3x3x3: True
  DEPTH_FACTOR: 1.0
  DIM_C1: 12
  DIM_C5: 2048
  SCALE_RES2: False
  WIDTH_FACTOR: 1.0
[06/27 14:14:02][INFO] misc.py:  237: Model:
MViT(
  (patch_embed): PatchEmbed(
    (proj): Conv3d(3, 96, kernel_size=(3, 7, 7), stride=(2, 4, 4), padding=(1, 3, 3))
  )
  (blocks): ModuleList(
    (0): MultiScaleBlock(
      (norm1): LayerNorm((96,), eps=1e-06, elementwise_affine=True)
      (attn): MultiScaleAttention(
        (qkv): Linear(in_features=96, out_features=288, bias=True)
        (proj): Linear(in_features=96, out_features=96, bias=True)
        (pool_q): Conv3d(96, 96, kernel_size=(3, 3, 3), stride=(1, 1, 1), padding=(1, 1, 1), groups=96, bias=False)
        (norm_q): LayerNorm((96,), eps=1e-06, elementwise_affine=True)
        (pool_k): Conv3d(96, 96, kernel_size=(3, 3, 3), stride=(1, 8, 8), padding=(1, 1, 1), groups=96, bias=False)
        (norm_k): LayerNorm((96,), eps=1e-06, elementwise_affine=True)
        (pool_v): Conv3d(96, 96, kernel_size=(3, 3, 3), stride=(1, 8, 8), padding=(1, 1, 1), groups=96, bias=False)
        (norm_v): LayerNorm((96,), eps=1e-06, elementwise_affine=True)
      )
      (drop_path): Identity()
      (norm2): LayerNorm((96,), eps=1e-06, elementwise_affine=True)
      (mlp): Mlp(
        (fc1): Linear(in_features=96, out_features=384, bias=True)
        (act): GELU(approximate='none')
        (fc2): Linear(in_features=384, out_features=96, bias=True)
      )
    )
    (1): MultiScaleBlock(
      (norm1): LayerNorm((96,), eps=1e-06, elementwise_affine=True)
      (attn): MultiScaleAttention(
        (qkv): Linear(in_features=96, out_features=576, bias=True)
        (proj): Linear(in_features=192, out_features=192, bias=True)
        (pool_q): Conv3d(96, 96, kernel_size=(3, 3, 3), stride=(1, 2, 2), padding=(1, 1, 1), groups=96, bias=False)
        (norm_q): LayerNorm((96,), eps=1e-06, elementwise_affine=True)
        (pool_k): Conv3d(96, 96, kernel_size=(3, 3, 3), stride=(1, 4, 4), padding=(1, 1, 1), groups=96, bias=False)
        (norm_k): LayerNorm((96,), eps=1e-06, elementwise_affine=True)
        (pool_v): Conv3d(96, 96, kernel_size=(3, 3, 3), stride=(1, 4, 4), padding=(1, 1, 1), groups=96, bias=False)
        (norm_v): LayerNorm((96,), eps=1e-06, elementwise_affine=True)
      )
      (drop_path): DropPath()
      (norm2): LayerNorm((192,), eps=1e-06, elementwise_affine=True)
      (mlp): Mlp(
        (fc1): Linear(in_features=192, out_features=768, bias=True)
        (act): GELU(approximate='none')
        (fc2): Linear(in_features=768, out_features=192, bias=True)
      )
      (proj): Linear(in_features=96, out_features=192, bias=True)
      (pool_skip): MaxPool3d(kernel_size=[1, 3, 3], stride=[1, 2, 2], padding=[0, 1, 1], dilation=1, ceil_mode=False)
    )
    (2): MultiScaleBlock(
      (norm1): LayerNorm((192,), eps=1e-06, elementwise_affine=True)
      (attn): MultiScaleAttention(
        (qkv): Linear(in_features=192, out_features=576, bias=True)
        (proj): Linear(in_features=192, out_features=192, bias=True)
        (pool_q): Conv3d(96, 96, kernel_size=(3, 3, 3), stride=(1, 1, 1), padding=(1, 1, 1), groups=96, bias=False)
        (norm_q): LayerNorm((96,), eps=1e-06, elementwise_affine=True)
        (pool_k): Conv3d(96, 96, kernel_size=(3, 3, 3), stride=(1, 4, 4), padding=(1, 1, 1), groups=96, bias=False)
        (norm_k): LayerNorm((96,), eps=1e-06, elementwise_affine=True)
        (pool_v): Conv3d(96, 96, kernel_size=(3, 3, 3), stride=(1, 4, 4), padding=(1, 1, 1), groups=96, bias=False)
        (norm_v): LayerNorm((96,), eps=1e-06, elementwise_affine=True)
      )
      (drop_path): DropPath()
      (norm2): LayerNorm((192,), eps=1e-06, elementwise_affine=True)
      (mlp): Mlp(
        (fc1): Linear(in_features=192, out_features=768, bias=True)
        (act): GELU(approximate='none')
        (fc2): Linear(in_features=768, out_features=192, bias=True)
      )
    )
    (3): MultiScaleBlock(
      (norm1): LayerNorm((192,), eps=1e-06, elementwise_affine=True)
      (attn): MultiScaleAttention(
        (qkv): Linear(in_features=192, out_features=1152, bias=True)
        (proj): Linear(in_features=384, out_features=384, bias=True)
        (pool_q): Conv3d(96, 96, kernel_size=(3, 3, 3), stride=(1, 2, 2), padding=(1, 1, 1), groups=96, bias=False)
        (norm_q): LayerNorm((96,), eps=1e-06, elementwise_affine=True)
        (pool_k): Conv3d(96, 96, kernel_size=(3, 3, 3), stride=(1, 2, 2), padding=(1, 1, 1), groups=96, bias=False)
        (norm_k): LayerNorm((96,), eps=1e-06, elementwise_affine=True)
        (pool_v): Conv3d(96, 96, kernel_size=(3, 3, 3), stride=(1, 2, 2), padding=(1, 1, 1), groups=96, bias=False)
        (norm_v): LayerNorm((96,), eps=1e-06, elementwise_affine=True)
      )
      (drop_path): DropPath()
      (norm2): LayerNorm((384,), eps=1e-06, elementwise_affine=True)
      (mlp): Mlp(
        (fc1): Linear(in_features=384, out_features=1536, bias=True)
        (act): GELU(approximate='none')
        (fc2): Linear(in_features=1536, out_features=384, bias=True)
      )
      (proj): Linear(in_features=192, out_features=384, bias=True)
      (pool_skip): MaxPool3d(kernel_size=[1, 3, 3], stride=[1, 2, 2], padding=[0, 1, 1], dilation=1, ceil_mode=False)
    )
    (4-13): 10 x MultiScaleBlock(
      (norm1): LayerNorm((384,), eps=1e-06, elementwise_affine=True)
      (attn): MultiScaleAttention(
        (qkv): Linear(in_features=384, out_features=1152, bias=True)
        (proj): Linear(in_features=384, out_features=384, bias=True)
        (pool_q): Conv3d(96, 96, kernel_size=(3, 3, 3), stride=(1, 1, 1), padding=(1, 1, 1), groups=96, bias=False)
        (norm_q): LayerNorm((96,), eps=1e-06, elementwise_affine=True)
        (pool_k): Conv3d(96, 96, kernel_size=(3, 3, 3), stride=(1, 2, 2), padding=(1, 1, 1), groups=96, bias=False)
        (norm_k): LayerNorm((96,), eps=1e-06, elementwise_affine=True)
        (pool_v): Conv3d(96, 96, kernel_size=(3, 3, 3), stride=(1, 2, 2), padding=(1, 1, 1), groups=96, bias=False)
        (norm_v): LayerNorm((96,), eps=1e-06, elementwise_affine=True)
      )
      (drop_path): DropPath()
      (norm2): LayerNorm((384,), eps=1e-06, elementwise_affine=True)
      (mlp): Mlp(
        (fc1): Linear(in_features=384, out_features=1536, bias=True)
        (act): GELU(approximate='none')
        (fc2): Linear(in_features=1536, out_features=384, bias=True)
      )
    )
    (14): MultiScaleBlock(
      (norm1): LayerNorm((384,), eps=1e-06, elementwise_affine=True)
      (attn): MultiScaleAttention(
        (qkv): Linear(in_features=384, out_features=2304, bias=True)
        (proj): Linear(in_features=768, out_features=768, bias=True)
        (pool_q): Conv3d(96, 96, kernel_size=(3, 3, 3), stride=(1, 2, 2), padding=(1, 1, 1), groups=96, bias=False)
        (norm_q): LayerNorm((96,), eps=1e-06, elementwise_affine=True)
        (pool_k): Conv3d(96, 96, kernel_size=(3, 3, 3), stride=(1, 1, 1), padding=(1, 1, 1), groups=96, bias=False)
        (norm_k): LayerNorm((96,), eps=1e-06, elementwise_affine=True)
        (pool_v): Conv3d(96, 96, kernel_size=(3, 3, 3), stride=(1, 1, 1), padding=(1, 1, 1), groups=96, bias=False)
        (norm_v): LayerNorm((96,), eps=1e-06, elementwise_affine=True)
      )
      (drop_path): DropPath()
      (norm2): LayerNorm((768,), eps=1e-06, elementwise_affine=True)
      (mlp): Mlp(
        (fc1): Linear(in_features=768, out_features=3072, bias=True)
        (act): GELU(approximate='none')
        (fc2): Linear(in_features=3072, out_features=768, bias=True)
      )
      (proj): Linear(in_features=384, out_features=768, bias=True)
      (pool_skip): MaxPool3d(kernel_size=[1, 3, 3], stride=[1, 2, 2], padding=[0, 1, 1], dilation=1, ceil_mode=False)
    )
    (15): MultiScaleBlock(
      (norm1): LayerNorm((768,), eps=1e-06, elementwise_affine=True)
      (attn): MultiScaleAttention(
        (qkv): Linear(in_features=768, out_features=2304, bias=True)
        (proj): Linear(in_features=768, out_features=768, bias=True)
        (pool_q): Conv3d(96, 96, kernel_size=(3, 3, 3), stride=(1, 1, 1), padding=(1, 1, 1), groups=96, bias=False)
        (norm_q): LayerNorm((96,), eps=1e-06, elementwise_affine=True)
        (pool_k): Conv3d(96, 96, kernel_size=(3, 3, 3), stride=(1, 1, 1), padding=(1, 1, 1), groups=96, bias=False)
        (norm_k): LayerNorm((96,), eps=1e-06, elementwise_affine=True)
        (pool_v): Conv3d(96, 96, kernel_size=(3, 3, 3), stride=(1, 1, 1), padding=(1, 1, 1), groups=96, bias=False)
        (norm_v): LayerNorm((96,), eps=1e-06, elementwise_affine=True)
      )
      (drop_path): DropPath()
      (norm2): LayerNorm((768,), eps=1e-06, elementwise_affine=True)
      (mlp): Mlp(
        (fc1): Linear(in_features=768, out_features=3072, bias=True)
        (act): GELU(approximate='none')
        (fc2): Linear(in_features=3072, out_features=768, bias=True)
      )
    )
  )
  (norm): LayerNorm((768,), eps=1e-06, elementwise_affine=True)
  (head): TransformerBasicHead(
    (dropout): Dropout(p=0.5, inplace=False)
    (projection): Linear(in_features=768, out_features=16, bias=True)
  )
)
[06/27 14:14:02][INFO] misc.py:  239: Params: 34,282,768
[06/27 14:14:02][INFO] misc.py:  240: Mem: 0.12806987762451172 MB
[06/27 14:14:07][WARNING] jit_analysis.py:  499: Unsupported operator aten::mul encountered 489 time(s)
[06/27 14:14:07][WARNING] jit_analysis.py:  499: Unsupported operator aten::div encountered 68 time(s)
[06/27 14:14:07][WARNING] jit_analysis.py:  499: Unsupported operator aten::sub encountered 96 time(s)
[06/27 14:14:07][WARNING] jit_analysis.py:  499: Unsupported operator aten::add_ encountered 64 time(s)
[06/27 14:14:07][WARNING] jit_analysis.py:  499: Unsupported operator aten::add encountered 80 time(s)
[06/27 14:14:07][WARNING] jit_analysis.py:  499: Unsupported operator aten::softmax encountered 16 time(s)
[06/27 14:14:07][WARNING] jit_analysis.py:  499: Unsupported operator aten::gelu encountered 16 time(s)
[06/27 14:14:07][WARNING] jit_analysis.py:  499: Unsupported operator aten::max_pool3d encountered 3 time(s)
[06/27 14:14:07][WARNING] jit_analysis.py:  511: The following submodules of the model were never called during the trace of the graph. They may be unused, or they were accessed by direct calls to .forward() or via other python methods. In the latter case they will have zeros for statistics, though their statistics will still contribute to their parent calling module.
blocks.1.drop_path, blocks.10.drop_path, blocks.11.drop_path, blocks.12.drop_path, blocks.13.drop_path, blocks.14.drop_path, blocks.15.drop_path, blocks.2.drop_path, blocks.3.drop_path, blocks.4.drop_path, blocks.5.drop_path, blocks.6.drop_path, blocks.7.drop_path, blocks.8.drop_path, blocks.9.drop_path
[06/27 14:14:07][INFO] misc.py:  242: Flops: 229.28437195200001 G
[06/27 14:14:07][WARNING] jit_analysis.py:  499: Unsupported operator aten::layer_norm encountered 81 time(s)
[06/27 14:14:07][WARNING] jit_analysis.py:  499: Unsupported operator aten::mul encountered 489 time(s)
[06/27 14:14:07][WARNING] jit_analysis.py:  499: Unsupported operator aten::div encountered 68 time(s)
[06/27 14:14:07][WARNING] jit_analysis.py:  499: Unsupported operator aten::sub encountered 96 time(s)
[06/27 14:14:07][WARNING] jit_analysis.py:  499: Unsupported operator aten::add_ encountered 64 time(s)
[06/27 14:14:07][WARNING] jit_analysis.py:  499: Unsupported operator aten::add encountered 80 time(s)
[06/27 14:14:07][WARNING] jit_analysis.py:  499: Unsupported operator aten::softmax encountered 16 time(s)
[06/27 14:14:07][WARNING] jit_analysis.py:  499: Unsupported operator aten::gelu encountered 16 time(s)
[06/27 14:14:07][WARNING] jit_analysis.py:  499: Unsupported operator aten::max_pool3d encountered 3 time(s)
[06/27 14:14:07][WARNING] jit_analysis.py:  511: The following submodules of the model were never called during the trace of the graph. They may be unused, or they were accessed by direct calls to .forward() or via other python methods. In the latter case they will have zeros for statistics, though their statistics will still contribute to their parent calling module.
blocks.1.drop_path, blocks.10.drop_path, blocks.11.drop_path, blocks.12.drop_path, blocks.13.drop_path, blocks.14.drop_path, blocks.15.drop_path, blocks.2.drop_path, blocks.3.drop_path, blocks.4.drop_path, blocks.5.drop_path, blocks.6.drop_path, blocks.7.drop_path, blocks.8.drop_path, blocks.9.drop_path
[06/27 14:14:07][INFO] misc.py:  243: Activations: 968.5333290000001 M
[06/27 14:14:07][INFO] misc.py:  248: nvidia-smi
Fri Jun 27 14:14:08 2025       
+-----------------------------------------------------------------------------------------+
| NVIDIA-SMI 550.54.15              Driver Version: 550.54.15      CUDA Version: 12.4     |
|-----------------------------------------+------------------------+----------------------+
| GPU  Name                 Persistence-M | Bus-Id          Disp.A | Volatile Uncorr. ECC |
| Fan  Temp   Perf          Pwr:Usage/Cap |           Memory-Usage | GPU-Util  Compute M. |
|                                         |                        |               MIG M. |
|=========================================+========================+======================|
|   0  NVIDIA H100 PCIe               On  |   00000000:C7:00.0 Off |                    0 |
| N/A   37C    P0             84W /  350W |    6215MiB /  81559MiB |      0%   E. Process |
|                                         |                        |             Disabled |
+-----------------------------------------+------------------------+----------------------+
                                                                                         
+-----------------------------------------------------------------------------------------+
| Processes:                                                                              |
|  GPU   GI   CI        PID   Type   Process name                              GPU Memory |
|        ID   ID                                                               Usage      |
|=========================================================================================|
|    0   N/A  N/A   1435958      C   /usr/bin/python                              6206MiB |
+-----------------------------------------------------------------------------------------+
[06/27 14:14:08][INFO] misc.py:  237: Model:
MViT(
  (patch_embed): PatchEmbed(
    (proj): Conv3d(3, 96, kernel_size=(3, 7, 7), stride=(2, 4, 4), padding=(1, 3, 3))
  )
  (blocks): ModuleList(
    (0): MultiScaleBlock(
      (norm1): LayerNorm((96,), eps=1e-06, elementwise_affine=True)
      (attn): MultiScaleAttention(
        (qkv): Linear(in_features=96, out_features=288, bias=True)
        (proj): Linear(in_features=96, out_features=96, bias=True)
        (pool_q): Conv3d(96, 96, kernel_size=(3, 3, 3), stride=(1, 1, 1), padding=(1, 1, 1), groups=96, bias=False)
        (norm_q): LayerNorm((96,), eps=1e-06, elementwise_affine=True)
        (pool_k): Conv3d(96, 96, kernel_size=(3, 3, 3), stride=(1, 8, 8), padding=(1, 1, 1), groups=96, bias=False)
        (norm_k): LayerNorm((96,), eps=1e-06, elementwise_affine=True)
        (pool_v): Conv3d(96, 96, kernel_size=(3, 3, 3), stride=(1, 8, 8), padding=(1, 1, 1), groups=96, bias=False)
        (norm_v): LayerNorm((96,), eps=1e-06, elementwise_affine=True)
      )
      (drop_path): Identity()
      (norm2): LayerNorm((96,), eps=1e-06, elementwise_affine=True)
      (mlp): Mlp(
        (fc1): Linear(in_features=96, out_features=384, bias=True)
        (act): GELU(approximate='none')
        (fc2): Linear(in_features=384, out_features=96, bias=True)
      )
    )
    (1): MultiScaleBlock(
      (norm1): LayerNorm((96,), eps=1e-06, elementwise_affine=True)
      (attn): MultiScaleAttention(
        (qkv): Linear(in_features=96, out_features=576, bias=True)
        (proj): Linear(in_features=192, out_features=192, bias=True)
        (pool_q): Conv3d(96, 96, kernel_size=(3, 3, 3), stride=(1, 2, 2), padding=(1, 1, 1), groups=96, bias=False)
        (norm_q): LayerNorm((96,), eps=1e-06, elementwise_affine=True)
        (pool_k): Conv3d(96, 96, kernel_size=(3, 3, 3), stride=(1, 4, 4), padding=(1, 1, 1), groups=96, bias=False)
        (norm_k): LayerNorm((96,), eps=1e-06, elementwise_affine=True)
        (pool_v): Conv3d(96, 96, kernel_size=(3, 3, 3), stride=(1, 4, 4), padding=(1, 1, 1), groups=96, bias=False)
        (norm_v): LayerNorm((96,), eps=1e-06, elementwise_affine=True)
      )
      (drop_path): DropPath()
      (norm2): LayerNorm((192,), eps=1e-06, elementwise_affine=True)
      (mlp): Mlp(
        (fc1): Linear(in_features=192, out_features=768, bias=True)
        (act): GELU(approximate='none')
        (fc2): Linear(in_features=768, out_features=192, bias=True)
      )
      (proj): Linear(in_features=96, out_features=192, bias=True)
      (pool_skip): MaxPool3d(kernel_size=[1, 3, 3], stride=[1, 2, 2], padding=[0, 1, 1], dilation=1, ceil_mode=False)
    )
    (2): MultiScaleBlock(
      (norm1): LayerNorm((192,), eps=1e-06, elementwise_affine=True)
      (attn): MultiScaleAttention(
        (qkv): Linear(in_features=192, out_features=576, bias=True)
        (proj): Linear(in_features=192, out_features=192, bias=True)
        (pool_q): Conv3d(96, 96, kernel_size=(3, 3, 3), stride=(1, 1, 1), padding=(1, 1, 1), groups=96, bias=False)
        (norm_q): LayerNorm((96,), eps=1e-06, elementwise_affine=True)
        (pool_k): Conv3d(96, 96, kernel_size=(3, 3, 3), stride=(1, 4, 4), padding=(1, 1, 1), groups=96, bias=False)
        (norm_k): LayerNorm((96,), eps=1e-06, elementwise_affine=True)
        (pool_v): Conv3d(96, 96, kernel_size=(3, 3, 3), stride=(1, 4, 4), padding=(1, 1, 1), groups=96, bias=False)
        (norm_v): LayerNorm((96,), eps=1e-06, elementwise_affine=True)
      )
      (drop_path): DropPath()
      (norm2): LayerNorm((192,), eps=1e-06, elementwise_affine=True)
      (mlp): Mlp(
        (fc1): Linear(in_features=192, out_features=768, bias=True)
        (act): GELU(approximate='none')
        (fc2): Linear(in_features=768, out_features=192, bias=True)
      )
    )
    (3): MultiScaleBlock(
      (norm1): LayerNorm((192,), eps=1e-06, elementwise_affine=True)
      (attn): MultiScaleAttention(
        (qkv): Linear(in_features=192, out_features=1152, bias=True)
        (proj): Linear(in_features=384, out_features=384, bias=True)
        (pool_q): Conv3d(96, 96, kernel_size=(3, 3, 3), stride=(1, 2, 2), padding=(1, 1, 1), groups=96, bias=False)
        (norm_q): LayerNorm((96,), eps=1e-06, elementwise_affine=True)
        (pool_k): Conv3d(96, 96, kernel_size=(3, 3, 3), stride=(1, 2, 2), padding=(1, 1, 1), groups=96, bias=False)
        (norm_k): LayerNorm((96,), eps=1e-06, elementwise_affine=True)
        (pool_v): Conv3d(96, 96, kernel_size=(3, 3, 3), stride=(1, 2, 2), padding=(1, 1, 1), groups=96, bias=False)
        (norm_v): LayerNorm((96,), eps=1e-06, elementwise_affine=True)
      )
      (drop_path): DropPath()
      (norm2): LayerNorm((384,), eps=1e-06, elementwise_affine=True)
      (mlp): Mlp(
        (fc1): Linear(in_features=384, out_features=1536, bias=True)
        (act): GELU(approximate='none')
        (fc2): Linear(in_features=1536, out_features=384, bias=True)
      )
      (proj): Linear(in_features=192, out_features=384, bias=True)
      (pool_skip): MaxPool3d(kernel_size=[1, 3, 3], stride=[1, 2, 2], padding=[0, 1, 1], dilation=1, ceil_mode=False)
    )
    (4-13): 10 x MultiScaleBlock(
      (norm1): LayerNorm((384,), eps=1e-06, elementwise_affine=True)
      (attn): MultiScaleAttention(
        (qkv): Linear(in_features=384, out_features=1152, bias=True)
        (proj): Linear(in_features=384, out_features=384, bias=True)
        (pool_q): Conv3d(96, 96, kernel_size=(3, 3, 3), stride=(1, 1, 1), padding=(1, 1, 1), groups=96, bias=False)
        (norm_q): LayerNorm((96,), eps=1e-06, elementwise_affine=True)
        (pool_k): Conv3d(96, 96, kernel_size=(3, 3, 3), stride=(1, 2, 2), padding=(1, 1, 1), groups=96, bias=False)
        (norm_k): LayerNorm((96,), eps=1e-06, elementwise_affine=True)
        (pool_v): Conv3d(96, 96, kernel_size=(3, 3, 3), stride=(1, 2, 2), padding=(1, 1, 1), groups=96, bias=False)
        (norm_v): LayerNorm((96,), eps=1e-06, elementwise_affine=True)
      )
      (drop_path): DropPath()
      (norm2): LayerNorm((384,), eps=1e-06, elementwise_affine=True)
      (mlp): Mlp(
        (fc1): Linear(in_features=384, out_features=1536, bias=True)
        (act): GELU(approximate='none')
        (fc2): Linear(in_features=1536, out_features=384, bias=True)
      )
    )
    (14): MultiScaleBlock(
      (norm1): LayerNorm((384,), eps=1e-06, elementwise_affine=True)
      (attn): MultiScaleAttention(
        (qkv): Linear(in_features=384, out_features=2304, bias=True)
        (proj): Linear(in_features=768, out_features=768, bias=True)
        (pool_q): Conv3d(96, 96, kernel_size=(3, 3, 3), stride=(1, 2, 2), padding=(1, 1, 1), groups=96, bias=False)
        (norm_q): LayerNorm((96,), eps=1e-06, elementwise_affine=True)
        (pool_k): Conv3d(96, 96, kernel_size=(3, 3, 3), stride=(1, 1, 1), padding=(1, 1, 1), groups=96, bias=False)
        (norm_k): LayerNorm((96,), eps=1e-06, elementwise_affine=True)
        (pool_v): Conv3d(96, 96, kernel_size=(3, 3, 3), stride=(1, 1, 1), padding=(1, 1, 1), groups=96, bias=False)
        (norm_v): LayerNorm((96,), eps=1e-06, elementwise_affine=True)
      )
      (drop_path): DropPath()
      (norm2): LayerNorm((768,), eps=1e-06, elementwise_affine=True)
      (mlp): Mlp(
        (fc1): Linear(in_features=768, out_features=3072, bias=True)
        (act): GELU(approximate='none')
        (fc2): Linear(in_features=3072, out_features=768, bias=True)
      )
      (proj): Linear(in_features=384, out_features=768, bias=True)
      (pool_skip): MaxPool3d(kernel_size=[1, 3, 3], stride=[1, 2, 2], padding=[0, 1, 1], dilation=1, ceil_mode=False)
    )
    (15): MultiScaleBlock(
      (norm1): LayerNorm((768,), eps=1e-06, elementwise_affine=True)
      (attn): MultiScaleAttention(
        (qkv): Linear(in_features=768, out_features=2304, bias=True)
        (proj): Linear(in_features=768, out_features=768, bias=True)
        (pool_q): Conv3d(96, 96, kernel_size=(3, 3, 3), stride=(1, 1, 1), padding=(1, 1, 1), groups=96, bias=False)
        (norm_q): LayerNorm((96,), eps=1e-06, elementwise_affine=True)
        (pool_k): Conv3d(96, 96, kernel_size=(3, 3, 3), stride=(1, 1, 1), padding=(1, 1, 1), groups=96, bias=False)
        (norm_k): LayerNorm((96,), eps=1e-06, elementwise_affine=True)
        (pool_v): Conv3d(96, 96, kernel_size=(3, 3, 3), stride=(1, 1, 1), padding=(1, 1, 1), groups=96, bias=False)
        (norm_v): LayerNorm((96,), eps=1e-06, elementwise_affine=True)
      )
      (drop_path): DropPath()
      (norm2): LayerNorm((768,), eps=1e-06, elementwise_affine=True)
      (mlp): Mlp(
        (fc1): Linear(in_features=768, out_features=3072, bias=True)
        (act): GELU(approximate='none')
        (fc2): Linear(in_features=3072, out_features=768, bias=True)
      )
    )
  )
  (norm): LayerNorm((768,), eps=1e-06, elementwise_affine=True)
  (head): TransformerBasicHead(
    (dropout): Dropout(p=0.5, inplace=False)
    (projection): Linear(in_features=768, out_features=16, bias=True)
  )
)
[06/27 14:14:08][INFO] misc.py:  239: Params: 34,282,768
[06/27 14:14:08][INFO] misc.py:  240: Mem: 5.199447154998779 MB
[06/27 14:14:09][WARNING] jit_analysis.py:  499: Unsupported operator aten::mul encountered 489 time(s)
[06/27 14:14:09][WARNING] jit_analysis.py:  499: Unsupported operator aten::div encountered 68 time(s)
[06/27 14:14:09][WARNING] jit_analysis.py:  499: Unsupported operator aten::sub encountered 96 time(s)
[06/27 14:14:09][WARNING] jit_analysis.py:  499: Unsupported operator aten::add_ encountered 64 time(s)
[06/27 14:14:09][WARNING] jit_analysis.py:  499: Unsupported operator aten::add encountered 80 time(s)
[06/27 14:14:09][WARNING] jit_analysis.py:  499: Unsupported operator aten::softmax encountered 16 time(s)
[06/27 14:14:09][WARNING] jit_analysis.py:  499: Unsupported operator aten::gelu encountered 16 time(s)
[06/27 14:14:09][WARNING] jit_analysis.py:  499: Unsupported operator aten::max_pool3d encountered 3 time(s)
[06/27 14:14:09][WARNING] jit_analysis.py:  511: The following submodules of the model were never called during the trace of the graph. They may be unused, or they were accessed by direct calls to .forward() or via other python methods. In the latter case they will have zeros for statistics, though their statistics will still contribute to their parent calling module.
blocks.1.drop_path, blocks.10.drop_path, blocks.11.drop_path, blocks.12.drop_path, blocks.13.drop_path, blocks.14.drop_path, blocks.15.drop_path, blocks.2.drop_path, blocks.3.drop_path, blocks.4.drop_path, blocks.5.drop_path, blocks.6.drop_path, blocks.7.drop_path, blocks.8.drop_path, blocks.9.drop_path
[06/27 14:14:09][INFO] misc.py:  242: Flops: 229.28437195200001 G
[06/27 14:14:10][WARNING] jit_analysis.py:  499: Unsupported operator aten::layer_norm encountered 81 time(s)
[06/27 14:14:10][WARNING] jit_analysis.py:  499: Unsupported operator aten::mul encountered 489 time(s)
[06/27 14:14:10][WARNING] jit_analysis.py:  499: Unsupported operator aten::div encountered 68 time(s)
[06/27 14:14:10][WARNING] jit_analysis.py:  499: Unsupported operator aten::sub encountered 96 time(s)
[06/27 14:14:10][WARNING] jit_analysis.py:  499: Unsupported operator aten::add_ encountered 64 time(s)
[06/27 14:14:10][WARNING] jit_analysis.py:  499: Unsupported operator aten::add encountered 80 time(s)
[06/27 14:14:10][WARNING] jit_analysis.py:  499: Unsupported operator aten::softmax encountered 16 time(s)
[06/27 14:14:10][WARNING] jit_analysis.py:  499: Unsupported operator aten::gelu encountered 16 time(s)
[06/27 14:14:10][WARNING] jit_analysis.py:  499: Unsupported operator aten::max_pool3d encountered 3 time(s)
[06/27 14:14:10][WARNING] jit_analysis.py:  511: The following submodules of the model were never called during the trace of the graph. They may be unused, or they were accessed by direct calls to .forward() or via other python methods. In the latter case they will have zeros for statistics, though their statistics will still contribute to their parent calling module.
blocks.1.drop_path, blocks.10.drop_path, blocks.11.drop_path, blocks.12.drop_path, blocks.13.drop_path, blocks.14.drop_path, blocks.15.drop_path, blocks.2.drop_path, blocks.3.drop_path, blocks.4.drop_path, blocks.5.drop_path, blocks.6.drop_path, blocks.7.drop_path, blocks.8.drop_path, blocks.9.drop_path
[06/27 14:14:10][INFO] misc.py:  243: Activations: 968.5333290000001 M
[06/27 14:14:10][INFO] misc.py:  248: nvidia-smi
Fri Jun 27 14:14:10 2025       
+-----------------------------------------------------------------------------------------+
| NVIDIA-SMI 550.54.15              Driver Version: 550.54.15      CUDA Version: 12.4     |
|-----------------------------------------+------------------------+----------------------+
| GPU  Name                 Persistence-M | Bus-Id          Disp.A | Volatile Uncorr. ECC |
| Fan  Temp   Perf          Pwr:Usage/Cap |           Memory-Usage | GPU-Util  Compute M. |
|                                         |                        |               MIG M. |
|=========================================+========================+======================|
|   0  NVIDIA H100 PCIe               On  |   00000000:C7:00.0 Off |                    0 |
| N/A   37C    P0             84W /  350W |    6215MiB /  81559MiB |      0%   E. Process |
|                                         |                        |             Disabled |
+-----------------------------------------+------------------------+----------------------+
                                                                                         
+-----------------------------------------------------------------------------------------+
| Processes:                                                                              |
|  GPU   GI   CI        PID   Type   Process name                              GPU Memory |
|        ID   ID                                                               Usage      |
|=========================================================================================|
|    0   N/A  N/A   1435958      C   /usr/bin/python                              6206MiB |
+-----------------------------------------------------------------------------------------+
[06/27 14:14:10][INFO] checkpoint.py:  222: Loading network weights from /mnt/imslowfast/results/species_classification/mvitv2_overlapping_f=32/checkpoint_epoch_00045.pyth.
missing keys: []
unexpected keys: []
[06/27 14:14:12][INFO] kinetics.py:   92: Constructing Kinetics test...
[06/27 14:14:12][INFO] kinetics.py:  165: Constructing kinetics dataloader (size: 15572 skip_rows 0) from /mnt/data/top_priority_annotations/kinetics/offset/test.csv 
SAMPLING.BALANCED: False; BALANCE_TYPE: None
[06/27 14:14:12][INFO] test_net.py:  307: Testing model for 390 iterations
[06/27 14:14:12][INFO] tensorboard_vis.py:   52: To see logged results in Tensorboard, please launch using the command             `tensorboard  --port=<port-number> --logdir /mnt/imslowfast/results/species_classification/mvitv2_overlapping_f=32_offset/runs-kinetics`
[06/27 14:15:05][INFO] logging.py:   99: json_stats: {"cur_iter": "1", "eta": "5:44:17", "split": "test_iter", "time_diff": 52.96782}
[06/27 14:15:10][INFO] logging.py:   99: json_stats: {"cur_iter": "2", "eta": "0:34:34", "split": "test_iter", "time_diff": 5.33265}
[06/27 14:15:12][INFO] logging.py:   99: json_stats: {"cur_iter": "3", "eta": "0:08:48", "split": "test_iter", "time_diff": 1.36152}
[06/27 14:15:13][INFO] logging.py:   99: json_stats: {"cur_iter": "4", "eta": "0:08:44", "split": "test_iter", "time_diff": 1.35589}
[06/27 14:15:14][INFO] logging.py:   99: json_stats: {"cur_iter": "5", "eta": "0:08:43", "split": "test_iter", "time_diff": 1.35600}
[06/27 14:15:16][INFO] logging.py:   99: json_stats: {"cur_iter": "6", "eta": "0:08:40", "split": "test_iter", "time_diff": 1.35312}
[06/27 14:15:17][INFO] logging.py:   99: json_stats: {"cur_iter": "7", "eta": "0:08:41", "split": "test_iter", "time_diff": 1.35861}
[06/27 14:15:18][INFO] logging.py:   99: json_stats: {"cur_iter": "8", "eta": "0:08:39", "split": "test_iter", "time_diff": 1.35674}
[06/27 14:15:47][INFO] logging.py:   99: json_stats: {"cur_iter": "9", "eta": "3:02:08", "split": "test_iter", "time_diff": 28.60733}
[06/27 14:15:59][INFO] logging.py:   99: json_stats: {"cur_iter": "10", "eta": "1:13:49", "split": "test_iter", "time_diff": 11.62599}
[06/27 14:16:00][INFO] logging.py:   99: json_stats: {"cur_iter": "11", "eta": "0:08:34", "split": "test_iter", "time_diff": 1.35458}
[06/27 14:16:01][INFO] logging.py:   99: json_stats: {"cur_iter": "12", "eta": "0:08:37", "split": "test_iter", "time_diff": 1.36647}
[06/27 14:16:03][INFO] logging.py:   99: json_stats: {"cur_iter": "13", "eta": "0:08:35", "split": "test_iter", "time_diff": 1.36267}
[06/27 14:16:04][INFO] logging.py:   99: json_stats: {"cur_iter": "14", "eta": "0:08:32", "split": "test_iter", "time_diff": 1.35835}
[06/27 14:16:05][INFO] logging.py:   99: json_stats: {"cur_iter": "15", "eta": "0:08:31", "split": "test_iter", "time_diff": 1.35948}
[06/27 14:16:07][INFO] logging.py:   99: json_stats: {"cur_iter": "16", "eta": "0:08:29", "split": "test_iter", "time_diff": 1.35820}
[06/27 14:16:40][INFO] logging.py:   99: json_stats: {"cur_iter": "17", "eta": "3:27:54", "split": "test_iter", "time_diff": 33.35531}
[06/27 14:16:52][INFO] logging.py:   99: json_stats: {"cur_iter": "18", "eta": "1:11:24", "split": "test_iter", "time_diff": 11.48633}
[06/27 14:16:53][INFO] logging.py:   99: json_stats: {"cur_iter": "19", "eta": "0:08:24", "split": "test_iter", "time_diff": 1.35580}
[06/27 14:16:54][INFO] logging.py:   99: json_stats: {"cur_iter": "20", "eta": "0:08:24", "split": "test_iter", "time_diff": 1.36028}
[06/27 14:16:56][INFO] logging.py:   99: json_stats: {"cur_iter": "21", "eta": "0:08:28", "split": "test_iter", "time_diff": 1.37425}
[06/27 14:16:57][INFO] logging.py:   99: json_stats: {"cur_iter": "22", "eta": "0:08:21", "split": "test_iter", "time_diff": 1.35877}
[06/27 14:16:58][INFO] logging.py:   99: json_stats: {"cur_iter": "23", "eta": "0:08:20", "split": "test_iter", "time_diff": 1.35918}
[06/27 14:17:00][INFO] logging.py:   99: json_stats: {"cur_iter": "24", "eta": "0:08:20", "split": "test_iter", "time_diff": 1.36420}
[06/27 14:17:31][INFO] logging.py:   99: json_stats: {"cur_iter": "25", "eta": "3:09:18", "split": "test_iter", "time_diff": 31.03543}
[06/27 14:17:46][INFO] logging.py:   99: json_stats: {"cur_iter": "26", "eta": "1:30:39", "split": "test_iter", "time_diff": 14.90240}
[06/27 14:17:47][INFO] logging.py:   99: json_stats: {"cur_iter": "27", "eta": "0:08:14", "split": "test_iter", "time_diff": 1.35927}
[06/27 14:17:48][INFO] logging.py:   99: json_stats: {"cur_iter": "28", "eta": "0:08:11", "split": "test_iter", "time_diff": 1.35430}
[06/27 14:17:50][INFO] logging.py:   99: json_stats: {"cur_iter": "29", "eta": "0:08:13", "split": "test_iter", "time_diff": 1.36382}
[06/27 14:17:51][INFO] logging.py:   99: json_stats: {"cur_iter": "30", "eta": "0:08:11", "split": "test_iter", "time_diff": 1.36076}
[06/27 14:17:53][INFO] logging.py:   99: json_stats: {"cur_iter": "31", "eta": "0:08:14", "split": "test_iter", "time_diff": 1.37244}
[06/27 14:17:54][INFO] logging.py:   99: json_stats: {"cur_iter": "32", "eta": "0:08:09", "split": "test_iter", "time_diff": 1.36293}
[06/27 14:18:17][INFO] logging.py:   99: json_stats: {"cur_iter": "33", "eta": "2:16:05", "split": "test_iter", "time_diff": 22.81003}
[06/27 14:18:35][INFO] logging.py:   99: json_stats: {"cur_iter": "34", "eta": "1:51:27", "split": "test_iter", "time_diff": 18.73251}
[06/27 14:18:37][INFO] logging.py:   99: json_stats: {"cur_iter": "35", "eta": "0:08:03", "split": "test_iter", "time_diff": 1.35953}
[06/27 14:18:38][INFO] logging.py:   99: json_stats: {"cur_iter": "36", "eta": "0:08:03", "split": "test_iter", "time_diff": 1.36273}
[06/27 14:18:40][INFO] logging.py:   99: json_stats: {"cur_iter": "37", "eta": "0:08:01", "split": "test_iter", "time_diff": 1.36046}
[06/27 14:18:41][INFO] logging.py:   99: json_stats: {"cur_iter": "38", "eta": "0:08:00", "split": "test_iter", "time_diff": 1.36112}
[06/27 14:18:42][INFO] logging.py:   99: json_stats: {"cur_iter": "39", "eta": "0:08:00", "split": "test_iter", "time_diff": 1.36438}
[06/27 14:18:44][INFO] logging.py:   99: json_stats: {"cur_iter": "40", "eta": "0:07:59", "split": "test_iter", "time_diff": 1.36686}
[06/27 14:19:07][INFO] logging.py:   99: json_stats: {"cur_iter": "41", "eta": "2:15:30", "split": "test_iter", "time_diff": 23.23030}
[06/27 14:19:26][INFO] logging.py:   99: json_stats: {"cur_iter": "42", "eta": "1:48:40", "split": "test_iter", "time_diff": 18.68471}
[06/27 14:19:27][INFO] logging.py:   99: json_stats: {"cur_iter": "43", "eta": "0:07:53", "split": "test_iter", "time_diff": 1.35938}
[06/27 14:19:28][INFO] logging.py:   99: json_stats: {"cur_iter": "44", "eta": "0:07:52", "split": "test_iter", "time_diff": 1.36189}
[06/27 14:19:30][INFO] logging.py:   99: json_stats: {"cur_iter": "45", "eta": "0:07:50", "split": "test_iter", "time_diff": 1.35969}
[06/27 14:19:31][INFO] logging.py:   99: json_stats: {"cur_iter": "46", "eta": "0:07:48", "split": "test_iter", "time_diff": 1.35875}
[06/27 14:19:32][INFO] logging.py:   99: json_stats: {"cur_iter": "47", "eta": "0:07:53", "split": "test_iter", "time_diff": 1.37779}
[06/27 14:19:34][INFO] logging.py:   99: json_stats: {"cur_iter": "48", "eta": "0:07:47", "split": "test_iter", "time_diff": 1.36430}
[06/27 14:19:57][INFO] logging.py:   99: json_stats: {"cur_iter": "49", "eta": "2:14:29", "split": "test_iter", "time_diff": 23.59391}
[06/27 14:20:13][INFO] logging.py:   99: json_stats: {"cur_iter": "50", "eta": "1:30:08", "split": "test_iter", "time_diff": 15.86173}
[06/27 14:20:15][INFO] logging.py:   99: json_stats: {"cur_iter": "51", "eta": "0:07:42", "split": "test_iter", "time_diff": 1.35950}
[06/27 14:20:16][INFO] logging.py:   99: json_stats: {"cur_iter": "52", "eta": "0:07:41", "split": "test_iter", "time_diff": 1.36053}
[06/27 14:20:17][INFO] logging.py:   99: json_stats: {"cur_iter": "53", "eta": "0:07:42", "split": "test_iter", "time_diff": 1.36835}
[06/27 14:20:19][INFO] logging.py:   99: json_stats: {"cur_iter": "54", "eta": "0:07:39", "split": "test_iter", "time_diff": 1.36381}
[06/27 14:20:20][INFO] logging.py:   99: json_stats: {"cur_iter": "55", "eta": "0:07:42", "split": "test_iter", "time_diff": 1.37749}
[06/27 14:20:21][INFO] logging.py:   99: json_stats: {"cur_iter": "56", "eta": "0:07:35", "split": "test_iter", "time_diff": 1.35994}
[06/27 14:20:49][INFO] logging.py:   99: json_stats: {"cur_iter": "57", "eta": "2:33:23", "split": "test_iter", "time_diff": 27.55425}
[06/27 14:21:03][INFO] logging.py:   99: json_stats: {"cur_iter": "58", "eta": "1:15:23", "split": "test_iter", "time_diff": 13.58524}
[06/27 14:21:04][INFO] logging.py:   99: json_stats: {"cur_iter": "59", "eta": "0:07:33", "split": "test_iter", "time_diff": 1.36744}
[06/27 14:21:05][INFO] logging.py:   99: json_stats: {"cur_iter": "60", "eta": "0:07:34", "split": "test_iter", "time_diff": 1.37448}
[06/27 14:21:07][INFO] logging.py:   99: json_stats: {"cur_iter": "61", "eta": "0:07:27", "split": "test_iter", "time_diff": 1.35642}
[06/27 14:21:08][INFO] logging.py:   99: json_stats: {"cur_iter": "62", "eta": "0:07:26", "split": "test_iter", "time_diff": 1.35619}
[06/27 14:21:09][INFO] logging.py:   99: json_stats: {"cur_iter": "63", "eta": "0:07:26", "split": "test_iter", "time_diff": 1.36132}
[06/27 14:21:11][INFO] logging.py:   99: json_stats: {"cur_iter": "64", "eta": "0:07:27", "split": "test_iter", "time_diff": 1.36834}
[06/27 14:21:36][INFO] logging.py:   99: json_stats: {"cur_iter": "65", "eta": "2:17:06", "split": "test_iter", "time_diff": 25.23446}
[06/27 14:21:49][INFO] logging.py:   99: json_stats: {"cur_iter": "66", "eta": "1:08:20", "split": "test_iter", "time_diff": 12.61734}
[06/27 14:21:50][INFO] logging.py:   99: json_stats: {"cur_iter": "67", "eta": "0:07:20", "split": "test_iter", "time_diff": 1.35889}
[06/27 14:21:51][INFO] logging.py:   99: json_stats: {"cur_iter": "68", "eta": "0:07:19", "split": "test_iter", "time_diff": 1.36177}
[06/27 14:21:53][INFO] logging.py:   99: json_stats: {"cur_iter": "69", "eta": "0:07:18", "split": "test_iter", "time_diff": 1.36132}
[06/27 14:21:54][INFO] logging.py:   99: json_stats: {"cur_iter": "70", "eta": "0:07:16", "split": "test_iter", "time_diff": 1.36135}
[06/27 14:21:55][INFO] logging.py:   99: json_stats: {"cur_iter": "71", "eta": "0:07:18", "split": "test_iter", "time_diff": 1.36984}
[06/27 14:21:57][INFO] logging.py:   99: json_stats: {"cur_iter": "72", "eta": "0:07:15", "split": "test_iter", "time_diff": 1.36672}
[06/27 14:22:22][INFO] logging.py:   99: json_stats: {"cur_iter": "73", "eta": "2:13:07", "split": "test_iter", "time_diff": 25.11740}
[06/27 14:22:36][INFO] logging.py:   99: json_stats: {"cur_iter": "74", "eta": "1:16:36", "split": "test_iter", "time_diff": 14.49965}
[06/27 14:22:38][INFO] logging.py:   99: json_stats: {"cur_iter": "75", "eta": "0:07:08", "split": "test_iter", "time_diff": 1.35622}
[06/27 14:22:39][INFO] logging.py:   99: json_stats: {"cur_iter": "76", "eta": "0:07:10", "split": "test_iter", "time_diff": 1.36749}
[06/27 14:22:41][INFO] logging.py:   99: json_stats: {"cur_iter": "77", "eta": "0:07:07", "split": "test_iter", "time_diff": 1.36020}
[06/27 14:22:42][INFO] logging.py:   99: json_stats: {"cur_iter": "78", "eta": "0:07:07", "split": "test_iter", "time_diff": 1.36727}
[06/27 14:22:43][INFO] logging.py:   99: json_stats: {"cur_iter": "79", "eta": "0:07:06", "split": "test_iter", "time_diff": 1.36589}
[06/27 14:22:45][INFO] logging.py:   99: json_stats: {"cur_iter": "80", "eta": "0:07:03", "split": "test_iter", "time_diff": 1.36243}
[06/27 14:23:13][INFO] logging.py:   99: json_stats: {"cur_iter": "81", "eta": "2:24:43", "split": "test_iter", "time_diff": 28.01270}
[06/27 14:23:26][INFO] logging.py:   99: json_stats: {"cur_iter": "82", "eta": "1:09:43", "split": "test_iter", "time_diff": 13.54014}
[06/27 14:23:28][INFO] logging.py:   99: json_stats: {"cur_iter": "83", "eta": "0:06:59", "split": "test_iter", "time_diff": 1.36271}
[06/27 14:23:29][INFO] logging.py:   99: json_stats: {"cur_iter": "84", "eta": "0:06:58", "split": "test_iter", "time_diff": 1.36448}
[06/27 14:23:30][INFO] logging.py:   99: json_stats: {"cur_iter": "85", "eta": "0:06:57", "split": "test_iter", "time_diff": 1.36302}
[06/27 14:23:32][INFO] logging.py:   99: json_stats: {"cur_iter": "86", "eta": "0:06:55", "split": "test_iter", "time_diff": 1.36100}
[06/27 14:23:33][INFO] logging.py:   99: json_stats: {"cur_iter": "87", "eta": "0:06:54", "split": "test_iter", "time_diff": 1.36235}
[06/27 14:23:34][INFO] logging.py:   99: json_stats: {"cur_iter": "88", "eta": "0:06:53", "split": "test_iter", "time_diff": 1.36554}
[06/27 14:24:03][INFO] logging.py:   99: json_stats: {"cur_iter": "89", "eta": "2:26:22", "split": "test_iter", "time_diff": 29.08248}
[06/27 14:24:17][INFO] logging.py:   99: json_stats: {"cur_iter": "90", "eta": "1:07:11", "split": "test_iter", "time_diff": 13.39272}
[06/27 14:24:18][INFO] logging.py:   99: json_stats: {"cur_iter": "91", "eta": "0:06:47", "split": "test_iter", "time_diff": 1.35764}
[06/27 14:24:20][INFO] logging.py:   99: json_stats: {"cur_iter": "92", "eta": "0:06:52", "split": "test_iter", "time_diff": 1.37899}
[06/27 14:24:21][INFO] logging.py:   99: json_stats: {"cur_iter": "93", "eta": "0:06:49", "split": "test_iter", "time_diff": 1.37273}
[06/27 14:24:29][INFO] logging.py:   99: json_stats: {"cur_iter": "94", "eta": "0:38:12", "split": "test_iter", "time_diff": 7.71931}
[06/27 14:24:30][INFO] logging.py:   99: json_stats: {"cur_iter": "95", "eta": "0:06:43", "split": "test_iter", "time_diff": 1.36233}
[06/27 14:24:31][INFO] logging.py:   99: json_stats: {"cur_iter": "96", "eta": "0:06:42", "split": "test_iter", "time_diff": 1.36433}
[06/27 14:24:53][INFO] logging.py:   99: json_stats: {"cur_iter": "97", "eta": "1:44:12", "split": "test_iter", "time_diff": 21.26638}
[06/27 14:25:09][INFO] logging.py:   99: json_stats: {"cur_iter": "98", "eta": "1:18:42", "split": "test_iter", "time_diff": 16.11870}
[06/27 14:25:10][INFO] logging.py:   99: json_stats: {"cur_iter": "99", "eta": "0:06:37", "split": "test_iter", "time_diff": 1.36235}
[06/27 14:25:12][INFO] logging.py:   99: json_stats: {"cur_iter": "100", "eta": "0:06:37", "split": "test_iter", "time_diff": 1.36635}
[06/27 14:25:13][INFO] logging.py:   99: json_stats: {"cur_iter": "101", "eta": "0:06:36", "split": "test_iter", "time_diff": 1.36592}
[06/27 14:25:21][INFO] logging.py:   99: json_stats: {"cur_iter": "102", "eta": "0:40:08", "split": "test_iter", "time_diff": 8.33347}
[06/27 14:25:23][INFO] logging.py:   99: json_stats: {"cur_iter": "103", "eta": "0:06:34", "split": "test_iter", "time_diff": 1.36812}
[06/27 14:25:24][INFO] logging.py:   99: json_stats: {"cur_iter": "104", "eta": "0:06:32", "split": "test_iter", "time_diff": 1.36590}
[06/27 14:25:42][INFO] logging.py:   99: json_stats: {"cur_iter": "105", "eta": "1:25:34", "split": "test_iter", "time_diff": 17.95321}
[06/27 14:25:55][INFO] logging.py:   99: json_stats: {"cur_iter": "106", "eta": "0:59:47", "split": "test_iter", "time_diff": 12.58753}
[06/27 14:25:56][INFO] logging.py:   99: json_stats: {"cur_iter": "107", "eta": "0:06:27", "split": "test_iter", "time_diff": 1.36547}
[06/27 14:25:57][INFO] logging.py:   99: json_stats: {"cur_iter": "108", "eta": "0:06:24", "split": "test_iter", "time_diff": 1.36027}
[06/27 14:26:02][INFO] logging.py:   99: json_stats: {"cur_iter": "109", "eta": "0:23:42", "split": "test_iter", "time_diff": 5.04314}
[06/27 14:26:08][INFO] logging.py:   99: json_stats: {"cur_iter": "110", "eta": "0:25:57", "split": "test_iter", "time_diff": 5.54369}
[06/27 14:26:09][INFO] logging.py:   99: json_stats: {"cur_iter": "111", "eta": "0:06:21", "split": "test_iter", "time_diff": 1.36098}
[06/27 14:26:11][INFO] logging.py:   99: json_stats: {"cur_iter": "112", "eta": "0:06:21", "split": "test_iter", "time_diff": 1.36597}
[06/27 14:26:27][INFO] logging.py:   99: json_stats: {"cur_iter": "113", "eta": "1:17:11", "split": "test_iter", "time_diff": 16.65907}
[06/27 14:26:42][INFO] logging.py:   99: json_stats: {"cur_iter": "114", "eta": "1:06:31", "split": "test_iter", "time_diff": 14.40898}
[06/27 14:26:43][INFO] logging.py:   99: json_stats: {"cur_iter": "115", "eta": "0:06:16", "split": "test_iter", "time_diff": 1.36510}
[06/27 14:26:44][INFO] logging.py:   99: json_stats: {"cur_iter": "116", "eta": "0:06:14", "split": "test_iter", "time_diff": 1.36171}
[06/27 14:26:50][INFO] logging.py:   99: json_stats: {"cur_iter": "117", "eta": "0:25:20", "split": "test_iter", "time_diff": 5.54839}
[06/27 14:26:51][INFO] logging.py:   99: json_stats: {"cur_iter": "118", "eta": "0:06:12", "split": "test_iter", "time_diff": 1.36385}
[06/27 14:26:53][INFO] logging.py:   99: json_stats: {"cur_iter": "119", "eta": "0:06:11", "split": "test_iter", "time_diff": 1.36492}
[06/27 14:26:54][INFO] logging.py:   99: json_stats: {"cur_iter": "120", "eta": "0:06:10", "split": "test_iter", "time_diff": 1.36694}
[06/27 14:27:32][INFO] logging.py:   99: json_stats: {"cur_iter": "121", "eta": "2:50:36", "split": "test_iter", "time_diff": 37.91348}
[06/27 14:27:33][INFO] logging.py:   99: json_stats: {"cur_iter": "122", "eta": "0:06:06", "split": "test_iter", "time_diff": 1.36275}
[06/27 14:27:35][INFO] logging.py:   99: json_stats: {"cur_iter": "123", "eta": "0:06:03", "split": "test_iter", "time_diff": 1.35621}
[06/27 14:27:36][INFO] logging.py:   99: json_stats: {"cur_iter": "124", "eta": "0:06:04", "split": "test_iter", "time_diff": 1.36502}
[06/27 14:27:37][INFO] logging.py:   99: json_stats: {"cur_iter": "125", "eta": "0:06:32", "split": "test_iter", "time_diff": 1.47664}
[06/27 14:27:39][INFO] logging.py:   99: json_stats: {"cur_iter": "126", "eta": "0:06:00", "split": "test_iter", "time_diff": 1.36205}
[06/27 14:27:40][INFO] logging.py:   99: json_stats: {"cur_iter": "127", "eta": "0:06:00", "split": "test_iter", "time_diff": 1.36550}
[06/27 14:27:42][INFO] logging.py:   99: json_stats: {"cur_iter": "128", "eta": "0:05:59", "split": "test_iter", "time_diff": 1.36607}
[06/27 14:28:21][INFO] logging.py:   99: json_stats: {"cur_iter": "129", "eta": "2:52:59", "split": "test_iter", "time_diff": 39.61667}
[06/27 14:28:23][INFO] logging.py:   99: json_stats: {"cur_iter": "130", "eta": "0:07:03", "split": "test_iter", "time_diff": 1.62128}
[06/27 14:28:24][INFO] logging.py:   99: json_stats: {"cur_iter": "131", "eta": "0:05:56", "split": "test_iter", "time_diff": 1.37015}
[06/27 14:28:26][INFO] logging.py:   99: json_stats: {"cur_iter": "132", "eta": "0:05:52", "split": "test_iter", "time_diff": 1.36179}
[06/27 14:28:27][INFO] logging.py:   99: json_stats: {"cur_iter": "133", "eta": "0:05:53", "split": "test_iter", "time_diff": 1.36948}
[06/27 14:28:28][INFO] logging.py:   99: json_stats: {"cur_iter": "134", "eta": "0:05:50", "split": "test_iter", "time_diff": 1.36224}
[06/27 14:28:30][INFO] logging.py:   99: json_stats: {"cur_iter": "135", "eta": "0:05:49", "split": "test_iter", "time_diff": 1.36398}
[06/27 14:28:31][INFO] logging.py:   99: json_stats: {"cur_iter": "136", "eta": "0:05:48", "split": "test_iter", "time_diff": 1.36519}
[06/27 14:28:42][INFO] logging.py:   99: json_stats: {"cur_iter": "137", "eta": "0:46:36", "split": "test_iter", "time_diff": 11.01146}
[06/27 14:29:01][INFO] logging.py:   99: json_stats: {"cur_iter": "138", "eta": "1:18:16", "split": "test_iter", "time_diff": 18.56129}
[06/27 14:29:13][INFO] logging.py:   99: json_stats: {"cur_iter": "139", "eta": "0:53:26", "split": "test_iter", "time_diff": 12.72293}
[06/27 14:29:15][INFO] logging.py:   99: json_stats: {"cur_iter": "140", "eta": "0:05:41", "split": "test_iter", "time_diff": 1.35868}
[06/27 14:29:17][INFO] logging.py:   99: json_stats: {"cur_iter": "141", "eta": "0:09:30", "split": "test_iter", "time_diff": 2.28269}
[06/27 14:29:18][INFO] logging.py:   99: json_stats: {"cur_iter": "142", "eta": "0:05:40", "split": "test_iter", "time_diff": 1.36726}
[06/27 14:29:20][INFO] logging.py:   99: json_stats: {"cur_iter": "143", "eta": "0:05:39", "split": "test_iter", "time_diff": 1.36765}
[06/27 14:29:21][INFO] logging.py:   99: json_stats: {"cur_iter": "144", "eta": "0:05:37", "split": "test_iter", "time_diff": 1.36726}
[06/27 14:29:38][INFO] logging.py:   99: json_stats: {"cur_iter": "145", "eta": "1:10:38", "split": "test_iter", "time_diff": 17.22937}
[06/27 14:29:47][INFO] logging.py:   99: json_stats: {"cur_iter": "146", "eta": "0:36:54", "split": "test_iter", "time_diff": 9.04080}
[06/27 14:29:59][INFO] logging.py:   99: json_stats: {"cur_iter": "147", "eta": "0:48:32", "split": "test_iter", "time_diff": 11.93480}
[06/27 14:30:01][INFO] logging.py:   99: json_stats: {"cur_iter": "148", "eta": "0:05:30", "split": "test_iter", "time_diff": 1.36130}
[06/27 14:30:02][INFO] logging.py:   99: json_stats: {"cur_iter": "149", "eta": "0:05:29", "split": "test_iter", "time_diff": 1.36102}
[06/27 14:30:03][INFO] logging.py:   99: json_stats: {"cur_iter": "150", "eta": "0:05:28", "split": "test_iter", "time_diff": 1.36453}
[06/27 14:30:05][INFO] logging.py:   99: json_stats: {"cur_iter": "151", "eta": "0:05:27", "split": "test_iter", "time_diff": 1.36490}
[06/27 14:30:06][INFO] logging.py:   99: json_stats: {"cur_iter": "152", "eta": "0:05:29", "split": "test_iter", "time_diff": 1.37953}
[06/27 14:30:25][INFO] logging.py:   99: json_stats: {"cur_iter": "153", "eta": "1:15:46", "split": "test_iter", "time_diff": 19.10289}
[06/27 14:30:35][INFO] logging.py:   99: json_stats: {"cur_iter": "154", "eta": "0:39:14", "split": "test_iter", "time_diff": 9.93390}
[06/27 14:30:47][INFO] logging.py:   99: json_stats: {"cur_iter": "155", "eta": "0:46:03", "split": "test_iter", "time_diff": 11.71020}
[06/27 14:30:48][INFO] logging.py:   99: json_stats: {"cur_iter": "156", "eta": "0:05:19", "split": "test_iter", "time_diff": 1.36126}
[06/27 14:30:50][INFO] logging.py:   99: json_stats: {"cur_iter": "157", "eta": "0:05:18", "split": "test_iter", "time_diff": 1.36018}
[06/27 14:30:51][INFO] logging.py:   99: json_stats: {"cur_iter": "158", "eta": "0:05:17", "split": "test_iter", "time_diff": 1.36333}
[06/27 14:30:52][INFO] logging.py:   99: json_stats: {"cur_iter": "159", "eta": "0:05:16", "split": "test_iter", "time_diff": 1.36387}
[06/27 14:30:54][INFO] logging.py:   99: json_stats: {"cur_iter": "160", "eta": "0:05:14", "split": "test_iter", "time_diff": 1.36111}
[06/27 14:31:12][INFO] logging.py:   99: json_stats: {"cur_iter": "161", "eta": "1:09:40", "split": "test_iter", "time_diff": 18.17489}
[06/27 14:31:29][INFO] logging.py:   99: json_stats: {"cur_iter": "162", "eta": "1:04:12", "split": "test_iter", "time_diff": 16.82174}
[06/27 14:31:36][INFO] logging.py:   99: json_stats: {"cur_iter": "163", "eta": "0:27:55", "split": "test_iter", "time_diff": 7.34985}
[06/27 14:31:37][INFO] logging.py:   99: json_stats: {"cur_iter": "164", "eta": "0:05:07", "split": "test_iter", "time_diff": 1.35627}
[06/27 14:31:39][INFO] logging.py:   99: json_stats: {"cur_iter": "165", "eta": "0:05:07", "split": "test_iter", "time_diff": 1.36247}
[06/27 14:31:40][INFO] logging.py:   99: json_stats: {"cur_iter": "166", "eta": "0:05:06", "split": "test_iter", "time_diff": 1.36007}
[06/27 14:31:41][INFO] logging.py:   99: json_stats: {"cur_iter": "167", "eta": "0:05:05", "split": "test_iter", "time_diff": 1.36283}
[06/27 14:31:43][INFO] logging.py:   99: json_stats: {"cur_iter": "168", "eta": "0:05:04", "split": "test_iter", "time_diff": 1.36431}
[06/27 14:31:56][INFO] logging.py:   99: json_stats: {"cur_iter": "169", "eta": "0:48:35", "split": "test_iter", "time_diff": 13.13293}
[06/27 14:32:13][INFO] logging.py:   99: json_stats: {"cur_iter": "170", "eta": "1:02:53", "split": "test_iter", "time_diff": 17.07529}
[06/27 14:32:19][INFO] logging.py:   99: json_stats: {"cur_iter": "171", "eta": "0:20:49", "split": "test_iter", "time_diff": 5.67753}
[06/27 14:32:20][INFO] logging.py:   99: json_stats: {"cur_iter": "172", "eta": "0:04:57", "split": "test_iter", "time_diff": 1.35952}
[06/27 14:32:29][INFO] logging.py:   99: json_stats: {"cur_iter": "173", "eta": "0:31:25", "split": "test_iter", "time_diff": 8.64906}
[06/27 14:32:30][INFO] logging.py:   99: json_stats: {"cur_iter": "174", "eta": "0:04:55", "split": "test_iter", "time_diff": 1.36289}
[06/27 14:32:31][INFO] logging.py:   99: json_stats: {"cur_iter": "175", "eta": "0:04:55", "split": "test_iter", "time_diff": 1.36651}
[06/27 14:32:33][INFO] logging.py:   99: json_stats: {"cur_iter": "176", "eta": "0:04:55", "split": "test_iter", "time_diff": 1.37384}
[06/27 14:32:37][INFO] logging.py:   99: json_stats: {"cur_iter": "177", "eta": "0:14:29", "split": "test_iter", "time_diff": 4.06163}
[06/27 14:33:05][INFO] logging.py:   99: json_stats: {"cur_iter": "178", "eta": "1:39:43", "split": "test_iter", "time_diff": 28.09054}
[06/27 14:33:16][INFO] logging.py:   99: json_stats: {"cur_iter": "179", "eta": "0:37:12", "split": "test_iter", "time_diff": 10.53191}
[06/27 14:33:17][INFO] logging.py:   99: json_stats: {"cur_iter": "180", "eta": "0:04:46", "split": "test_iter", "time_diff": 1.35895}
[06/27 14:33:18][INFO] logging.py:   99: json_stats: {"cur_iter": "181", "eta": "0:04:45", "split": "test_iter", "time_diff": 1.36024}
[06/27 14:33:20][INFO] logging.py:   99: json_stats: {"cur_iter": "182", "eta": "0:04:45", "split": "test_iter", "time_diff": 1.36443}
[06/27 14:33:21][INFO] logging.py:   99: json_stats: {"cur_iter": "183", "eta": "0:04:44", "split": "test_iter", "time_diff": 1.36866}
[06/27 14:33:22][INFO] logging.py:   99: json_stats: {"cur_iter": "184", "eta": "0:04:42", "split": "test_iter", "time_diff": 1.36296}
[06/27 14:33:24][INFO] logging.py:   99: json_stats: {"cur_iter": "185", "eta": "0:06:41", "split": "test_iter", "time_diff": 1.94830}
[06/27 14:33:55][INFO] logging.py:   99: json_stats: {"cur_iter": "186", "eta": "1:44:17", "split": "test_iter", "time_diff": 30.52369}
[06/27 14:34:04][INFO] logging.py:   99: json_stats: {"cur_iter": "187", "eta": "0:30:59", "split": "test_iter", "time_diff": 9.11568}
[06/27 14:34:05][INFO] logging.py:   99: json_stats: {"cur_iter": "188", "eta": "0:04:35", "split": "test_iter", "time_diff": 1.35896}
[06/27 14:34:07][INFO] logging.py:   99: json_stats: {"cur_iter": "189", "eta": "0:04:37", "split": "test_iter", "time_diff": 1.37302}
[06/27 14:34:08][INFO] logging.py:   99: json_stats: {"cur_iter": "190", "eta": "0:04:34", "split": "test_iter", "time_diff": 1.36461}
[06/27 14:34:09][INFO] logging.py:   99: json_stats: {"cur_iter": "191", "eta": "0:04:32", "split": "test_iter", "time_diff": 1.36493}
[06/27 14:34:11][INFO] logging.py:   99: json_stats: {"cur_iter": "192", "eta": "0:04:31", "split": "test_iter", "time_diff": 1.36488}
[06/27 14:34:14][INFO] logging.py:   99: json_stats: {"cur_iter": "193", "eta": "0:11:42", "split": "test_iter", "time_diff": 3.54574}
[06/27 14:34:42][INFO] logging.py:   99: json_stats: {"cur_iter": "194", "eta": "1:30:46", "split": "test_iter", "time_diff": 27.64753}
[06/27 14:34:51][INFO] logging.py:   99: json_stats: {"cur_iter": "195", "eta": "0:30:34", "split": "test_iter", "time_diff": 9.35829}
[06/27 14:34:53][INFO] logging.py:   99: json_stats: {"cur_iter": "196", "eta": "0:04:26", "split": "test_iter", "time_diff": 1.36539}
[06/27 14:34:54][INFO] logging.py:   99: json_stats: {"cur_iter": "197", "eta": "0:04:24", "split": "test_iter", "time_diff": 1.36119}
[06/27 14:34:55][INFO] logging.py:   99: json_stats: {"cur_iter": "198", "eta": "0:04:23", "split": "test_iter", "time_diff": 1.36304}
[06/27 14:34:57][INFO] logging.py:   99: json_stats: {"cur_iter": "199", "eta": "0:04:22", "split": "test_iter", "time_diff": 1.36493}
[06/27 14:34:58][INFO] logging.py:   99: json_stats: {"cur_iter": "200", "eta": "0:04:20", "split": "test_iter", "time_diff": 1.36328}
[06/27 14:35:02][INFO] logging.py:   99: json_stats: {"cur_iter": "201", "eta": "0:13:13", "split": "test_iter", "time_diff": 4.17861}
[06/27 14:35:30][INFO] logging.py:   99: json_stats: {"cur_iter": "202", "eta": "1:26:41", "split": "test_iter", "time_diff": 27.52120}
[06/27 14:35:40][INFO] logging.py:   99: json_stats: {"cur_iter": "203", "eta": "0:33:13", "split": "test_iter", "time_diff": 10.60204}
[06/27 14:35:42][INFO] logging.py:   99: json_stats: {"cur_iter": "204", "eta": "0:04:16", "split": "test_iter", "time_diff": 1.37316}
[06/27 14:35:43][INFO] logging.py:   99: json_stats: {"cur_iter": "205", "eta": "0:04:13", "split": "test_iter", "time_diff": 1.36439}
[06/27 14:35:45][INFO] logging.py:   99: json_stats: {"cur_iter": "206", "eta": "0:04:13", "split": "test_iter", "time_diff": 1.36800}
[06/27 14:35:46][INFO] logging.py:   99: json_stats: {"cur_iter": "207", "eta": "0:04:10", "split": "test_iter", "time_diff": 1.36108}
[06/27 14:35:47][INFO] logging.py:   99: json_stats: {"cur_iter": "208", "eta": "0:04:09", "split": "test_iter", "time_diff": 1.36444}
[06/27 14:35:49][INFO] logging.py:   99: json_stats: {"cur_iter": "209", "eta": "0:05:10", "split": "test_iter", "time_diff": 1.70410}
[06/27 14:36:16][INFO] logging.py:   99: json_stats: {"cur_iter": "210", "eta": "1:21:56", "split": "test_iter", "time_diff": 27.16539}
[06/27 14:36:28][INFO] logging.py:   99: json_stats: {"cur_iter": "211", "eta": "0:36:33", "split": "test_iter", "time_diff": 12.18449}
[06/27 14:36:30][INFO] logging.py:   99: json_stats: {"cur_iter": "212", "eta": "0:04:03", "split": "test_iter", "time_diff": 1.35889}
[06/27 14:36:31][INFO] logging.py:   99: json_stats: {"cur_iter": "213", "eta": "0:04:01", "split": "test_iter", "time_diff": 1.35636}
[06/27 14:36:32][INFO] logging.py:   99: json_stats: {"cur_iter": "214", "eta": "0:04:00", "split": "test_iter", "time_diff": 1.36021}
[06/27 14:36:34][INFO] logging.py:   99: json_stats: {"cur_iter": "215", "eta": "0:04:01", "split": "test_iter", "time_diff": 1.37143}
[06/27 14:36:35][INFO] logging.py:   99: json_stats: {"cur_iter": "216", "eta": "0:03:58", "split": "test_iter", "time_diff": 1.36289}
[06/27 14:36:37][INFO] logging.py:   99: json_stats: {"cur_iter": "217", "eta": "0:03:57", "split": "test_iter", "time_diff": 1.36425}
[06/27 14:37:04][INFO] logging.py:   99: json_stats: {"cur_iter": "218", "eta": "1:20:20", "split": "test_iter", "time_diff": 27.86612}
[06/27 14:37:15][INFO] logging.py:   99: json_stats: {"cur_iter": "219", "eta": "0:29:03", "split": "test_iter", "time_diff": 10.13486}
[06/27 14:37:16][INFO] logging.py:   99: json_stats: {"cur_iter": "220", "eta": "0:03:52", "split": "test_iter", "time_diff": 1.35804}
[06/27 14:37:19][INFO] logging.py:   99: json_stats: {"cur_iter": "221", "eta": "0:10:03", "split": "test_iter", "time_diff": 3.54840}
[06/27 14:37:21][INFO] logging.py:   99: json_stats: {"cur_iter": "222", "eta": "0:03:50", "split": "test_iter", "time_diff": 1.36120}
[06/27 14:37:22][INFO] logging.py:   99: json_stats: {"cur_iter": "223", "eta": "0:03:48", "split": "test_iter", "time_diff": 1.35992}
[06/27 14:37:24][INFO] logging.py:   99: json_stats: {"cur_iter": "224", "eta": "0:03:48", "split": "test_iter", "time_diff": 1.36628}
[06/27 14:37:25][INFO] logging.py:   99: json_stats: {"cur_iter": "225", "eta": "0:03:46", "split": "test_iter", "time_diff": 1.36549}
[06/27 14:37:54][INFO] logging.py:   99: json_stats: {"cur_iter": "226", "eta": "1:18:44", "split": "test_iter", "time_diff": 28.63587}
[06/27 14:38:05][INFO] logging.py:   99: json_stats: {"cur_iter": "227", "eta": "0:30:25", "split": "test_iter", "time_diff": 11.13216}
[06/27 14:38:06][INFO] logging.py:   99: json_stats: {"cur_iter": "228", "eta": "0:03:41", "split": "test_iter", "time_diff": 1.36029}
[06/27 14:38:12][INFO] logging.py:   99: json_stats: {"cur_iter": "229", "eta": "0:16:08", "split": "test_iter", "time_diff": 5.97664}
[06/27 14:38:13][INFO] logging.py:   99: json_stats: {"cur_iter": "230", "eta": "0:03:39", "split": "test_iter", "time_diff": 1.36242}
[06/27 14:38:15][INFO] logging.py:   99: json_stats: {"cur_iter": "231", "eta": "0:03:38", "split": "test_iter", "time_diff": 1.36785}
[06/27 14:38:16][INFO] logging.py:   99: json_stats: {"cur_iter": "232", "eta": "0:03:36", "split": "test_iter", "time_diff": 1.36156}
[06/27 14:38:18][INFO] logging.py:   99: json_stats: {"cur_iter": "233", "eta": "0:03:36", "split": "test_iter", "time_diff": 1.36911}
[06/27 14:38:40][INFO] logging.py:   99: json_stats: {"cur_iter": "234", "eta": "0:58:18", "split": "test_iter", "time_diff": 22.28314}
[06/27 14:38:53][INFO] logging.py:   99: json_stats: {"cur_iter": "235", "eta": "0:33:23", "split": "test_iter", "time_diff": 12.84526}
[06/27 14:38:54][INFO] logging.py:   99: json_stats: {"cur_iter": "236", "eta": "0:03:30", "split": "test_iter", "time_diff": 1.35685}
[06/27 14:38:56][INFO] logging.py:   99: json_stats: {"cur_iter": "237", "eta": "0:06:20", "split": "test_iter", "time_diff": 2.47148}
[06/27 14:38:58][INFO] logging.py:   99: json_stats: {"cur_iter": "238", "eta": "0:03:27", "split": "test_iter", "time_diff": 1.35913}
[06/27 14:38:59][INFO] logging.py:   99: json_stats: {"cur_iter": "239", "eta": "0:03:27", "split": "test_iter", "time_diff": 1.36558}
[06/27 14:39:01][INFO] logging.py:   99: json_stats: {"cur_iter": "240", "eta": "0:03:26", "split": "test_iter", "time_diff": 1.36477}
[06/27 14:39:04][INFO] logging.py:   99: json_stats: {"cur_iter": "241", "eta": "0:08:12", "split": "test_iter", "time_diff": 3.28298}
[06/27 14:39:29][INFO] logging.py:   99: json_stats: {"cur_iter": "242", "eta": "1:01:23", "split": "test_iter", "time_diff": 24.71853}
[06/27 14:39:40][INFO] logging.py:   99: json_stats: {"cur_iter": "243", "eta": "0:27:06", "split": "test_iter", "time_diff": 10.99179}
[06/27 14:39:41][INFO] logging.py:   99: json_stats: {"cur_iter": "244", "eta": "0:03:20", "split": "test_iter", "time_diff": 1.36282}
[06/27 14:39:47][INFO] logging.py:   99: json_stats: {"cur_iter": "245", "eta": "0:14:37", "split": "test_iter", "time_diff": 6.00831}
[06/27 14:39:48][INFO] logging.py:   99: json_stats: {"cur_iter": "246", "eta": "0:03:17", "split": "test_iter", "time_diff": 1.36074}
[06/27 14:39:50][INFO] logging.py:   99: json_stats: {"cur_iter": "247", "eta": "0:03:16", "split": "test_iter", "time_diff": 1.36458}
[06/27 14:39:51][INFO] logging.py:   99: json_stats: {"cur_iter": "248", "eta": "0:03:15", "split": "test_iter", "time_diff": 1.36453}
[06/27 14:39:52][INFO] logging.py:   99: json_stats: {"cur_iter": "249", "eta": "0:03:13", "split": "test_iter", "time_diff": 1.36503}
[06/27 14:40:14][INFO] logging.py:   99: json_stats: {"cur_iter": "250", "eta": "0:50:12", "split": "test_iter", "time_diff": 21.36280}
[06/27 14:40:29][INFO] logging.py:   99: json_stats: {"cur_iter": "251", "eta": "0:36:28", "split": "test_iter", "time_diff": 15.63031}
[06/27 14:40:31][INFO] logging.py:   99: json_stats: {"cur_iter": "252", "eta": "0:03:09", "split": "test_iter", "time_diff": 1.36133}
[06/27 14:40:50][INFO] logging.py:   99: json_stats: {"cur_iter": "253", "eta": "0:43:56", "split": "test_iter", "time_diff": 19.10761}
[06/27 14:40:51][INFO] logging.py:   99: json_stats: {"cur_iter": "254", "eta": "0:03:06", "split": "test_iter", "time_diff": 1.36116}
[06/27 14:40:53][INFO] logging.py:   99: json_stats: {"cur_iter": "255", "eta": "0:03:05", "split": "test_iter", "time_diff": 1.36052}
[06/27 14:40:54][INFO] logging.py:   99: json_stats: {"cur_iter": "256", "eta": "0:03:03", "split": "test_iter", "time_diff": 1.36022}
[06/27 14:40:55][INFO] logging.py:   99: json_stats: {"cur_iter": "257", "eta": "0:03:02", "split": "test_iter", "time_diff": 1.36471}
[06/27 14:41:03][INFO] logging.py:   99: json_stats: {"cur_iter": "258", "eta": "0:17:40", "split": "test_iter", "time_diff": 7.97204}
[06/27 14:41:22][INFO] logging.py:   99: json_stats: {"cur_iter": "259", "eta": "0:41:11", "split": "test_iter", "time_diff": 18.72005}
[06/27 14:41:23][INFO] logging.py:   99: json_stats: {"cur_iter": "260", "eta": "0:02:58", "split": "test_iter", "time_diff": 1.36556}
[06/27 14:41:37][INFO] logging.py:   99: json_stats: {"cur_iter": "261", "eta": "0:30:07", "split": "test_iter", "time_diff": 13.90751}
[06/27 14:41:39][INFO] logging.py:   99: json_stats: {"cur_iter": "262", "eta": "0:02:57", "split": "test_iter", "time_diff": 1.37500}
[06/27 14:41:40][INFO] logging.py:   99: json_stats: {"cur_iter": "263", "eta": "0:02:54", "split": "test_iter", "time_diff": 1.36171}
[06/27 14:41:41][INFO] logging.py:   99: json_stats: {"cur_iter": "264", "eta": "0:02:52", "split": "test_iter", "time_diff": 1.36098}
[06/27 14:41:43][INFO] logging.py:   99: json_stats: {"cur_iter": "265", "eta": "0:02:51", "split": "test_iter", "time_diff": 1.36269}
[06/27 14:41:49][INFO] logging.py:   99: json_stats: {"cur_iter": "266", "eta": "0:12:48", "split": "test_iter", "time_diff": 6.14817}
[06/27 14:42:11][INFO] logging.py:   99: json_stats: {"cur_iter": "267", "eta": "0:46:07", "split": "test_iter", "time_diff": 22.31959}
[06/27 14:42:13][INFO] logging.py:   99: json_stats: {"cur_iter": "268", "eta": "0:02:47", "split": "test_iter", "time_diff": 1.36050}
[06/27 14:42:47][INFO] logging.py:   99: json_stats: {"cur_iter": "269", "eta": "1:09:03", "split": "test_iter", "time_diff": 33.96059}
[06/27 14:42:48][INFO] logging.py:   99: json_stats: {"cur_iter": "270", "eta": "0:02:45", "split": "test_iter", "time_diff": 1.36589}
[06/27 14:42:49][INFO] logging.py:   99: json_stats: {"cur_iter": "271", "eta": "0:02:43", "split": "test_iter", "time_diff": 1.35912}
[06/27 14:42:51][INFO] logging.py:   99: json_stats: {"cur_iter": "272", "eta": "0:02:41", "split": "test_iter", "time_diff": 1.36083}
[06/27 14:42:52][INFO] logging.py:   99: json_stats: {"cur_iter": "273", "eta": "0:02:41", "split": "test_iter", "time_diff": 1.36594}
[06/27 14:42:53][INFO] logging.py:   99: json_stats: {"cur_iter": "274", "eta": "0:02:40", "split": "test_iter", "time_diff": 1.37593}
[06/27 14:42:59][INFO] logging.py:   99: json_stats: {"cur_iter": "275", "eta": "0:10:06", "split": "test_iter", "time_diff": 5.22450}
[06/27 14:43:00][INFO] logging.py:   99: json_stats: {"cur_iter": "276", "eta": "0:02:36", "split": "test_iter", "time_diff": 1.36408}
[06/27 14:43:05][INFO] logging.py:   99: json_stats: {"cur_iter": "277", "eta": "0:09:54", "split": "test_iter", "time_diff": 5.21554}
[06/27 14:43:07][INFO] logging.py:   99: json_stats: {"cur_iter": "278", "eta": "0:02:34", "split": "test_iter", "time_diff": 1.36330}
[06/27 14:43:08][INFO] logging.py:   99: json_stats: {"cur_iter": "279", "eta": "0:02:33", "split": "test_iter", "time_diff": 1.36880}
[06/27 14:43:09][INFO] logging.py:   99: json_stats: {"cur_iter": "280", "eta": "0:02:31", "split": "test_iter", "time_diff": 1.36524}
[06/27 14:43:16][INFO] logging.py:   99: json_stats: {"cur_iter": "281", "eta": "0:12:59", "split": "test_iter", "time_diff": 7.08187}
[06/27 14:43:22][INFO] logging.py:   99: json_stats: {"cur_iter": "282", "eta": "0:11:05", "split": "test_iter", "time_diff": 6.10842}
[06/27 14:43:45][INFO] logging.py:   99: json_stats: {"cur_iter": "283", "eta": "0:40:33", "split": "test_iter", "time_diff": 22.53135}
[06/27 14:43:46][INFO] logging.py:   99: json_stats: {"cur_iter": "284", "eta": "0:02:25", "split": "test_iter", "time_diff": 1.36019}
[06/27 14:43:54][INFO] logging.py:   99: json_stats: {"cur_iter": "285", "eta": "0:12:49", "split": "test_iter", "time_diff": 7.26196}
[06/27 14:43:55][INFO] logging.py:   99: json_stats: {"cur_iter": "286", "eta": "0:02:22", "split": "test_iter", "time_diff": 1.35938}
[06/27 14:43:56][INFO] logging.py:   99: json_stats: {"cur_iter": "287", "eta": "0:02:22", "split": "test_iter", "time_diff": 1.36876}
[06/27 14:43:58][INFO] logging.py:   99: json_stats: {"cur_iter": "288", "eta": "0:02:20", "split": "test_iter", "time_diff": 1.36741}
[06/27 14:44:06][INFO] logging.py:   99: json_stats: {"cur_iter": "289", "eta": "0:13:24", "split": "test_iter", "time_diff": 7.88295}
[06/27 14:44:10][INFO] logging.py:   99: json_stats: {"cur_iter": "290", "eta": "0:07:27", "split": "test_iter", "time_diff": 4.43268}
[06/27 14:44:34][INFO] logging.py:   99: json_stats: {"cur_iter": "291", "eta": "0:39:46", "split": "test_iter", "time_diff": 23.86593}
[06/27 14:44:35][INFO] logging.py:   99: json_stats: {"cur_iter": "292", "eta": "0:02:14", "split": "test_iter", "time_diff": 1.36088}
[06/27 14:44:37][INFO] logging.py:   99: json_stats: {"cur_iter": "293", "eta": "0:02:13", "split": "test_iter", "time_diff": 1.36027}
[06/27 14:44:38][INFO] logging.py:   99: json_stats: {"cur_iter": "294", "eta": "0:02:12", "split": "test_iter", "time_diff": 1.36537}
[06/27 14:44:40][INFO] logging.py:   99: json_stats: {"cur_iter": "295", "eta": "0:02:25", "split": "test_iter", "time_diff": 1.51142}
[06/27 14:44:41][INFO] logging.py:   99: json_stats: {"cur_iter": "296", "eta": "0:02:11", "split": "test_iter", "time_diff": 1.37910}
[06/27 14:44:53][INFO] logging.py:   99: json_stats: {"cur_iter": "297", "eta": "0:18:20", "split": "test_iter", "time_diff": 11.71053}
[06/27 14:44:55][INFO] logging.py:   99: json_stats: {"cur_iter": "298", "eta": "0:03:55", "split": "test_iter", "time_diff": 2.53375}
[06/27 14:45:19][INFO] logging.py:   99: json_stats: {"cur_iter": "299", "eta": "0:35:53", "split": "test_iter", "time_diff": 23.40850}
[06/27 14:45:20][INFO] logging.py:   99: json_stats: {"cur_iter": "300", "eta": "0:02:03", "split": "test_iter", "time_diff": 1.36241}
[06/27 14:45:21][INFO] logging.py:   99: json_stats: {"cur_iter": "301", "eta": "0:02:06", "split": "test_iter", "time_diff": 1.40939}
[06/27 14:45:23][INFO] logging.py:   99: json_stats: {"cur_iter": "302", "eta": "0:02:06", "split": "test_iter", "time_diff": 1.42189}
[06/27 14:45:36][INFO] logging.py:   99: json_stats: {"cur_iter": "303", "eta": "0:19:46", "split": "test_iter", "time_diff": 13.47936}
[06/27 14:45:38][INFO] logging.py:   99: json_stats: {"cur_iter": "304", "eta": "0:01:58", "split": "test_iter", "time_diff": 1.36430}
[06/27 14:45:46][INFO] logging.py:   99: json_stats: {"cur_iter": "305", "eta": "0:12:04", "split": "test_iter", "time_diff": 8.42215}
[06/27 14:45:47][INFO] logging.py:   99: json_stats: {"cur_iter": "306", "eta": "0:01:56", "split": "test_iter", "time_diff": 1.36699}
[06/27 14:46:06][INFO] logging.py:   99: json_stats: {"cur_iter": "307", "eta": "0:26:05", "split": "test_iter", "time_diff": 18.63228}
[06/27 14:46:07][INFO] logging.py:   99: json_stats: {"cur_iter": "308", "eta": "0:01:52", "split": "test_iter", "time_diff": 1.36120}
[06/27 14:46:09][INFO] logging.py:   99: json_stats: {"cur_iter": "309", "eta": "0:01:51", "split": "test_iter", "time_diff": 1.36383}
[06/27 14:46:10][INFO] logging.py:   99: json_stats: {"cur_iter": "310", "eta": "0:01:50", "split": "test_iter", "time_diff": 1.36597}
[06/27 14:46:27][INFO] logging.py:   99: json_stats: {"cur_iter": "311", "eta": "0:21:54", "split": "test_iter", "time_diff": 16.42684}
[06/27 14:46:28][INFO] logging.py:   99: json_stats: {"cur_iter": "312", "eta": "0:01:47", "split": "test_iter", "time_diff": 1.36122}
[06/27 14:46:34][INFO] logging.py:   99: json_stats: {"cur_iter": "313", "eta": "0:08:26", "split": "test_iter", "time_diff": 6.48720}
[06/27 14:46:36][INFO] logging.py:   99: json_stats: {"cur_iter": "314", "eta": "0:01:44", "split": "test_iter", "time_diff": 1.36234}
[06/27 14:46:55][INFO] logging.py:   99: json_stats: {"cur_iter": "315", "eta": "0:23:46", "split": "test_iter", "time_diff": 18.76346}
[06/27 14:46:56][INFO] logging.py:   99: json_stats: {"cur_iter": "316", "eta": "0:01:42", "split": "test_iter", "time_diff": 1.36132}
[06/27 14:46:57][INFO] logging.py:   99: json_stats: {"cur_iter": "317", "eta": "0:01:40", "split": "test_iter", "time_diff": 1.36327}
[06/27 14:46:59][INFO] logging.py:   99: json_stats: {"cur_iter": "318", "eta": "0:01:39", "split": "test_iter", "time_diff": 1.36289}
[06/27 14:47:13][INFO] logging.py:   99: json_stats: {"cur_iter": "319", "eta": "0:17:11", "split": "test_iter", "time_diff": 14.32249}
[06/27 14:47:14][INFO] logging.py:   99: json_stats: {"cur_iter": "320", "eta": "0:01:36", "split": "test_iter", "time_diff": 1.36458}
[06/27 14:47:22][INFO] logging.py:   99: json_stats: {"cur_iter": "321", "eta": "0:08:27", "split": "test_iter", "time_diff": 7.25464}
[06/27 14:47:23][INFO] logging.py:   99: json_stats: {"cur_iter": "322", "eta": "0:01:34", "split": "test_iter", "time_diff": 1.36928}
[06/27 14:47:48][INFO] logging.py:   99: json_stats: {"cur_iter": "323", "eta": "0:28:13", "split": "test_iter", "time_diff": 24.91014}
[06/27 14:47:49][INFO] logging.py:   99: json_stats: {"cur_iter": "324", "eta": "0:01:31", "split": "test_iter", "time_diff": 1.36562}
[06/27 14:47:51][INFO] logging.py:   99: json_stats: {"cur_iter": "325", "eta": "0:01:30", "split": "test_iter", "time_diff": 1.36567}
[06/27 14:47:52][INFO] logging.py:   99: json_stats: {"cur_iter": "326", "eta": "0:01:28", "split": "test_iter", "time_diff": 1.36269}
[06/27 14:47:59][INFO] logging.py:   99: json_stats: {"cur_iter": "327", "eta": "0:07:04", "split": "test_iter", "time_diff": 6.63612}
[06/27 14:48:00][INFO] logging.py:   99: json_stats: {"cur_iter": "328", "eta": "0:01:25", "split": "test_iter", "time_diff": 1.36289}
[06/27 14:48:06][INFO] logging.py:   99: json_stats: {"cur_iter": "329", "eta": "0:06:25", "split": "test_iter", "time_diff": 6.22528}
[06/27 14:48:08][INFO] logging.py:   99: json_stats: {"cur_iter": "330", "eta": "0:01:23", "split": "test_iter", "time_diff": 1.36345}
[06/27 14:48:36][INFO] logging.py:   99: json_stats: {"cur_iter": "331", "eta": "0:27:58", "split": "test_iter", "time_diff": 27.97946}
[06/27 14:48:37][INFO] logging.py:   99: json_stats: {"cur_iter": "332", "eta": "0:01:20", "split": "test_iter", "time_diff": 1.36128}
[06/27 14:48:38][INFO] logging.py:   99: json_stats: {"cur_iter": "333", "eta": "0:01:18", "split": "test_iter", "time_diff": 1.36022}
[06/27 14:48:40][INFO] logging.py:   99: json_stats: {"cur_iter": "334", "eta": "0:01:17", "split": "test_iter", "time_diff": 1.36486}
[06/27 14:48:52][INFO] logging.py:   99: json_stats: {"cur_iter": "335", "eta": "0:11:28", "split": "test_iter", "time_diff": 12.28948}
[06/27 14:48:53][INFO] logging.py:   99: json_stats: {"cur_iter": "336", "eta": "0:01:15", "split": "test_iter", "time_diff": 1.36429}
[06/27 14:49:01][INFO] logging.py:   99: json_stats: {"cur_iter": "337", "eta": "0:06:51", "split": "test_iter", "time_diff": 7.61565}
[06/27 14:49:02][INFO] logging.py:   99: json_stats: {"cur_iter": "338", "eta": "0:01:12", "split": "test_iter", "time_diff": 1.36762}
[06/27 14:49:27][INFO] logging.py:   99: json_stats: {"cur_iter": "339", "eta": "0:21:37", "split": "test_iter", "time_diff": 24.96146}
[06/27 14:49:29][INFO] logging.py:   99: json_stats: {"cur_iter": "340", "eta": "0:01:09", "split": "test_iter", "time_diff": 1.36215}
[06/27 14:49:30][INFO] logging.py:   99: json_stats: {"cur_iter": "341", "eta": "0:01:08", "split": "test_iter", "time_diff": 1.36241}
[06/27 14:49:31][INFO] logging.py:   99: json_stats: {"cur_iter": "342", "eta": "0:01:06", "split": "test_iter", "time_diff": 1.36310}
[06/27 14:49:34][INFO] logging.py:   99: json_stats: {"cur_iter": "343", "eta": "0:02:07", "split": "test_iter", "time_diff": 2.66538}
[06/27 14:49:35][INFO] logging.py:   99: json_stats: {"cur_iter": "344", "eta": "0:01:03", "split": "test_iter", "time_diff": 1.36141}
[06/27 14:49:54][INFO] logging.py:   99: json_stats: {"cur_iter": "345", "eta": "0:13:57", "split": "test_iter", "time_diff": 18.19931}
[06/27 14:49:55][INFO] logging.py:   99: json_stats: {"cur_iter": "346", "eta": "0:01:01", "split": "test_iter", "time_diff": 1.36170}
[06/27 14:50:21][INFO] logging.py:   99: json_stats: {"cur_iter": "347", "eta": "0:19:21", "split": "test_iter", "time_diff": 26.40184}
[06/27 14:50:23][INFO] logging.py:   99: json_stats: {"cur_iter": "348", "eta": "0:00:58", "split": "test_iter", "time_diff": 1.36526}
[06/27 14:50:24][INFO] logging.py:   99: json_stats: {"cur_iter": "349", "eta": "0:00:57", "split": "test_iter", "time_diff": 1.36295}
[06/27 14:50:25][INFO] logging.py:   99: json_stats: {"cur_iter": "350", "eta": "0:00:55", "split": "test_iter", "time_diff": 1.36037}
[06/27 14:50:31][INFO] logging.py:   99: json_stats: {"cur_iter": "351", "eta": "0:04:02", "split": "test_iter", "time_diff": 6.05304}
[06/27 14:50:33][INFO] logging.py:   99: json_stats: {"cur_iter": "352", "eta": "0:00:53", "split": "test_iter", "time_diff": 1.36266}
[06/27 14:50:37][INFO] logging.py:   99: json_stats: {"cur_iter": "353", "eta": "0:02:56", "split": "test_iter", "time_diff": 4.64855}
[06/27 14:50:39][INFO] logging.py:   99: json_stats: {"cur_iter": "354", "eta": "0:00:50", "split": "test_iter", "time_diff": 1.36243}
[06/27 14:51:10][INFO] logging.py:   99: json_stats: {"cur_iter": "355", "eta": "0:18:38", "split": "test_iter", "time_diff": 31.07722}
[06/27 14:51:11][INFO] logging.py:   99: json_stats: {"cur_iter": "356", "eta": "0:00:47", "split": "test_iter", "time_diff": 1.36030}
[06/27 14:51:13][INFO] logging.py:   99: json_stats: {"cur_iter": "357", "eta": "0:00:46", "split": "test_iter", "time_diff": 1.36081}
[06/27 14:51:14][INFO] logging.py:   99: json_stats: {"cur_iter": "358", "eta": "0:00:44", "split": "test_iter", "time_diff": 1.36038}
[06/27 14:51:35][INFO] logging.py:   99: json_stats: {"cur_iter": "359", "eta": "0:11:19", "split": "test_iter", "time_diff": 21.23163}
[06/27 14:51:37][INFO] logging.py:   99: json_stats: {"cur_iter": "360", "eta": "0:00:42", "split": "test_iter", "time_diff": 1.35998}
[06/27 14:51:38][INFO] logging.py:   99: json_stats: {"cur_iter": "361", "eta": "0:00:40", "split": "test_iter", "time_diff": 1.36207}
[06/27 14:51:39][INFO] logging.py:   99: json_stats: {"cur_iter": "362", "eta": "0:00:39", "split": "test_iter", "time_diff": 1.36705}
[06/27 14:52:00][INFO] logging.py:   99: json_stats: {"cur_iter": "363", "eta": "0:09:29", "split": "test_iter", "time_diff": 20.34877}
[06/27 14:52:01][INFO] logging.py:   99: json_stats: {"cur_iter": "364", "eta": "0:00:36", "split": "test_iter", "time_diff": 1.36633}
[06/27 14:52:02][INFO] logging.py:   99: json_stats: {"cur_iter": "365", "eta": "0:00:35", "split": "test_iter", "time_diff": 1.36125}
[06/27 14:52:04][INFO] logging.py:   99: json_stats: {"cur_iter": "366", "eta": "0:00:34", "split": "test_iter", "time_diff": 1.36571}
[06/27 14:52:22][INFO] logging.py:   99: json_stats: {"cur_iter": "367", "eta": "0:07:28", "split": "test_iter", "time_diff": 18.67515}
[06/27 14:52:24][INFO] logging.py:   99: json_stats: {"cur_iter": "368", "eta": "0:00:31", "split": "test_iter", "time_diff": 1.36313}
[06/27 14:52:25][INFO] logging.py:   99: json_stats: {"cur_iter": "369", "eta": "0:00:29", "split": "test_iter", "time_diff": 1.36270}
[06/27 14:52:27][INFO] logging.py:   99: json_stats: {"cur_iter": "370", "eta": "0:00:28", "split": "test_iter", "time_diff": 1.36517}
[06/27 14:52:48][INFO] logging.py:   99: json_stats: {"cur_iter": "371", "eta": "0:07:11", "split": "test_iter", "time_diff": 21.58787}
[06/27 14:52:50][INFO] logging.py:   99: json_stats: {"cur_iter": "372", "eta": "0:00:25", "split": "test_iter", "time_diff": 1.36349}
[06/27 14:52:51][INFO] logging.py:   99: json_stats: {"cur_iter": "373", "eta": "0:00:24", "split": "test_iter", "time_diff": 1.36994}
[06/27 14:52:52][INFO] logging.py:   99: json_stats: {"cur_iter": "374", "eta": "0:00:23", "split": "test_iter", "time_diff": 1.36449}
[06/27 14:53:08][INFO] logging.py:   99: json_stats: {"cur_iter": "375", "eta": "0:04:09", "split": "test_iter", "time_diff": 15.58359}
[06/27 14:53:09][INFO] logging.py:   99: json_stats: {"cur_iter": "376", "eta": "0:00:20", "split": "test_iter", "time_diff": 1.36177}
[06/27 14:53:11][INFO] logging.py:   99: json_stats: {"cur_iter": "377", "eta": "0:00:19", "split": "test_iter", "time_diff": 1.36132}
[06/27 14:53:12][INFO] logging.py:   99: json_stats: {"cur_iter": "378", "eta": "0:00:17", "split": "test_iter", "time_diff": 1.36079}
[06/27 14:53:35][INFO] logging.py:   99: json_stats: {"cur_iter": "379", "eta": "0:04:36", "split": "test_iter", "time_diff": 23.00151}
[06/27 14:53:36][INFO] logging.py:   99: json_stats: {"cur_iter": "380", "eta": "0:00:14", "split": "test_iter", "time_diff": 1.36141}
[06/27 14:53:38][INFO] logging.py:   99: json_stats: {"cur_iter": "381", "eta": "0:00:13", "split": "test_iter", "time_diff": 1.36078}
[06/27 14:53:39][INFO] logging.py:   99: json_stats: {"cur_iter": "382", "eta": "0:00:12", "split": "test_iter", "time_diff": 1.36003}
[06/27 14:53:52][INFO] logging.py:   99: json_stats: {"cur_iter": "383", "eta": "0:01:40", "split": "test_iter", "time_diff": 12.51449}
[06/27 14:53:53][INFO] logging.py:   99: json_stats: {"cur_iter": "384", "eta": "0:00:09", "split": "test_iter", "time_diff": 1.36124}
[06/27 14:53:54][INFO] logging.py:   99: json_stats: {"cur_iter": "385", "eta": "0:00:08", "split": "test_iter", "time_diff": 1.36024}
[06/27 14:53:56][INFO] logging.py:   99: json_stats: {"cur_iter": "386", "eta": "0:00:06", "split": "test_iter", "time_diff": 1.36087}
[06/27 14:54:13][INFO] logging.py:   99: json_stats: {"cur_iter": "387", "eta": "0:01:07", "split": "test_iter", "time_diff": 16.99098}
[06/27 14:54:14][INFO] logging.py:   99: json_stats: {"cur_iter": "388", "eta": "0:00:04", "split": "test_iter", "time_diff": 1.35954}
[06/27 14:54:15][INFO] logging.py:   99: json_stats: {"cur_iter": "389", "eta": "0:00:02", "split": "test_iter", "time_diff": 1.35970}
[06/27 14:54:16][INFO] logging.py:   99: json_stats: {"cur_iter": "390", "eta": "0:00:00", "split": "test_iter", "time_diff": 0.40150}
[06/27 14:54:16][INFO] test_net.py:  225: Successfully saved prediction results to /mnt/imslowfast/results/species_classification/mvitv2_overlapping_f=32_offset/mvitv2_overlapping_f=32_offset.pkl
[06/27 14:54:16][INFO] logging.py:   99: json_stats: {"split": "test_final", "top1_acc": "59.59", "top5_acc": "85.85"}
[06/27 14:54:16][INFO] test_net.py:  393: Finalized testing with 1 temporal clips and 1 spatial crops
[06/27 14:54:16][INFO] test_net.py:  413: _p34.28_f229.28_1a59.59 Top5 Acc: 85.85 MEM: 69.46 f: 229.2844
[06/27 14:54:16][INFO] test_net.py:  414: _p34.28_f229.28_1a59.59
